22.10.2025 16:42:35 Этот хост неизвестен. (www.ghb.by:80)
23.10.2025 18:13:03 An error occurred while sending the request.
30.10.2025 4:54:00 Этот хост неизвестен. (www.ghb.by:80)
{"HttpRequestError":1,"StatusCode":null,"Message":"Этот хост неизвестен. (www.ghb.by:80)","Data":{},"InnerException":{"ClassName":"System.Net.Sockets.SocketException","Message":"Этот хост неизвестен.","Data":null,"InnerException":null,"HelpURL":null,"StackTraceString":"   at System.Net.Sockets.Socket.AwaitableSocketAsyncEventArgs.ThrowException(SocketError error, CancellationToken cancellationToken)\r\n   at System.Net.Sockets.Socket.AwaitableSocketAsyncEventArgs.System.Threading.Tasks.Sources.IValueTaskSource.GetResult(Int16 token)\r\n   at System.Net.Sockets.Socket.<ConnectAsync>g__WaitForConnectWithCancellation|285_0(AwaitableSocketAsyncEventArgs saea, ValueTask connectTask, CancellationToken cancellationToken)\r\n   at System.Net.Http.HttpConnectionPool.ConnectToTcpHostAsync(String host, Int32 port, HttpRequestMessage initialRequest, Boolean async, CancellationToken cancellationToken)","RemoteStackTraceString":null,"RemoteStackIndex":0,"ExceptionMethod":null,"HResult":-2147467259,"Source":"System.Net.Sockets","WatsonBuckets":null,"NativeErrorCode":11001},"HelpLink":null,"Source":"System.Net.Http","HResult":-2147467259,"StackTrace":"   at System.Net.Http.HttpConnectionPool.ConnectToTcpHostAsync(String host, Int32 port, HttpRequestMessage initialRequest, Boolean async, CancellationToken cancellationToken)\r\n   at System.Net.Http.HttpConnectionPool.ConnectAsync(HttpRequestMessage request, Boolean async, CancellationToken cancellationToken)\r\n   at System.Net.Http.HttpConnectionPool.CreateHttp11ConnectionAsync(HttpRequestMessage request, Boolean async, CancellationToken cancellationToken)\r\n   at System.Net.Http.HttpConnectionPool.AddHttp11ConnectionAsync(QueueItem queueItem)\r\n   at System.Threading.Tasks.TaskCompletionSourceWithCancellation`1.WaitWithCancellationAsync(CancellationToken cancellationToken)\r\n   at System.Net.Http.HttpConnectionPool.SendWithVersionDetectionAndRetryAsync(HttpRequestMessage request, Boolean async, Boolean doRequestAuth, CancellationToken cancellationToken)\r\n   at System.Net.Http.RedirectHandler.SendAsync(HttpRequestMessage request, Boolean async, CancellationToken cancellationToken)\r\n   at System.Net.Http.HttpClient.<SendAsync>g__Core|83_0(HttpRequestMessage request, HttpCompletionOption completionOption, CancellationTokenSource cts, Boolean disposeCts, CancellationTokenSource pendingRequestsCts, CancellationToken originalCancellationToken)\r\n   at Program.Main() in C:\\Users\\zne\\source\\repos\\ConsoleApp1\\Program.cs:line 24"}
30.10.2025 5:04:00 Этот хост неизвестен. (www.ghb.by:80)
{"HttpRequestError":1,"StatusCode":null,"Message":"Этот хост неизвестен. (www.ghb.by:80)","Data":{},"InnerException":{"ClassName":"System.Net.Sockets.SocketException","Message":"Этот хост неизвестен.","Data":null,"InnerException":null,"HelpURL":null,"StackTraceString":"   at System.Net.Sockets.Socket.AwaitableSocketAsyncEventArgs.ThrowException(SocketError error, CancellationToken cancellationToken)\r\n   at System.Net.Sockets.Socket.AwaitableSocketAsyncEventArgs.System.Threading.Tasks.Sources.IValueTaskSource.GetResult(Int16 token)\r\n   at System.Net.Sockets.Socket.<ConnectAsync>g__WaitForConnectWithCancellation|285_0(AwaitableSocketAsyncEventArgs saea, ValueTask connectTask, CancellationToken cancellationToken)\r\n   at System.Net.Http.HttpConnectionPool.ConnectToTcpHostAsync(String host, Int32 port, HttpRequestMessage initialRequest, Boolean async, CancellationToken cancellationToken)","RemoteStackTraceString":null,"RemoteStackIndex":0,"ExceptionMethod":null,"HResult":-2147467259,"Source":"System.Net.Sockets","WatsonBuckets":null,"NativeErrorCode":11001},"HelpLink":null,"Source":"System.Net.Http","HResult":-2147467259,"StackTrace":"   at System.Net.Http.HttpConnectionPool.ConnectToTcpHostAsync(String host, Int32 port, HttpRequestMessage initialRequest, Boolean async, CancellationToken cancellationToken)\r\n   at System.Net.Http.HttpConnectionPool.ConnectAsync(HttpRequestMessage request, Boolean async, CancellationToken cancellationToken)\r\n   at System.Net.Http.HttpConnectionPool.CreateHttp11ConnectionAsync(HttpRequestMessage request, Boolean async, CancellationToken cancellationToken)\r\n   at System.Net.Http.HttpConnectionPool.AddHttp11ConnectionAsync(QueueItem queueItem)\r\n   at System.Threading.Tasks.TaskCompletionSourceWithCancellation`1.WaitWithCancellationAsync(CancellationToken cancellationToken)\r\n   at System.Net.Http.HttpConnectionPool.SendWithVersionDetectionAndRetryAsync(HttpRequestMessage request, Boolean async, Boolean doRequestAuth, CancellationToken cancellationToken)\r\n   at System.Net.Http.RedirectHandler.SendAsync(HttpRequestMessage request, Boolean async, CancellationToken cancellationToken)\r\n   at System.Net.Http.HttpClient.<SendAsync>g__Core|83_0(HttpRequestMessage request, HttpCompletionOption completionOption, CancellationTokenSource cts, Boolean disposeCts, CancellationTokenSource pendingRequestsCts, CancellationToken originalCancellationToken)\r\n   at Program.Main() in C:\\Users\\zne\\source\\repos\\ConsoleApp1\\Program.cs:line 24"}
30.10.2025 5:14:00 Этот хост неизвестен. (www.ghb.by:80)
{"HttpRequestError":1,"StatusCode":null,"Message":"Этот хост неизвестен. (www.ghb.by:80)","Data":{},"InnerException":{"ClassName":"System.Net.Sockets.SocketException","Message":"Этот хост неизвестен.","Data":null,"InnerException":null,"HelpURL":null,"StackTraceString":"   at System.Net.Sockets.Socket.AwaitableSocketAsyncEventArgs.ThrowException(SocketError error, CancellationToken cancellationToken)\r\n   at System.Net.Sockets.Socket.AwaitableSocketAsyncEventArgs.System.Threading.Tasks.Sources.IValueTaskSource.GetResult(Int16 token)\r\n   at System.Net.Sockets.Socket.<ConnectAsync>g__WaitForConnectWithCancellation|285_0(AwaitableSocketAsyncEventArgs saea, ValueTask connectTask, CancellationToken cancellationToken)\r\n   at System.Net.Http.HttpConnectionPool.ConnectToTcpHostAsync(String host, Int32 port, HttpRequestMessage initialRequest, Boolean async, CancellationToken cancellationToken)","RemoteStackTraceString":null,"RemoteStackIndex":0,"ExceptionMethod":null,"HResult":-2147467259,"Source":"System.Net.Sockets","WatsonBuckets":null,"NativeErrorCode":11001},"HelpLink":null,"Source":"System.Net.Http","HResult":-2147467259,"StackTrace":"   at System.Net.Http.HttpConnectionPool.ConnectToTcpHostAsync(String host, Int32 port, HttpRequestMessage initialRequest, Boolean async, CancellationToken cancellationToken)\r\n   at System.Net.Http.HttpConnectionPool.ConnectAsync(HttpRequestMessage request, Boolean async, CancellationToken cancellationToken)\r\n   at System.Net.Http.HttpConnectionPool.CreateHttp11ConnectionAsync(HttpRequestMessage request, Boolean async, CancellationToken cancellationToken)\r\n   at System.Net.Http.HttpConnectionPool.AddHttp11ConnectionAsync(QueueItem queueItem)\r\n   at System.Threading.Tasks.TaskCompletionSourceWithCancellation`1.WaitWithCancellationAsync(CancellationToken cancellationToken)\r\n   at System.Net.Http.HttpConnectionPool.SendWithVersionDetectionAndRetryAsync(HttpRequestMessage request, Boolean async, Boolean doRequestAuth, CancellationToken cancellationToken)\r\n   at System.Net.Http.RedirectHandler.SendAsync(HttpRequestMessage request, Boolean async, CancellationToken cancellationToken)\r\n   at System.Net.Http.HttpClient.<SendAsync>g__Core|83_0(HttpRequestMessage request, HttpCompletionOption completionOption, CancellationTokenSource cts, Boolean disposeCts, CancellationTokenSource pendingRequestsCts, CancellationToken originalCancellationToken)\r\n   at Program.Main() in C:\\Users\\zne\\source\\repos\\ConsoleApp1\\Program.cs:line 24"}
26.11.2025 12:55:44 The SSL connection could not be established, see inner exception.
{"HttpRequestError":3,"StatusCode":null,"Message":"The SSL connection could not be established, see inner exception.","Data":{},"InnerException":{"ClassName":"System.IO.IOException","Message":"Unable to read data from the transport connection: Удаленный хост принудительно разорвал существующее подключение..","Data":null,"InnerException":{"ClassName":"System.Net.Sockets.SocketException","Message":"Удаленный хост принудительно разорвал существующее подключение.","Data":null,"InnerException":null,"HelpURL":null,"StackTraceString":null,"RemoteStackTraceString":null,"RemoteStackIndex":0,"ExceptionMethod":null,"HResult":-2147467259,"Source":null,"WatsonBuckets":null,"NativeErrorCode":10054},"HelpURL":null,"StackTraceString":"   at System.Net.Sockets.Socket.AwaitableSocketAsyncEventArgs.ThrowException(SocketError error, CancellationToken cancellationToken)\r\n   at System.Net.Sockets.Socket.AwaitableSocketAsyncEventArgs.System.Threading.Tasks.Sources.IValueTaskSource<System.Int32>.GetResult(Int16 token)\r\n   at System.Net.Security.SslStream.EnsureFullTlsFrameAsync[TIOAdapter](CancellationToken cancellationToken, Int32 estimatedSize)\r\n   at System.Runtime.CompilerServices.PoolingAsyncValueTaskMethodBuilder`1.StateMachineBox`1.System.Threading.Tasks.Sources.IValueTaskSource<TResult>.GetResult(Int16 token)\r\n   at System.Net.Security.SslStream.ReceiveHandshakeFrameAsync[TIOAdapter](CancellationToken cancellationToken)\r\n   at System.Net.Security.SslStream.ForceAuthenticationAsync[TIOAdapter](Boolean receiveFirst, Byte[] reAuthenticationData, CancellationToken cancellationToken)\r\n   at System.Net.Http.ConnectHelper.EstablishSslConnectionAsync(SslClientAuthenticationOptions sslOptions, HttpRequestMessage request, Boolean async, Stream stream, CancellationToken cancellationToken)","RemoteStackTraceString":null,"RemoteStackIndex":0,"ExceptionMethod":null,"HResult":-2146232800,"Source":"System.Net.Sockets","WatsonBuckets":null},"HelpLink":null,"Source":"System.Net.Http","HResult":-2146232800,"StackTrace":"   at System.Net.Http.ConnectHelper.EstablishSslConnectionAsync(SslClientAuthenticationOptions sslOptions, HttpRequestMessage request, Boolean async, Stream stream, CancellationToken cancellationToken)\r\n   at System.Net.Http.HttpConnectionPool.ConnectAsync(HttpRequestMessage request, Boolean async, CancellationToken cancellationToken)\r\n   at System.Net.Http.HttpConnectionPool.CreateHttp11ConnectionAsync(HttpRequestMessage request, Boolean async, CancellationToken cancellationToken)\r\n   at System.Net.Http.HttpConnectionPool.AddHttp11ConnectionAsync(QueueItem queueItem)\r\n   at System.Threading.Tasks.TaskCompletionSourceWithCancellation`1.WaitWithCancellationAsync(CancellationToken cancellationToken)\r\n   at System.Net.Http.HttpConnectionPool.SendWithVersionDetectionAndRetryAsync(HttpRequestMessage request, Boolean async, Boolean doRequestAuth, CancellationToken cancellationToken)\r\n   at System.Net.Http.RedirectHandler.SendAsync(HttpRequestMessage request, Boolean async, CancellationToken cancellationToken)\r\n   at System.Net.Http.HttpClient.<SendAsync>g__Core|83_0(HttpRequestMessage request, HttpCompletionOption completionOption, CancellationTokenSource cts, Boolean disposeCts, CancellationTokenSource pendingRequestsCts, CancellationToken originalCancellationToken)\r\n   at Program.Main() in C:\\Users\\zne\\source\\repos\\ConsoleApp1\\Program.cs:line 24"}
26.12.2025 8:43:51 Object reference not set to an instance of an object.
{"ClassName":"System.NullReferenceException","Message":"Object reference not set to an instance of an object.","Data":null,"InnerException":null,"HelpURL":null,"StackTraceString":"   at Program.Main() in C:\\Users\\zne\\source\\repos\\ConsoleApp1\\Program.cs:line 27","RemoteStackTraceString":null,"RemoteStackIndex":0,"ExceptionMethod":null,"HResult":-2147467261,"Source":"ConsoleApp1","WatsonBuckets":null}
27.12.2025 15:17:33 The SSL connection could not be established, see inner exception.
{"HttpRequestError":3,"StatusCode":null,"Message":"The SSL connection could not be established, see inner exception.","Data":{},"InnerException":{"ClassName":"System.IO.IOException","Message":"Received an unexpected EOF or 0 bytes from the transport stream.","Data":null,"InnerException":null,"HelpURL":null,"StackTraceString":"   at System.Net.Security.SslStream.ReceiveHandshakeFrameAsync[TIOAdapter](CancellationToken cancellationToken)\r\n   at System.Net.Security.SslStream.ForceAuthenticationAsync[TIOAdapter](Boolean receiveFirst, Byte[] reAuthenticationData, CancellationToken cancellationToken)\r\n   at System.Net.Http.ConnectHelper.EstablishSslConnectionAsync(SslClientAuthenticationOptions sslOptions, HttpRequestMessage request, Boolean async, Stream stream, CancellationToken cancellationToken)","RemoteStackTraceString":null,"RemoteStackIndex":0,"ExceptionMethod":null,"HResult":-2146232800,"Source":"System.Net.Security","WatsonBuckets":null},"HelpLink":null,"Source":"System.Net.Http","HResult":-2146232800,"StackTrace":"   at System.Net.Http.ConnectHelper.EstablishSslConnectionAsync(SslClientAuthenticationOptions sslOptions, HttpRequestMessage request, Boolean async, Stream stream, CancellationToken cancellationToken)\r\n   at System.Net.Http.HttpConnectionPool.ConnectAsync(HttpRequestMessage request, Boolean async, CancellationToken cancellationToken)\r\n   at System.Net.Http.HttpConnectionPool.CreateHttp11ConnectionAsync(HttpRequestMessage request, Boolean async, CancellationToken cancellationToken)\r\n   at System.Net.Http.HttpConnectionPool.AddHttp11ConnectionAsync(QueueItem queueItem)\r\n   at System.Threading.Tasks.TaskCompletionSourceWithCancellation`1.WaitWithCancellationAsync(CancellationToken cancellationToken)\r\n   at System.Net.Http.HttpConnectionPool.SendWithVersionDetectionAndRetryAsync(HttpRequestMessage request, Boolean async, Boolean doRequestAuth, CancellationToken cancellationToken)\r\n   at System.Net.Http.RedirectHandler.SendAsync(HttpRequestMessage request, Boolean async, CancellationToken cancellationToken)\r\n   at System.Net.Http.HttpClient.<SendAsync>g__Core|83_0(HttpRequestMessage request, HttpCompletionOption completionOption, CancellationTokenSource cts, Boolean disposeCts, CancellationTokenSource pendingRequestsCts, CancellationToken originalCancellationToken)\r\n   at Program.Main() in C:\\Users\\zne\\source\\repos\\ConsoleApp1\\Program.cs:line 24"}
27.12.2025 22:08:48 The SSL connection could not be established, see inner exception.
{"HttpRequestError":3,"StatusCode":null,"Message":"The SSL connection could not be established, see inner exception.","Data":{},"InnerException":{"ClassName":"System.IO.IOException","Message":"Received an unexpected EOF or 0 bytes from the transport stream.","Data":null,"InnerException":null,"HelpURL":null,"StackTraceString":"   at System.Net.Security.SslStream.ReceiveHandshakeFrameAsync[TIOAdapter](CancellationToken cancellationToken)\r\n   at System.Net.Security.SslStream.ForceAuthenticationAsync[TIOAdapter](Boolean receiveFirst, Byte[] reAuthenticationData, CancellationToken cancellationToken)\r\n   at System.Net.Http.ConnectHelper.EstablishSslConnectionAsync(SslClientAuthenticationOptions sslOptions, HttpRequestMessage request, Boolean async, Stream stream, CancellationToken cancellationToken)","RemoteStackTraceString":null,"RemoteStackIndex":0,"ExceptionMethod":null,"HResult":-2146232800,"Source":"System.Net.Security","WatsonBuckets":null},"HelpLink":null,"Source":"System.Net.Http","HResult":-2146232800,"StackTrace":"   at System.Net.Http.ConnectHelper.EstablishSslConnectionAsync(SslClientAuthenticationOptions sslOptions, HttpRequestMessage request, Boolean async, Stream stream, CancellationToken cancellationToken)\r\n   at System.Net.Http.HttpConnectionPool.ConnectAsync(HttpRequestMessage request, Boolean async, CancellationToken cancellationToken)\r\n   at System.Net.Http.HttpConnectionPool.CreateHttp11ConnectionAsync(HttpRequestMessage request, Boolean async, CancellationToken cancellationToken)\r\n   at System.Net.Http.HttpConnectionPool.AddHttp11ConnectionAsync(QueueItem queueItem)\r\n   at System.Threading.Tasks.TaskCompletionSourceWithCancellation`1.WaitWithCancellationAsync(CancellationToken cancellationToken)\r\n   at System.Net.Http.HttpConnectionPool.SendWithVersionDetectionAndRetryAsync(HttpRequestMessage request, Boolean async, Boolean doRequestAuth, CancellationToken cancellationToken)\r\n   at System.Net.Http.RedirectHandler.SendAsync(HttpRequestMessage request, Boolean async, CancellationToken cancellationToken)\r\n   at System.Net.Http.HttpClient.<SendAsync>g__Core|83_0(HttpRequestMessage request, HttpCompletionOption completionOption, CancellationTokenSource cts, Boolean disposeCts, CancellationTokenSource pendingRequestsCts, CancellationToken originalCancellationToken)\r\n   at Program.Main() in C:\\Users\\zne\\source\\repos\\ConsoleApp1\\Program.cs:line 24"}
27.12.2025 22:20:28 The request was canceled due to the configured HttpClient.Timeout of 100 seconds elapsing.
{"ClassName":"System.Threading.Tasks.TaskCanceledException","Message":"The request was canceled due to the configured HttpClient.Timeout of 100 seconds elapsing.","Data":null,"InnerException":{"ClassName":"System.TimeoutException","Message":"A task was canceled.","Data":null,"InnerException":{"ClassName":"System.Threading.Tasks.TaskCanceledException","Message":"A task was canceled.","Data":null,"InnerException":null,"HelpURL":null,"StackTraceString":"   at System.Threading.Tasks.TaskCompletionSourceWithCancellation`1.WaitWithCancellationAsync(CancellationToken cancellationToken)\r\n   at System.Net.Http.HttpConnectionPool.SendWithVersionDetectionAndRetryAsync(HttpRequestMessage request, Boolean async, Boolean doRequestAuth, CancellationToken cancellationToken)\r\n   at System.Net.Http.RedirectHandler.SendAsync(HttpRequestMessage request, Boolean async, CancellationToken cancellationToken)\r\n   at System.Net.Http.HttpClient.<SendAsync>g__Core|83_0(HttpRequestMessage request, HttpCompletionOption completionOption, CancellationTokenSource cts, Boolean disposeCts, CancellationTokenSource pendingRequestsCts, CancellationToken originalCancellationToken)","RemoteStackTraceString":null,"RemoteStackIndex":0,"ExceptionMethod":null,"HResult":-2146233029,"Source":"System.Private.CoreLib","WatsonBuckets":null},"HelpURL":null,"StackTraceString":null,"RemoteStackTraceString":null,"RemoteStackIndex":0,"ExceptionMethod":null,"HResult":-2146233083,"Source":null,"WatsonBuckets":null},"HelpURL":null,"StackTraceString":"   at System.Net.Http.HttpClient.HandleFailure(Exception e, Boolean telemetryStarted, HttpResponseMessage response, CancellationTokenSource cts, CancellationToken cancellationToken, CancellationTokenSource pendingRequestsCts)\r\n   at System.Net.Http.HttpClient.<SendAsync>g__Core|83_0(HttpRequestMessage request, HttpCompletionOption completionOption, CancellationTokenSource cts, Boolean disposeCts, CancellationTokenSource pendingRequestsCts, CancellationToken originalCancellationToken)\r\n   at Program.Main() in C:\\Users\\zne\\source\\repos\\ConsoleApp1\\Program.cs:line 24","RemoteStackTraceString":null,"RemoteStackIndex":0,"ExceptionMethod":null,"HResult":-2146233029,"Source":"System.Net.Http","WatsonBuckets":null}
27.12.2025 22:32:08 The request was canceled due to the configured HttpClient.Timeout of 100 seconds elapsing.
{"ClassName":"System.Threading.Tasks.TaskCanceledException","Message":"The request was canceled due to the configured HttpClient.Timeout of 100 seconds elapsing.","Data":null,"InnerException":{"ClassName":"System.TimeoutException","Message":"The operation was canceled.","Data":null,"InnerException":{"ClassName":"System.Threading.Tasks.TaskCanceledException","Message":"The operation was canceled.","Data":null,"InnerException":{"ClassName":"System.IO.IOException","Message":"Unable to read data from the transport connection: Операция ввода/вывода была прервана из-за завершения потока команд или по запросу приложения..","Data":null,"InnerException":{"ClassName":"System.Net.Sockets.SocketException","Message":"Операция ввода/вывода была прервана из-за завершения потока команд или по запросу приложения.","Data":null,"InnerException":null,"HelpURL":null,"StackTraceString":null,"RemoteStackTraceString":null,"RemoteStackIndex":0,"ExceptionMethod":null,"HResult":-2147467259,"Source":null,"WatsonBuckets":null,"NativeErrorCode":995},"HelpURL":null,"StackTraceString":"   at System.Net.Sockets.Socket.AwaitableSocketAsyncEventArgs.ThrowException(SocketError error, CancellationToken cancellationToken)\r\n   at System.Net.Sockets.Socket.AwaitableSocketAsyncEventArgs.System.Threading.Tasks.Sources.IValueTaskSource<System.Int32>.GetResult(Int16 token)\r\n   at System.Net.Http.HttpConnection.InitialFillAsync(Boolean async)\r\n   at System.Net.Http.HttpConnection.SendAsync(HttpRequestMessage request, Boolean async, CancellationToken cancellationToken)","RemoteStackTraceString":null,"RemoteStackIndex":0,"ExceptionMethod":null,"HResult":-2146232800,"Source":"System.Net.Sockets","WatsonBuckets":null},"HelpURL":null,"StackTraceString":"   at System.Net.Http.HttpConnection.SendAsync(HttpRequestMessage request, Boolean async, CancellationToken cancellationToken)\r\n   at System.Net.Http.HttpConnectionPool.SendWithVersionDetectionAndRetryAsync(HttpRequestMessage request, Boolean async, Boolean doRequestAuth, CancellationToken cancellationToken)\r\n   at System.Net.Http.RedirectHandler.SendAsync(HttpRequestMessage request, Boolean async, CancellationToken cancellationToken)\r\n   at System.Net.Http.HttpClient.<SendAsync>g__Core|83_0(HttpRequestMessage request, HttpCompletionOption completionOption, CancellationTokenSource cts, Boolean disposeCts, CancellationTokenSource pendingRequestsCts, CancellationToken originalCancellationToken)","RemoteStackTraceString":null,"RemoteStackIndex":0,"ExceptionMethod":null,"HResult":-2146233029,"Source":"System.Net.Http","WatsonBuckets":null},"HelpURL":null,"StackTraceString":null,"RemoteStackTraceString":null,"RemoteStackIndex":0,"ExceptionMethod":null,"HResult":-2146233083,"Source":null,"WatsonBuckets":null},"HelpURL":null,"StackTraceString":"   at System.Net.Http.HttpClient.HandleFailure(Exception e, Boolean telemetryStarted, HttpResponseMessage response, CancellationTokenSource cts, CancellationToken cancellationToken, CancellationTokenSource pendingRequestsCts)\r\n   at System.Net.Http.HttpClient.<SendAsync>g__Core|83_0(HttpRequestMessage request, HttpCompletionOption completionOption, CancellationTokenSource cts, Boolean disposeCts, CancellationTokenSource pendingRequestsCts, CancellationToken originalCancellationToken)\r\n   at Program.Main() in C:\\Users\\zne\\source\\repos\\ConsoleApp1\\Program.cs:line 24","RemoteStackTraceString":null,"RemoteStackIndex":0,"ExceptionMethod":null,"HResult":-2146233029,"Source":"System.Net.Http","WatsonBuckets":null}
27.12.2025 22:43:48 The request was canceled due to the configured HttpClient.Timeout of 100 seconds elapsing.
{"ClassName":"System.Threading.Tasks.TaskCanceledException","Message":"The request was canceled due to the configured HttpClient.Timeout of 100 seconds elapsing.","Data":null,"InnerException":{"ClassName":"System.TimeoutException","Message":"The operation was canceled.","Data":null,"InnerException":{"ClassName":"System.Threading.Tasks.TaskCanceledException","Message":"The operation was canceled.","Data":null,"InnerException":{"ClassName":"System.IO.IOException","Message":"Unable to read data from the transport connection: Операция ввода/вывода была прервана из-за завершения потока команд или по запросу приложения..","Data":null,"InnerException":{"ClassName":"System.Net.Sockets.SocketException","Message":"Операция ввода/вывода была прервана из-за завершения потока команд или по запросу приложения.","Data":null,"InnerException":null,"HelpURL":null,"StackTraceString":null,"RemoteStackTraceString":null,"RemoteStackIndex":0,"ExceptionMethod":null,"HResult":-2147467259,"Source":null,"WatsonBuckets":null,"NativeErrorCode":995},"HelpURL":null,"StackTraceString":"   at System.Net.Sockets.Socket.AwaitableSocketAsyncEventArgs.ThrowException(SocketError error, CancellationToken cancellationToken)\r\n   at System.Net.Sockets.Socket.AwaitableSocketAsyncEventArgs.System.Threading.Tasks.Sources.IValueTaskSource<System.Int32>.GetResult(Int16 token)\r\n   at System.Net.Http.HttpConnection.InitialFillAsync(Boolean async)\r\n   at System.Net.Http.HttpConnection.SendAsync(HttpRequestMessage request, Boolean async, CancellationToken cancellationToken)","RemoteStackTraceString":null,"RemoteStackIndex":0,"ExceptionMethod":null,"HResult":-2146232800,"Source":"System.Net.Sockets","WatsonBuckets":null},"HelpURL":null,"StackTraceString":"   at System.Net.Http.HttpConnection.SendAsync(HttpRequestMessage request, Boolean async, CancellationToken cancellationToken)\r\n   at System.Net.Http.HttpConnectionPool.SendWithVersionDetectionAndRetryAsync(HttpRequestMessage request, Boolean async, Boolean doRequestAuth, CancellationToken cancellationToken)\r\n   at System.Net.Http.RedirectHandler.SendAsync(HttpRequestMessage request, Boolean async, CancellationToken cancellationToken)\r\n   at System.Net.Http.HttpClient.<SendAsync>g__Core|83_0(HttpRequestMessage request, HttpCompletionOption completionOption, CancellationTokenSource cts, Boolean disposeCts, CancellationTokenSource pendingRequestsCts, CancellationToken originalCancellationToken)","RemoteStackTraceString":null,"RemoteStackIndex":0,"ExceptionMethod":null,"HResult":-2146233029,"Source":"System.Net.Http","WatsonBuckets":null},"HelpURL":null,"StackTraceString":null,"RemoteStackTraceString":null,"RemoteStackIndex":0,"ExceptionMethod":null,"HResult":-2146233083,"Source":null,"WatsonBuckets":null},"HelpURL":null,"StackTraceString":"   at System.Net.Http.HttpClient.HandleFailure(Exception e, Boolean telemetryStarted, HttpResponseMessage response, CancellationTokenSource cts, CancellationToken cancellationToken, CancellationTokenSource pendingRequestsCts)\r\n   at System.Net.Http.HttpClient.<SendAsync>g__Core|83_0(HttpRequestMessage request, HttpCompletionOption completionOption, CancellationTokenSource cts, Boolean disposeCts, CancellationTokenSource pendingRequestsCts, CancellationToken originalCancellationToken)\r\n   at Program.Main() in C:\\Users\\zne\\source\\repos\\ConsoleApp1\\Program.cs:line 24","RemoteStackTraceString":null,"RemoteStackIndex":0,"ExceptionMethod":null,"HResult":-2146233029,"Source":"System.Net.Http","WatsonBuckets":null}
04.01.2026 22:27:42 Object reference not set to an instance of an object.
{"ClassName":"System.NullReferenceException","Message":"Object reference not set to an instance of an object.","Data":null,"InnerException":null,"HelpURL":null,"StackTraceString":"   at Program.Main() in C:\\Users\\zne\\source\\repos\\ConsoleApp1\\Program.cs:line 27","RemoteStackTraceString":null,"RemoteStackIndex":0,"ExceptionMethod":null,"HResult":-2147467261,"Source":"ConsoleApp1","WatsonBuckets":null}
02/08/2026 11:52:50 The SSL connection could not be established, see inner exception.
{"HttpRequestError":3,"StatusCode":null,"Message":"The SSL connection could not be established, see inner exception.","Data":{},"InnerException":{"ClassName":"System.IO.IOException","Message":"Unable to read data from the transport connection: Connection reset by peer.","Data":null,"InnerException":{"ClassName":"System.Net.Sockets.SocketException","Message":"Connection reset by peer","Data":null,"InnerException":null,"HelpURL":null,"StackTraceString":null,"RemoteStackTraceString":"   at System.Net.Sockets.Socket.AwaitableSocketAsyncEventArgs.CreateException(SocketError error, Boolean forAsyncThrow)\n   at System.Net.Sockets.Socket.AwaitableSocketAsyncEventArgs.ReceiveAsync(Socket socket, CancellationToken cancellationToken)\n   at System.Net.Sockets.Socket.ReceiveAsync(Memory`1 buffer, SocketFlags socketFlags, Boolean fromNetworkStream, CancellationToken cancellationToken)\n   at System.Net.Sockets.NetworkStream.ReadAsync(Memory`1 buffer, CancellationToken cancellationToken)\n   at System.Net.Security.SslStream.EnsureFullTlsFrameAsync[TIOAdapter](CancellationToken cancellationToken, Int32 estimatedSize)\n   at System.Runtime.CompilerServices.PoolingAsyncValueTaskMethodBuilder`1.StateMachineBox`1.ExecutionContextCallback(Object s)\n   at System.Threading.ExecutionContext.RunInternal(ExecutionContext executionContext, ContextCallback callback, Object state)\n   at System.Runtime.CompilerServices.PoolingAsyncValueTaskMethodBuilder`1.StateMachineBox`1.MoveNext()\n   at System.Net.Sockets.SocketAsyncEventArgs.TransferCompletionCallbackCore(Int32 bytesTransferred, Memory`1 socketAddress, SocketFlags receivedFlags, SocketError socketError)\n   at System.Net.Sockets.SocketAsyncEngine.System.Threading.IThreadPoolWorkItem.Execute()\n   at System.Threading.ThreadPoolWorkQueue.Dispatch()\n   at System.Threading.PortableThreadPool.WorkerThread.WorkerThreadStart()\n--- End of stack trace from previous location ---\n","RemoteStackIndex":0,"ExceptionMethod":null,"HResult":-2147467259,"Source":null,"WatsonBuckets":null,"NativeErrorCode":104},"HelpURL":null,"StackTraceString":"   at System.Net.Security.SslStream.EnsureFullTlsFrameAsync[TIOAdapter](CancellationToken cancellationToken, Int32 estimatedSize)\n   at System.Runtime.CompilerServices.PoolingAsyncValueTaskMethodBuilder`1.StateMachineBox`1.System.Threading.Tasks.Sources.IValueTaskSource<TResult>.GetResult(Int16 token)\n   at System.Net.Security.SslStream.ReceiveHandshakeFrameAsync[TIOAdapter](CancellationToken cancellationToken)\n   at System.Net.Security.SslStream.ForceAuthenticationAsync[TIOAdapter](Boolean receiveFirst, Byte[] reAuthenticationData, CancellationToken cancellationToken)\n   at System.Net.Http.ConnectHelper.EstablishSslConnectionAsync(SslClientAuthenticationOptions sslOptions, HttpRequestMessage request, Boolean async, Stream stream, CancellationToken cancellationToken)","RemoteStackTraceString":null,"RemoteStackIndex":0,"ExceptionMethod":null,"HResult":-2146232800,"Source":"System.Private.CoreLib","WatsonBuckets":null},"HelpLink":null,"Source":"System.Net.Http","HResult":-2146232800,"StackTrace":"   at System.Net.Http.ConnectHelper.EstablishSslConnectionAsync(SslClientAuthenticationOptions sslOptions, HttpRequestMessage request, Boolean async, Stream stream, CancellationToken cancellationToken)\n   at System.Net.Http.HttpConnectionPool.ConnectAsync(HttpRequestMessage request, Boolean async, CancellationToken cancellationToken)\n   at System.Net.Http.HttpConnectionPool.CreateHttp11ConnectionAsync(HttpRequestMessage request, Boolean async, CancellationToken cancellationToken)\n   at System.Net.Http.HttpConnectionPool.AddHttp11ConnectionAsync(QueueItem queueItem)\n   at System.Threading.Tasks.TaskCompletionSourceWithCancellation`1.WaitWithCancellationAsync(CancellationToken cancellationToken)\n   at System.Net.Http.HttpConnectionPool.SendWithVersionDetectionAndRetryAsync(HttpRequestMessage request, Boolean async, Boolean doRequestAuth, CancellationToken cancellationToken)\n   at System.Net.Http.RedirectHandler.SendAsync(HttpRequestMessage request, Boolean async, CancellationToken cancellationToken)\n   at System.Net.Http.HttpClient.<SendAsync>g__Core|83_0(HttpRequestMessage request, HttpCompletionOption completionOption, CancellationTokenSource cts, Boolean disposeCts, CancellationTokenSource pendingRequestsCts, CancellationToken originalCancellationToken)\n   at Program.Main() in /home/runner/work/GHBTracker/GHBTracker/Program.cs:line 22"}
02/13/2026 23:44:00 The request was canceled due to the configured HttpClient.Timeout of 100 seconds elapsing.
{"ClassName":"System.Threading.Tasks.TaskCanceledException","Message":"The request was canceled due to the configured HttpClient.Timeout of 100 seconds elapsing.","Data":null,"InnerException":{"ClassName":"System.TimeoutException","Message":"A task was canceled.","Data":null,"InnerException":{"ClassName":"System.Threading.Tasks.TaskCanceledException","Message":"A task was canceled.","Data":null,"InnerException":null,"HelpURL":null,"StackTraceString":"   at System.Threading.Tasks.TaskCompletionSourceWithCancellation`1.WaitWithCancellationAsync(CancellationToken cancellationToken)\n   at System.Net.Http.HttpConnectionPool.SendWithVersionDetectionAndRetryAsync(HttpRequestMessage request, Boolean async, Boolean doRequestAuth, CancellationToken cancellationToken)\n   at System.Net.Http.RedirectHandler.SendAsync(HttpRequestMessage request, Boolean async, CancellationToken cancellationToken)\n   at System.Net.Http.HttpClient.<SendAsync>g__Core|83_0(HttpRequestMessage request, HttpCompletionOption completionOption, CancellationTokenSource cts, Boolean disposeCts, CancellationTokenSource pendingRequestsCts, CancellationToken originalCancellationToken)","RemoteStackTraceString":null,"RemoteStackIndex":0,"ExceptionMethod":null,"HResult":-2146233029,"Source":"System.Private.CoreLib","WatsonBuckets":null},"HelpURL":null,"StackTraceString":null,"RemoteStackTraceString":null,"RemoteStackIndex":0,"ExceptionMethod":null,"HResult":-2146233083,"Source":null,"WatsonBuckets":null},"HelpURL":null,"StackTraceString":"   at System.Net.Http.HttpClient.HandleFailure(Exception e, Boolean telemetryStarted, HttpResponseMessage response, CancellationTokenSource cts, CancellationToken cancellationToken, CancellationTokenSource pendingRequestsCts)\n   at System.Net.Http.HttpClient.<SendAsync>g__Core|83_0(HttpRequestMessage request, HttpCompletionOption completionOption, CancellationTokenSource cts, Boolean disposeCts, CancellationTokenSource pendingRequestsCts, CancellationToken originalCancellationToken)\n   at Program.Main() in /home/runner/work/GHBTracker/GHBTracker/Program.cs:line 22","RemoteStackTraceString":null,"RemoteStackIndex":0,"ExceptionMethod":null,"HResult":-2146233029,"Source":"System.Net.Http","WatsonBuckets":null}
02/14/2026 07:12:16 The request was canceled due to the configured HttpClient.Timeout of 100 seconds elapsing.
{"ClassName":"System.Threading.Tasks.TaskCanceledException","Message":"The request was canceled due to the configured HttpClient.Timeout of 100 seconds elapsing.","Data":null,"InnerException":{"ClassName":"System.TimeoutException","Message":"A task was canceled.","Data":null,"InnerException":{"ClassName":"System.Threading.Tasks.TaskCanceledException","Message":"A task was canceled.","Data":null,"InnerException":null,"HelpURL":null,"StackTraceString":"   at System.Threading.Tasks.TaskCompletionSourceWithCancellation`1.WaitWithCancellationAsync(CancellationToken cancellationToken)\n   at System.Net.Http.HttpConnectionPool.SendWithVersionDetectionAndRetryAsync(HttpRequestMessage request, Boolean async, Boolean doRequestAuth, CancellationToken cancellationToken)\n   at System.Net.Http.RedirectHandler.SendAsync(HttpRequestMessage request, Boolean async, CancellationToken cancellationToken)\n   at System.Net.Http.HttpClient.<SendAsync>g__Core|83_0(HttpRequestMessage request, HttpCompletionOption completionOption, CancellationTokenSource cts, Boolean disposeCts, CancellationTokenSource pendingRequestsCts, CancellationToken originalCancellationToken)","RemoteStackTraceString":null,"RemoteStackIndex":0,"ExceptionMethod":null,"HResult":-2146233029,"Source":"System.Private.CoreLib","WatsonBuckets":null},"HelpURL":null,"StackTraceString":null,"RemoteStackTraceString":null,"RemoteStackIndex":0,"ExceptionMethod":null,"HResult":-2146233083,"Source":null,"WatsonBuckets":null},"HelpURL":null,"StackTraceString":"   at System.Net.Http.HttpClient.HandleFailure(Exception e, Boolean telemetryStarted, HttpResponseMessage response, CancellationTokenSource cts, CancellationToken cancellationToken, CancellationTokenSource pendingRequestsCts)\n   at System.Net.Http.HttpClient.<SendAsync>g__Core|83_0(HttpRequestMessage request, HttpCompletionOption completionOption, CancellationTokenSource cts, Boolean disposeCts, CancellationTokenSource pendingRequestsCts, CancellationToken originalCancellationToken)\n   at Program.Main() in /home/runner/work/GHBTracker/GHBTracker/Program.cs:line 22","RemoteStackTraceString":null,"RemoteStackIndex":0,"ExceptionMethod":null,"HResult":-2146233029,"Source":"System.Net.Http","WatsonBuckets":null}
02/16/2026 21:49:29 The request was canceled due to the configured HttpClient.Timeout of 100 seconds elapsing.
{"ClassName":"System.Threading.Tasks.TaskCanceledException","Message":"The request was canceled due to the configured HttpClient.Timeout of 100 seconds elapsing.","Data":null,"InnerException":{"ClassName":"System.TimeoutException","Message":"A task was canceled.","Data":null,"InnerException":{"ClassName":"System.Threading.Tasks.TaskCanceledException","Message":"A task was canceled.","Data":null,"InnerException":null,"HelpURL":null,"StackTraceString":"   at System.Threading.Tasks.TaskCompletionSourceWithCancellation`1.WaitWithCancellationAsync(CancellationToken cancellationToken)\n   at System.Net.Http.HttpConnectionPool.SendWithVersionDetectionAndRetryAsync(HttpRequestMessage request, Boolean async, Boolean doRequestAuth, CancellationToken cancellationToken)\n   at System.Net.Http.RedirectHandler.SendAsync(HttpRequestMessage request, Boolean async, CancellationToken cancellationToken)\n   at System.Net.Http.HttpClient.<SendAsync>g__Core|83_0(HttpRequestMessage request, HttpCompletionOption completionOption, CancellationTokenSource cts, Boolean disposeCts, CancellationTokenSource pendingRequestsCts, CancellationToken originalCancellationToken)","RemoteStackTraceString":null,"RemoteStackIndex":0,"ExceptionMethod":null,"HResult":-2146233029,"Source":"System.Private.CoreLib","WatsonBuckets":null},"HelpURL":null,"StackTraceString":null,"RemoteStackTraceString":null,"RemoteStackIndex":0,"ExceptionMethod":null,"HResult":-2146233083,"Source":null,"WatsonBuckets":null},"HelpURL":null,"StackTraceString":"   at System.Net.Http.HttpClient.HandleFailure(Exception e, Boolean telemetryStarted, HttpResponseMessage response, CancellationTokenSource cts, CancellationToken cancellationToken, CancellationTokenSource pendingRequestsCts)\n   at System.Net.Http.HttpClient.<SendAsync>g__Core|83_0(HttpRequestMessage request, HttpCompletionOption completionOption, CancellationTokenSource cts, Boolean disposeCts, CancellationTokenSource pendingRequestsCts, CancellationToken originalCancellationToken)\n   at Program.Main() in /home/runner/work/GHBTracker/GHBTracker/Program.cs:line 22","RemoteStackTraceString":null,"RemoteStackIndex":0,"ExceptionMethod":null,"HResult":-2146233029,"Source":"System.Net.Http","WatsonBuckets":null}
02/18/2026 18:07:13 The request was canceled due to the configured HttpClient.Timeout of 100 seconds elapsing.
{"ClassName":"System.Threading.Tasks.TaskCanceledException","Message":"The request was canceled due to the configured HttpClient.Timeout of 100 seconds elapsing.","Data":null,"InnerException":{"ClassName":"System.TimeoutException","Message":"A task was canceled.","Data":null,"InnerException":{"ClassName":"System.Threading.Tasks.TaskCanceledException","Message":"A task was canceled.","Data":null,"InnerException":null,"HelpURL":null,"StackTraceString":"   at System.Threading.Tasks.TaskCompletionSourceWithCancellation`1.WaitWithCancellationAsync(CancellationToken cancellationToken)\n   at System.Net.Http.HttpConnectionPool.SendWithVersionDetectionAndRetryAsync(HttpRequestMessage request, Boolean async, Boolean doRequestAuth, CancellationToken cancellationToken)\n   at System.Net.Http.RedirectHandler.SendAsync(HttpRequestMessage request, Boolean async, CancellationToken cancellationToken)\n   at System.Net.Http.HttpClient.<SendAsync>g__Core|83_0(HttpRequestMessage request, HttpCompletionOption completionOption, CancellationTokenSource cts, Boolean disposeCts, CancellationTokenSource pendingRequestsCts, CancellationToken originalCancellationToken)","RemoteStackTraceString":null,"RemoteStackIndex":0,"ExceptionMethod":null,"HResult":-2146233029,"Source":"System.Private.CoreLib","WatsonBuckets":null},"HelpURL":null,"StackTraceString":null,"RemoteStackTraceString":null,"RemoteStackIndex":0,"ExceptionMethod":null,"HResult":-2146233083,"Source":null,"WatsonBuckets":null},"HelpURL":null,"StackTraceString":"   at System.Net.Http.HttpClient.HandleFailure(Exception e, Boolean telemetryStarted, HttpResponseMessage response, CancellationTokenSource cts, CancellationToken cancellationToken, CancellationTokenSource pendingRequestsCts)\n   at System.Net.Http.HttpClient.<SendAsync>g__Core|83_0(HttpRequestMessage request, HttpCompletionOption completionOption, CancellationTokenSource cts, Boolean disposeCts, CancellationTokenSource pendingRequestsCts, CancellationToken originalCancellationToken)\n   at Program.Main() in /home/runner/work/GHBTracker/GHBTracker/Program.cs:line 22","RemoteStackTraceString":null,"RemoteStackIndex":0,"ExceptionMethod":null,"HResult":-2146233029,"Source":"System.Net.Http","WatsonBuckets":null}
02/19/2026 15:11:26 The request was canceled due to the configured HttpClient.Timeout of 100 seconds elapsing.
{"ClassName":"System.Threading.Tasks.TaskCanceledException","Message":"The request was canceled due to the configured HttpClient.Timeout of 100 seconds elapsing.","Data":null,"InnerException":{"ClassName":"System.TimeoutException","Message":"A task was canceled.","Data":null,"InnerException":{"ClassName":"System.Threading.Tasks.TaskCanceledException","Message":"A task was canceled.","Data":null,"InnerException":null,"HelpURL":null,"StackTraceString":"   at System.Threading.Tasks.TaskCompletionSourceWithCancellation`1.WaitWithCancellationAsync(CancellationToken cancellationToken)\n   at System.Net.Http.HttpConnectionPool.SendWithVersionDetectionAndRetryAsync(HttpRequestMessage request, Boolean async, Boolean doRequestAuth, CancellationToken cancellationToken)\n   at System.Net.Http.RedirectHandler.SendAsync(HttpRequestMessage request, Boolean async, CancellationToken cancellationToken)\n   at System.Net.Http.HttpClient.<SendAsync>g__Core|83_0(HttpRequestMessage request, HttpCompletionOption completionOption, CancellationTokenSource cts, Boolean disposeCts, CancellationTokenSource pendingRequestsCts, CancellationToken originalCancellationToken)","RemoteStackTraceString":null,"RemoteStackIndex":0,"ExceptionMethod":null,"HResult":-2146233029,"Source":"System.Private.CoreLib","WatsonBuckets":null},"HelpURL":null,"StackTraceString":null,"RemoteStackTraceString":null,"RemoteStackIndex":0,"ExceptionMethod":null,"HResult":-2146233083,"Source":null,"WatsonBuckets":null},"HelpURL":null,"StackTraceString":"   at System.Net.Http.HttpClient.HandleFailure(Exception e, Boolean telemetryStarted, HttpResponseMessage response, CancellationTokenSource cts, CancellationToken cancellationToken, CancellationTokenSource pendingRequestsCts)\n   at System.Net.Http.HttpClient.<SendAsync>g__Core|83_0(HttpRequestMessage request, HttpCompletionOption completionOption, CancellationTokenSource cts, Boolean disposeCts, CancellationTokenSource pendingRequestsCts, CancellationToken originalCancellationToken)\n   at Program.Main() in /home/runner/work/GHBTracker/GHBTracker/Program.cs:line 22","RemoteStackTraceString":null,"RemoteStackIndex":0,"ExceptionMethod":null,"HResult":-2146233029,"Source":"System.Net.Http","WatsonBuckets":null}
02/28/2026 07:28:55 The request was canceled due to the configured HttpClient.Timeout of 100 seconds elapsing.
{"ClassName":"System.Threading.Tasks.TaskCanceledException","Message":"The request was canceled due to the configured HttpClient.Timeout of 100 seconds elapsing.","Data":null,"InnerException":{"ClassName":"System.TimeoutException","Message":"A task was canceled.","Data":null,"InnerException":{"ClassName":"System.Threading.Tasks.TaskCanceledException","Message":"A task was canceled.","Data":null,"InnerException":null,"HelpURL":null,"StackTraceString":"   at System.Threading.Tasks.TaskCompletionSourceWithCancellation`1.WaitWithCancellationAsync(CancellationToken cancellationToken)\n   at System.Net.Http.HttpConnectionPool.SendWithVersionDetectionAndRetryAsync(HttpRequestMessage request, Boolean async, Boolean doRequestAuth, CancellationToken cancellationToken)\n   at System.Net.Http.RedirectHandler.SendAsync(HttpRequestMessage request, Boolean async, CancellationToken cancellationToken)\n   at System.Net.Http.HttpClient.<SendAsync>g__Core|83_0(HttpRequestMessage request, HttpCompletionOption completionOption, CancellationTokenSource cts, Boolean disposeCts, CancellationTokenSource pendingRequestsCts, CancellationToken originalCancellationToken)","RemoteStackTraceString":null,"RemoteStackIndex":0,"ExceptionMethod":null,"HResult":-2146233029,"Source":"System.Private.CoreLib","WatsonBuckets":null},"HelpURL":null,"StackTraceString":null,"RemoteStackTraceString":null,"RemoteStackIndex":0,"ExceptionMethod":null,"HResult":-2146233083,"Source":null,"WatsonBuckets":null},"HelpURL":null,"StackTraceString":"   at System.Net.Http.HttpClient.HandleFailure(Exception e, Boolean telemetryStarted, HttpResponseMessage response, CancellationTokenSource cts, CancellationToken cancellationToken, CancellationTokenSource pendingRequestsCts)\n   at System.Net.Http.HttpClient.<SendAsync>g__Core|83_0(HttpRequestMessage request, HttpCompletionOption completionOption, CancellationTokenSource cts, Boolean disposeCts, CancellationTokenSource pendingRequestsCts, CancellationToken originalCancellationToken)\n   at Program.Main() in /home/runner/work/GHBTracker/GHBTracker/Program.cs:line 22","RemoteStackTraceString":null,"RemoteStackIndex":0,"ExceptionMethod":null,"HResult":-2146233029,"Source":"System.Net.Http","WatsonBuckets":null}
02/28/2026 15:33:44 The request was canceled due to the configured HttpClient.Timeout of 100 seconds elapsing.
{"ClassName":"System.Threading.Tasks.TaskCanceledException","Message":"The request was canceled due to the configured HttpClient.Timeout of 100 seconds elapsing.","Data":null,"InnerException":{"ClassName":"System.TimeoutException","Message":"A task was canceled.","Data":null,"InnerException":{"ClassName":"System.Threading.Tasks.TaskCanceledException","Message":"A task was canceled.","Data":null,"InnerException":null,"HelpURL":null,"StackTraceString":"   at System.Threading.Tasks.TaskCompletionSourceWithCancellation`1.WaitWithCancellationAsync(CancellationToken cancellationToken)\n   at System.Net.Http.HttpConnectionPool.SendWithVersionDetectionAndRetryAsync(HttpRequestMessage request, Boolean async, Boolean doRequestAuth, CancellationToken cancellationToken)\n   at System.Net.Http.RedirectHandler.SendAsync(HttpRequestMessage request, Boolean async, CancellationToken cancellationToken)\n   at System.Net.Http.HttpClient.<SendAsync>g__Core|83_0(HttpRequestMessage request, HttpCompletionOption completionOption, CancellationTokenSource cts, Boolean disposeCts, CancellationTokenSource pendingRequestsCts, CancellationToken originalCancellationToken)","RemoteStackTraceString":null,"RemoteStackIndex":0,"ExceptionMethod":null,"HResult":-2146233029,"Source":"System.Private.CoreLib","WatsonBuckets":null},"HelpURL":null,"StackTraceString":null,"RemoteStackTraceString":null,"RemoteStackIndex":0,"ExceptionMethod":null,"HResult":-2146233083,"Source":null,"WatsonBuckets":null},"HelpURL":null,"StackTraceString":"   at System.Net.Http.HttpClient.HandleFailure(Exception e, Boolean telemetryStarted, HttpResponseMessage response, CancellationTokenSource cts, CancellationToken cancellationToken, CancellationTokenSource pendingRequestsCts)\n   at System.Net.Http.HttpClient.<SendAsync>g__Core|83_0(HttpRequestMessage request, HttpCompletionOption completionOption, CancellationTokenSource cts, Boolean disposeCts, CancellationTokenSource pendingRequestsCts, CancellationToken originalCancellationToken)\n   at Program.Main() in /home/runner/work/GHBTracker/GHBTracker/Program.cs:line 22","RemoteStackTraceString":null,"RemoteStackIndex":0,"ExceptionMethod":null,"HResult":-2146233029,"Source":"System.Net.Http","WatsonBuckets":null}
02/28/2026 19:57:21 The request was canceled due to the configured HttpClient.Timeout of 100 seconds elapsing.
{"ClassName":"System.Threading.Tasks.TaskCanceledException","Message":"The request was canceled due to the configured HttpClient.Timeout of 100 seconds elapsing.","Data":null,"InnerException":{"ClassName":"System.TimeoutException","Message":"A task was canceled.","Data":null,"InnerException":{"ClassName":"System.Threading.Tasks.TaskCanceledException","Message":"A task was canceled.","Data":null,"InnerException":null,"HelpURL":null,"StackTraceString":"   at System.Threading.Tasks.TaskCompletionSourceWithCancellation`1.WaitWithCancellationAsync(CancellationToken cancellationToken)\n   at System.Net.Http.HttpConnectionPool.SendWithVersionDetectionAndRetryAsync(HttpRequestMessage request, Boolean async, Boolean doRequestAuth, CancellationToken cancellationToken)\n   at System.Net.Http.RedirectHandler.SendAsync(HttpRequestMessage request, Boolean async, CancellationToken cancellationToken)\n   at System.Net.Http.HttpClient.<SendAsync>g__Core|83_0(HttpRequestMessage request, HttpCompletionOption completionOption, CancellationTokenSource cts, Boolean disposeCts, CancellationTokenSource pendingRequestsCts, CancellationToken originalCancellationToken)","RemoteStackTraceString":null,"RemoteStackIndex":0,"ExceptionMethod":null,"HResult":-2146233029,"Source":"System.Private.CoreLib","WatsonBuckets":null},"HelpURL":null,"StackTraceString":null,"RemoteStackTraceString":null,"RemoteStackIndex":0,"ExceptionMethod":null,"HResult":-2146233083,"Source":null,"WatsonBuckets":null},"HelpURL":null,"StackTraceString":"   at System.Net.Http.HttpClient.HandleFailure(Exception e, Boolean telemetryStarted, HttpResponseMessage response, CancellationTokenSource cts, CancellationToken cancellationToken, CancellationTokenSource pendingRequestsCts)\n   at System.Net.Http.HttpClient.<SendAsync>g__Core|83_0(HttpRequestMessage request, HttpCompletionOption completionOption, CancellationTokenSource cts, Boolean disposeCts, CancellationTokenSource pendingRequestsCts, CancellationToken originalCancellationToken)\n   at Program.Main() in /home/runner/work/GHBTracker/GHBTracker/Program.cs:line 22","RemoteStackTraceString":null,"RemoteStackIndex":0,"ExceptionMethod":null,"HResult":-2146233029,"Source":"System.Net.Http","WatsonBuckets":null}
03/02/2026 09:01:49 The request was canceled due to the configured HttpClient.Timeout of 100 seconds elapsing.
{"ClassName":"System.Threading.Tasks.TaskCanceledException","Message":"The request was canceled due to the configured HttpClient.Timeout of 100 seconds elapsing.","Data":null,"InnerException":{"ClassName":"System.TimeoutException","Message":"A task was canceled.","Data":null,"InnerException":{"ClassName":"System.Threading.Tasks.TaskCanceledException","Message":"A task was canceled.","Data":null,"InnerException":null,"HelpURL":null,"StackTraceString":"   at System.Threading.Tasks.TaskCompletionSourceWithCancellation`1.WaitWithCancellationAsync(CancellationToken cancellationToken)\n   at System.Net.Http.HttpConnectionPool.SendWithVersionDetectionAndRetryAsync(HttpRequestMessage request, Boolean async, Boolean doRequestAuth, CancellationToken cancellationToken)\n   at System.Net.Http.RedirectHandler.SendAsync(HttpRequestMessage request, Boolean async, CancellationToken cancellationToken)\n   at System.Net.Http.HttpClient.<SendAsync>g__Core|83_0(HttpRequestMessage request, HttpCompletionOption completionOption, CancellationTokenSource cts, Boolean disposeCts, CancellationTokenSource pendingRequestsCts, CancellationToken originalCancellationToken)","RemoteStackTraceString":null,"RemoteStackIndex":0,"ExceptionMethod":null,"HResult":-2146233029,"Source":"System.Private.CoreLib","WatsonBuckets":null},"HelpURL":null,"StackTraceString":null,"RemoteStackTraceString":null,"RemoteStackIndex":0,"ExceptionMethod":null,"HResult":-2146233083,"Source":null,"WatsonBuckets":null},"HelpURL":null,"StackTraceString":"   at System.Net.Http.HttpClient.HandleFailure(Exception e, Boolean telemetryStarted, HttpResponseMessage response, CancellationTokenSource cts, CancellationToken cancellationToken, CancellationTokenSource pendingRequestsCts)\n   at System.Net.Http.HttpClient.<SendAsync>g__Core|83_0(HttpRequestMessage request, HttpCompletionOption completionOption, CancellationTokenSource cts, Boolean disposeCts, CancellationTokenSource pendingRequestsCts, CancellationToken originalCancellationToken)\n   at Program.Main() in /home/runner/work/GHBTracker/GHBTracker/Program.cs:line 22","RemoteStackTraceString":null,"RemoteStackIndex":0,"ExceptionMethod":null,"HResult":-2146233029,"Source":"System.Net.Http","WatsonBuckets":null}
03/05/2026 23:41:48 The request was canceled due to the configured HttpClient.Timeout of 100 seconds elapsing.
{"ClassName":"System.Threading.Tasks.TaskCanceledException","Message":"The request was canceled due to the configured HttpClient.Timeout of 100 seconds elapsing.","Data":null,"InnerException":{"ClassName":"System.TimeoutException","Message":"A task was canceled.","Data":null,"InnerException":{"ClassName":"System.Threading.Tasks.TaskCanceledException","Message":"A task was canceled.","Data":null,"InnerException":null,"HelpURL":null,"StackTraceString":"   at System.Threading.Tasks.TaskCompletionSourceWithCancellation`1.WaitWithCancellationAsync(CancellationToken cancellationToken)\n   at System.Net.Http.HttpConnectionPool.SendWithVersionDetectionAndRetryAsync(HttpRequestMessage request, Boolean async, Boolean doRequestAuth, CancellationToken cancellationToken)\n   at System.Net.Http.RedirectHandler.SendAsync(HttpRequestMessage request, Boolean async, CancellationToken cancellationToken)\n   at System.Net.Http.HttpClient.<SendAsync>g__Core|83_0(HttpRequestMessage request, HttpCompletionOption completionOption, CancellationTokenSource cts, Boolean disposeCts, CancellationTokenSource pendingRequestsCts, CancellationToken originalCancellationToken)","RemoteStackTraceString":null,"RemoteStackIndex":0,"ExceptionMethod":null,"HResult":-2146233029,"Source":"System.Private.CoreLib","WatsonBuckets":null},"HelpURL":null,"StackTraceString":null,"RemoteStackTraceString":null,"RemoteStackIndex":0,"ExceptionMethod":null,"HResult":-2146233083,"Source":null,"WatsonBuckets":null},"HelpURL":null,"StackTraceString":"   at System.Net.Http.HttpClient.HandleFailure(Exception e, Boolean telemetryStarted, HttpResponseMessage response, CancellationTokenSource cts, CancellationToken cancellationToken, CancellationTokenSource pendingRequestsCts)\n   at System.Net.Http.HttpClient.<SendAsync>g__Core|83_0(HttpRequestMessage request, HttpCompletionOption completionOption, CancellationTokenSource cts, Boolean disposeCts, CancellationTokenSource pendingRequestsCts, CancellationToken originalCancellationToken)\n   at Program.Main() in /home/runner/work/GHBTracker/GHBTracker/Program.cs:line 22","RemoteStackTraceString":null,"RemoteStackIndex":0,"ExceptionMethod":null,"HResult":-2146233029,"Source":"System.Net.Http","WatsonBuckets":null}
03/14/2026 22:57:17 The request was canceled due to the configured HttpClient.Timeout of 100 seconds elapsing.
{"ClassName":"System.Threading.Tasks.TaskCanceledException","Message":"The request was canceled due to the configured HttpClient.Timeout of 100 seconds elapsing.","Data":null,"InnerException":{"ClassName":"System.TimeoutException","Message":"A task was canceled.","Data":null,"InnerException":{"ClassName":"System.Threading.Tasks.TaskCanceledException","Message":"A task was canceled.","Data":null,"InnerException":null,"HelpURL":null,"StackTraceString":"   at System.Threading.Tasks.TaskCompletionSourceWithCancellation`1.WaitWithCancellationAsync(CancellationToken cancellationToken)\n   at System.Net.Http.HttpConnectionPool.SendWithVersionDetectionAndRetryAsync(HttpRequestMessage request, Boolean async, Boolean doRequestAuth, CancellationToken cancellationToken)\n   at System.Net.Http.RedirectHandler.SendAsync(HttpRequestMessage request, Boolean async, CancellationToken cancellationToken)\n   at System.Net.Http.HttpClient.<SendAsync>g__Core|83_0(HttpRequestMessage request, HttpCompletionOption completionOption, CancellationTokenSource cts, Boolean disposeCts, CancellationTokenSource pendingRequestsCts, CancellationToken originalCancellationToken)","RemoteStackTraceString":null,"RemoteStackIndex":0,"ExceptionMethod":null,"HResult":-2146233029,"Source":"System.Private.CoreLib","WatsonBuckets":null},"HelpURL":null,"StackTraceString":null,"RemoteStackTraceString":null,"RemoteStackIndex":0,"ExceptionMethod":null,"HResult":-2146233083,"Source":null,"WatsonBuckets":null},"HelpURL":null,"StackTraceString":"   at System.Net.Http.HttpClient.HandleFailure(Exception e, Boolean telemetryStarted, HttpResponseMessage response, CancellationTokenSource cts, CancellationToken cancellationToken, CancellationTokenSource pendingRequestsCts)\n   at System.Net.Http.HttpClient.<SendAsync>g__Core|83_0(HttpRequestMessage request, HttpCompletionOption completionOption, CancellationTokenSource cts, Boolean disposeCts, CancellationTokenSource pendingRequestsCts, CancellationToken originalCancellationToken)\n   at Program.Main() in /home/runner/work/GHBTracker/GHBTracker/Program.cs:line 22","RemoteStackTraceString":null,"RemoteStackIndex":0,"ExceptionMethod":null,"HResult":-2146233029,"Source":"System.Net.Http","WatsonBuckets":null}
03/15/2026 04:56:53 The request was canceled due to the configured HttpClient.Timeout of 100 seconds elapsing.
{"ClassName":"System.Threading.Tasks.TaskCanceledException","Message":"The request was canceled due to the configured HttpClient.Timeout of 100 seconds elapsing.","Data":null,"InnerException":{"ClassName":"System.TimeoutException","Message":"A task was canceled.","Data":null,"InnerException":{"ClassName":"System.Threading.Tasks.TaskCanceledException","Message":"A task was canceled.","Data":null,"InnerException":null,"HelpURL":null,"StackTraceString":"   at System.Threading.Tasks.TaskCompletionSourceWithCancellation`1.WaitWithCancellationAsync(CancellationToken cancellationToken)\n   at System.Net.Http.HttpConnectionPool.SendWithVersionDetectionAndRetryAsync(HttpRequestMessage request, Boolean async, Boolean doRequestAuth, CancellationToken cancellationToken)\n   at System.Net.Http.RedirectHandler.SendAsync(HttpRequestMessage request, Boolean async, CancellationToken cancellationToken)\n   at System.Net.Http.HttpClient.<SendAsync>g__Core|83_0(HttpRequestMessage request, HttpCompletionOption completionOption, CancellationTokenSource cts, Boolean disposeCts, CancellationTokenSource pendingRequestsCts, CancellationToken originalCancellationToken)","RemoteStackTraceString":null,"RemoteStackIndex":0,"ExceptionMethod":null,"HResult":-2146233029,"Source":"System.Private.CoreLib","WatsonBuckets":null},"HelpURL":null,"StackTraceString":null,"RemoteStackTraceString":null,"RemoteStackIndex":0,"ExceptionMethod":null,"HResult":-2146233083,"Source":null,"WatsonBuckets":null},"HelpURL":null,"StackTraceString":"   at System.Net.Http.HttpClient.HandleFailure(Exception e, Boolean telemetryStarted, HttpResponseMessage response, CancellationTokenSource cts, CancellationToken cancellationToken, CancellationTokenSource pendingRequestsCts)\n   at System.Net.Http.HttpClient.<SendAsync>g__Core|83_0(HttpRequestMessage request, HttpCompletionOption completionOption, CancellationTokenSource cts, Boolean disposeCts, CancellationTokenSource pendingRequestsCts, CancellationToken originalCancellationToken)\n   at Program.Main() in /home/runner/work/GHBTracker/GHBTracker/Program.cs:line 22","RemoteStackTraceString":null,"RemoteStackIndex":0,"ExceptionMethod":null,"HResult":-2146233029,"Source":"System.Net.Http","WatsonBuckets":null}
03/17/2026 02:37:01 The request was canceled due to the configured HttpClient.Timeout of 100 seconds elapsing.
{"ClassName":"System.Threading.Tasks.TaskCanceledException","Message":"The request was canceled due to the configured HttpClient.Timeout of 100 seconds elapsing.","Data":null,"InnerException":{"ClassName":"System.TimeoutException","Message":"A task was canceled.","Data":null,"InnerException":{"ClassName":"System.Threading.Tasks.TaskCanceledException","Message":"A task was canceled.","Data":null,"InnerException":null,"HelpURL":null,"StackTraceString":"   at System.Threading.Tasks.TaskCompletionSourceWithCancellation`1.WaitWithCancellationAsync(CancellationToken cancellationToken)\n   at System.Net.Http.HttpConnectionPool.SendWithVersionDetectionAndRetryAsync(HttpRequestMessage request, Boolean async, Boolean doRequestAuth, CancellationToken cancellationToken)\n   at System.Net.Http.RedirectHandler.SendAsync(HttpRequestMessage request, Boolean async, CancellationToken cancellationToken)\n   at System.Net.Http.HttpClient.<SendAsync>g__Core|83_0(HttpRequestMessage request, HttpCompletionOption completionOption, CancellationTokenSource cts, Boolean disposeCts, CancellationTokenSource pendingRequestsCts, CancellationToken originalCancellationToken)","RemoteStackTraceString":null,"RemoteStackIndex":0,"ExceptionMethod":null,"HResult":-2146233029,"Source":"System.Private.CoreLib","WatsonBuckets":null},"HelpURL":null,"StackTraceString":null,"RemoteStackTraceString":null,"RemoteStackIndex":0,"ExceptionMethod":null,"HResult":-2146233083,"Source":null,"WatsonBuckets":null},"HelpURL":null,"StackTraceString":"   at System.Net.Http.HttpClient.HandleFailure(Exception e, Boolean telemetryStarted, HttpResponseMessage response, CancellationTokenSource cts, CancellationToken cancellationToken, CancellationTokenSource pendingRequestsCts)\n   at System.Net.Http.HttpClient.<SendAsync>g__Core|83_0(HttpRequestMessage request, HttpCompletionOption completionOption, CancellationTokenSource cts, Boolean disposeCts, CancellationTokenSource pendingRequestsCts, CancellationToken originalCancellationToken)\n   at Program.Main() in /home/runner/work/GHBTracker/GHBTracker/Program.cs:line 22","RemoteStackTraceString":null,"RemoteStackIndex":0,"ExceptionMethod":null,"HResult":-2146233029,"Source":"System.Net.Http","WatsonBuckets":null}
03/17/2026 21:06:03 The request was canceled due to the configured HttpClient.Timeout of 100 seconds elapsing.
{"ClassName":"System.Threading.Tasks.TaskCanceledException","Message":"The request was canceled due to the configured HttpClient.Timeout of 100 seconds elapsing.","Data":null,"InnerException":{"ClassName":"System.TimeoutException","Message":"A task was canceled.","Data":null,"InnerException":{"ClassName":"System.Threading.Tasks.TaskCanceledException","Message":"A task was canceled.","Data":null,"InnerException":null,"HelpURL":null,"StackTraceString":"   at System.Threading.Tasks.TaskCompletionSourceWithCancellation`1.WaitWithCancellationAsync(CancellationToken cancellationToken)\n   at System.Net.Http.HttpConnectionPool.SendWithVersionDetectionAndRetryAsync(HttpRequestMessage request, Boolean async, Boolean doRequestAuth, CancellationToken cancellationToken)\n   at System.Net.Http.RedirectHandler.SendAsync(HttpRequestMessage request, Boolean async, CancellationToken cancellationToken)\n   at System.Net.Http.HttpClient.<SendAsync>g__Core|83_0(HttpRequestMessage request, HttpCompletionOption completionOption, CancellationTokenSource cts, Boolean disposeCts, CancellationTokenSource pendingRequestsCts, CancellationToken originalCancellationToken)","RemoteStackTraceString":null,"RemoteStackIndex":0,"ExceptionMethod":null,"HResult":-2146233029,"Source":"System.Private.CoreLib","WatsonBuckets":null},"HelpURL":null,"StackTraceString":null,"RemoteStackTraceString":null,"RemoteStackIndex":0,"ExceptionMethod":null,"HResult":-2146233083,"Source":null,"WatsonBuckets":null},"HelpURL":null,"StackTraceString":"   at System.Net.Http.HttpClient.HandleFailure(Exception e, Boolean telemetryStarted, HttpResponseMessage response, CancellationTokenSource cts, CancellationToken cancellationToken, CancellationTokenSource pendingRequestsCts)\n   at System.Net.Http.HttpClient.<SendAsync>g__Core|83_0(HttpRequestMessage request, HttpCompletionOption completionOption, CancellationTokenSource cts, Boolean disposeCts, CancellationTokenSource pendingRequestsCts, CancellationToken originalCancellationToken)\n   at Program.Main() in /home/runner/work/GHBTracker/GHBTracker/Program.cs:line 22","RemoteStackTraceString":null,"RemoteStackIndex":0,"ExceptionMethod":null,"HResult":-2146233029,"Source":"System.Net.Http","WatsonBuckets":null}
03/18/2026 23:48:13 The request was canceled due to the configured HttpClient.Timeout of 100 seconds elapsing.
{"ClassName":"System.Threading.Tasks.TaskCanceledException","Message":"The request was canceled due to the configured HttpClient.Timeout of 100 seconds elapsing.","Data":null,"InnerException":{"ClassName":"System.TimeoutException","Message":"A task was canceled.","Data":null,"InnerException":{"ClassName":"System.Threading.Tasks.TaskCanceledException","Message":"A task was canceled.","Data":null,"InnerException":null,"HelpURL":null,"StackTraceString":"   at System.Threading.Tasks.TaskCompletionSourceWithCancellation`1.WaitWithCancellationAsync(CancellationToken cancellationToken)\n   at System.Net.Http.HttpConnectionPool.SendWithVersionDetectionAndRetryAsync(HttpRequestMessage request, Boolean async, Boolean doRequestAuth, CancellationToken cancellationToken)\n   at System.Net.Http.RedirectHandler.SendAsync(HttpRequestMessage request, Boolean async, CancellationToken cancellationToken)\n   at System.Net.Http.HttpClient.<SendAsync>g__Core|83_0(HttpRequestMessage request, HttpCompletionOption completionOption, CancellationTokenSource cts, Boolean disposeCts, CancellationTokenSource pendingRequestsCts, CancellationToken originalCancellationToken)","RemoteStackTraceString":null,"RemoteStackIndex":0,"ExceptionMethod":null,"HResult":-2146233029,"Source":"System.Private.CoreLib","WatsonBuckets":null},"HelpURL":null,"StackTraceString":null,"RemoteStackTraceString":null,"RemoteStackIndex":0,"ExceptionMethod":null,"HResult":-2146233083,"Source":null,"WatsonBuckets":null},"HelpURL":null,"StackTraceString":"   at System.Net.Http.HttpClient.HandleFailure(Exception e, Boolean telemetryStarted, HttpResponseMessage response, CancellationTokenSource cts, CancellationToken cancellationToken, CancellationTokenSource pendingRequestsCts)\n   at System.Net.Http.HttpClient.<SendAsync>g__Core|83_0(HttpRequestMessage request, HttpCompletionOption completionOption, CancellationTokenSource cts, Boolean disposeCts, CancellationTokenSource pendingRequestsCts, CancellationToken originalCancellationToken)\n   at Program.Main() in /home/runner/work/GHBTracker/GHBTracker/Program.cs:line 22","RemoteStackTraceString":null,"RemoteStackIndex":0,"ExceptionMethod":null,"HResult":-2146233029,"Source":"System.Net.Http","WatsonBuckets":null}
03/22/2026 07:50:00 The request was canceled due to the configured HttpClient.Timeout of 100 seconds elapsing.
{"ClassName":"System.Threading.Tasks.TaskCanceledException","Message":"The request was canceled due to the configured HttpClient.Timeout of 100 seconds elapsing.","Data":null,"InnerException":{"ClassName":"System.TimeoutException","Message":"A task was canceled.","Data":null,"InnerException":{"ClassName":"System.Threading.Tasks.TaskCanceledException","Message":"A task was canceled.","Data":null,"InnerException":null,"HelpURL":null,"StackTraceString":"   at System.Threading.Tasks.TaskCompletionSourceWithCancellation`1.WaitWithCancellationAsync(CancellationToken cancellationToken)\n   at System.Net.Http.HttpConnectionPool.SendWithVersionDetectionAndRetryAsync(HttpRequestMessage request, Boolean async, Boolean doRequestAuth, CancellationToken cancellationToken)\n   at System.Net.Http.RedirectHandler.SendAsync(HttpRequestMessage request, Boolean async, CancellationToken cancellationToken)\n   at System.Net.Http.HttpClient.<SendAsync>g__Core|83_0(HttpRequestMessage request, HttpCompletionOption completionOption, CancellationTokenSource cts, Boolean disposeCts, CancellationTokenSource pendingRequestsCts, CancellationToken originalCancellationToken)","RemoteStackTraceString":null,"RemoteStackIndex":0,"ExceptionMethod":null,"HResult":-2146233029,"Source":"System.Private.CoreLib","WatsonBuckets":null},"HelpURL":null,"StackTraceString":null,"RemoteStackTraceString":null,"RemoteStackIndex":0,"ExceptionMethod":null,"HResult":-2146233083,"Source":null,"WatsonBuckets":null},"HelpURL":null,"StackTraceString":"   at System.Net.Http.HttpClient.HandleFailure(Exception e, Boolean telemetryStarted, HttpResponseMessage response, CancellationTokenSource cts, CancellationToken cancellationToken, CancellationTokenSource pendingRequestsCts)\n   at System.Net.Http.HttpClient.<SendAsync>g__Core|83_0(HttpRequestMessage request, HttpCompletionOption completionOption, CancellationTokenSource cts, Boolean disposeCts, CancellationTokenSource pendingRequestsCts, CancellationToken originalCancellationToken)\n   at Program.Main() in /home/runner/work/GHBTracker/GHBTracker/Program.cs:line 22","RemoteStackTraceString":null,"RemoteStackIndex":0,"ExceptionMethod":null,"HResult":-2146233029,"Source":"System.Net.Http","WatsonBuckets":null}
03/22/2026 20:39:04 Network is unreachable (www.ghb.by:80)
{"HttpRequestError":2,"StatusCode":null,"Message":"Network is unreachable (www.ghb.by:80)","Data":{},"InnerException":{"ClassName":"System.Net.Sockets.SocketException","Message":"Network is unreachable","Data":null,"InnerException":null,"HelpURL":null,"StackTraceString":"   at System.Net.Sockets.Socket.AwaitableSocketAsyncEventArgs.ThrowException(SocketError error, CancellationToken cancellationToken)\n   at System.Net.Sockets.Socket.AwaitableSocketAsyncEventArgs.System.Threading.Tasks.Sources.IValueTaskSource.GetResult(Int16 token)\n   at System.Net.Sockets.Socket.<ConnectAsync>g__WaitForConnectWithCancellation|285_0(AwaitableSocketAsyncEventArgs saea, ValueTask connectTask, CancellationToken cancellationToken)\n   at System.Net.Http.HttpConnectionPool.ConnectToTcpHostAsync(String host, Int32 port, HttpRequestMessage initialRequest, Boolean async, CancellationToken cancellationToken)","RemoteStackTraceString":null,"RemoteStackIndex":0,"ExceptionMethod":null,"HResult":-2147467259,"Source":"System.Net.Sockets","WatsonBuckets":null,"NativeErrorCode":101},"HelpLink":null,"Source":"System.Net.Http","HResult":-2147467259,"StackTrace":"   at System.Net.Http.HttpConnectionPool.ConnectToTcpHostAsync(String host, Int32 port, HttpRequestMessage initialRequest, Boolean async, CancellationToken cancellationToken)\n   at System.Net.Http.HttpConnectionPool.ConnectAsync(HttpRequestMessage request, Boolean async, CancellationToken cancellationToken)\n   at System.Net.Http.HttpConnectionPool.CreateHttp11ConnectionAsync(HttpRequestMessage request, Boolean async, CancellationToken cancellationToken)\n   at System.Net.Http.HttpConnectionPool.AddHttp11ConnectionAsync(QueueItem queueItem)\n   at System.Threading.Tasks.TaskCompletionSourceWithCancellation`1.WaitWithCancellationAsync(CancellationToken cancellationToken)\n   at System.Net.Http.HttpConnectionPool.SendWithVersionDetectionAndRetryAsync(HttpRequestMessage request, Boolean async, Boolean doRequestAuth, CancellationToken cancellationToken)\n   at System.Net.Http.RedirectHandler.SendAsync(HttpRequestMessage request, Boolean async, CancellationToken cancellationToken)\n   at System.Net.Http.HttpClient.<SendAsync>g__Core|83_0(HttpRequestMessage request, HttpCompletionOption completionOption, CancellationTokenSource cts, Boolean disposeCts, CancellationTokenSource pendingRequestsCts, CancellationToken originalCancellationToken)\n   at Program.Main() in /home/runner/work/GHBTracker/GHBTracker/Program.cs:line 22"}
03/24/2026 17:00:08 Object reference not set to an instance of an object.
{"ClassName":"System.NullReferenceException","Message":"Object reference not set to an instance of an object.","Data":null,"InnerException":null,"HelpURL":null,"StackTraceString":"   at Program.Main() in /home/runner/work/GHBTracker/GHBTracker/Program.cs:line 25","RemoteStackTraceString":null,"RemoteStackIndex":0,"ExceptionMethod":null,"HResult":-2147467261,"Source":"GHBTracker","WatsonBuckets":null}
03/24/2026 18:02:25 Object reference not set to an instance of an object.
{"ClassName":"System.NullReferenceException","Message":"Object reference not set to an instance of an object.","Data":null,"InnerException":null,"HelpURL":null,"StackTraceString":"   at Program.Main() in /home/runner/work/GHBTracker/GHBTracker/Program.cs:line 25","RemoteStackTraceString":null,"RemoteStackIndex":0,"ExceptionMethod":null,"HResult":-2147467261,"Source":"GHBTracker","WatsonBuckets":null}
03/24/2026 19:19:28 Object reference not set to an instance of an object.
{"ClassName":"System.NullReferenceException","Message":"Object reference not set to an instance of an object.","Data":null,"InnerException":null,"HelpURL":null,"StackTraceString":"   at Program.Main() in /home/runner/work/GHBTracker/GHBTracker/Program.cs:line 25","RemoteStackTraceString":null,"RemoteStackIndex":0,"ExceptionMethod":null,"HResult":-2147467261,"Source":"GHBTracker","WatsonBuckets":null}
03/24/2026 20:00:31 Object reference not set to an instance of an object.
{"ClassName":"System.NullReferenceException","Message":"Object reference not set to an instance of an object.","Data":null,"InnerException":null,"HelpURL":null,"StackTraceString":"   at Program.Main() in /home/runner/work/GHBTracker/GHBTracker/Program.cs:line 25","RemoteStackTraceString":null,"RemoteStackIndex":0,"ExceptionMethod":null,"HResult":-2147467261,"Source":"GHBTracker","WatsonBuckets":null}
03/24/2026 20:55:36 Object reference not set to an instance of an object.
{"ClassName":"System.NullReferenceException","Message":"Object reference not set to an instance of an object.","Data":null,"InnerException":null,"HelpURL":null,"StackTraceString":"   at Program.Main() in /home/runner/work/GHBTracker/GHBTracker/Program.cs:line 25","RemoteStackTraceString":null,"RemoteStackIndex":0,"ExceptionMethod":null,"HResult":-2147467261,"Source":"GHBTracker","WatsonBuckets":null}
03/24/2026 21:38:40 Object reference not set to an instance of an object.
{"ClassName":"System.NullReferenceException","Message":"Object reference not set to an instance of an object.","Data":null,"InnerException":null,"HelpURL":null,"StackTraceString":"   at Program.Main() in /home/runner/work/GHBTracker/GHBTracker/Program.cs:line 25","RemoteStackTraceString":null,"RemoteStackIndex":0,"ExceptionMethod":null,"HResult":-2147467261,"Source":"GHBTracker","WatsonBuckets":null}
03/24/2026 22:04:57 Object reference not set to an instance of an object.
{"ClassName":"System.NullReferenceException","Message":"Object reference not set to an instance of an object.","Data":null,"InnerException":null,"HelpURL":null,"StackTraceString":"   at Program.Main() in /home/runner/work/GHBTracker/GHBTracker/Program.cs:line 25","RemoteStackTraceString":null,"RemoteStackIndex":0,"ExceptionMethod":null,"HResult":-2147467261,"Source":"GHBTracker","WatsonBuckets":null}
03/24/2026 22:48:30 Object reference not set to an instance of an object.
{"ClassName":"System.NullReferenceException","Message":"Object reference not set to an instance of an object.","Data":null,"InnerException":null,"HelpURL":null,"StackTraceString":"   at Program.Main() in /home/runner/work/GHBTracker/GHBTracker/Program.cs:line 25","RemoteStackTraceString":null,"RemoteStackIndex":0,"ExceptionMethod":null,"HResult":-2147467261,"Source":"GHBTracker","WatsonBuckets":null}
03/24/2026 23:18:29 Object reference not set to an instance of an object.
{"ClassName":"System.NullReferenceException","Message":"Object reference not set to an instance of an object.","Data":null,"InnerException":null,"HelpURL":null,"StackTraceString":"   at Program.Main() in /home/runner/work/GHBTracker/GHBTracker/Program.cs:line 25","RemoteStackTraceString":null,"RemoteStackIndex":0,"ExceptionMethod":null,"HResult":-2147467261,"Source":"GHBTracker","WatsonBuckets":null}
03/24/2026 23:50:25 Object reference not set to an instance of an object.
{"ClassName":"System.NullReferenceException","Message":"Object reference not set to an instance of an object.","Data":null,"InnerException":null,"HelpURL":null,"StackTraceString":"   at Program.Main() in /home/runner/work/GHBTracker/GHBTracker/Program.cs:line 25","RemoteStackTraceString":null,"RemoteStackIndex":0,"ExceptionMethod":null,"HResult":-2147467261,"Source":"GHBTracker","WatsonBuckets":null}
03/25/2026 00:58:49 Object reference not set to an instance of an object.
{"ClassName":"System.NullReferenceException","Message":"Object reference not set to an instance of an object.","Data":null,"InnerException":null,"HelpURL":null,"StackTraceString":"   at Program.Main() in /home/runner/work/GHBTracker/GHBTracker/Program.cs:line 25","RemoteStackTraceString":null,"RemoteStackIndex":0,"ExceptionMethod":null,"HResult":-2147467261,"Source":"GHBTracker","WatsonBuckets":null}
03/25/2026 03:42:17 Object reference not set to an instance of an object.
{"ClassName":"System.NullReferenceException","Message":"Object reference not set to an instance of an object.","Data":null,"InnerException":null,"HelpURL":null,"StackTraceString":"   at Program.Main() in /home/runner/work/GHBTracker/GHBTracker/Program.cs:line 25","RemoteStackTraceString":null,"RemoteStackIndex":0,"ExceptionMethod":null,"HResult":-2147467261,"Source":"GHBTracker","WatsonBuckets":null}
03/25/2026 05:15:49 Object reference not set to an instance of an object.
{"ClassName":"System.NullReferenceException","Message":"Object reference not set to an instance of an object.","Data":null,"InnerException":null,"HelpURL":null,"StackTraceString":"   at Program.Main() in /home/runner/work/GHBTracker/GHBTracker/Program.cs:line 25","RemoteStackTraceString":null,"RemoteStackIndex":0,"ExceptionMethod":null,"HResult":-2147467261,"Source":"GHBTracker","WatsonBuckets":null}
03/25/2026 06:16:02 Object reference not set to an instance of an object.
{"ClassName":"System.NullReferenceException","Message":"Object reference not set to an instance of an object.","Data":null,"InnerException":null,"HelpURL":null,"StackTraceString":"   at Program.Main() in /home/runner/work/GHBTracker/GHBTracker/Program.cs:line 25","RemoteStackTraceString":null,"RemoteStackIndex":0,"ExceptionMethod":null,"HResult":-2147467261,"Source":"GHBTracker","WatsonBuckets":null}
03/25/2026 07:31:45 Object reference not set to an instance of an object.
{"ClassName":"System.NullReferenceException","Message":"Object reference not set to an instance of an object.","Data":null,"InnerException":null,"HelpURL":null,"StackTraceString":"   at Program.Main() in /home/runner/work/GHBTracker/GHBTracker/Program.cs:line 25","RemoteStackTraceString":null,"RemoteStackIndex":0,"ExceptionMethod":null,"HResult":-2147467261,"Source":"GHBTracker","WatsonBuckets":null}
03/25/2026 08:27:20 Object reference not set to an instance of an object.
{"ClassName":"System.NullReferenceException","Message":"Object reference not set to an instance of an object.","Data":null,"InnerException":null,"HelpURL":null,"StackTraceString":"   at Program.Main() in /home/runner/work/GHBTracker/GHBTracker/Program.cs:line 25","RemoteStackTraceString":null,"RemoteStackIndex":0,"ExceptionMethod":null,"HResult":-2147467261,"Source":"GHBTracker","WatsonBuckets":null}
03/25/2026 09:29:10 Object reference not set to an instance of an object.
{"ClassName":"System.NullReferenceException","Message":"Object reference not set to an instance of an object.","Data":null,"InnerException":null,"HelpURL":null,"StackTraceString":"   at Program.Main() in /home/runner/work/GHBTracker/GHBTracker/Program.cs:line 25","RemoteStackTraceString":null,"RemoteStackIndex":0,"ExceptionMethod":null,"HResult":-2147467261,"Source":"GHBTracker","WatsonBuckets":null}
03/25/2026 10:27:48 Object reference not set to an instance of an object.
{"ClassName":"System.NullReferenceException","Message":"Object reference not set to an instance of an object.","Data":null,"InnerException":null,"HelpURL":null,"StackTraceString":"   at Program.Main() in /home/runner/work/GHBTracker/GHBTracker/Program.cs:line 25","RemoteStackTraceString":null,"RemoteStackIndex":0,"ExceptionMethod":null,"HResult":-2147467261,"Source":"GHBTracker","WatsonBuckets":null}
03/25/2026 11:24:03 Object reference not set to an instance of an object.
{"ClassName":"System.NullReferenceException","Message":"Object reference not set to an instance of an object.","Data":null,"InnerException":null,"HelpURL":null,"StackTraceString":"   at Program.Main() in /home/runner/work/GHBTracker/GHBTracker/Program.cs:line 25","RemoteStackTraceString":null,"RemoteStackIndex":0,"ExceptionMethod":null,"HResult":-2147467261,"Source":"GHBTracker","WatsonBuckets":null}
03/25/2026 12:02:50 Object reference not set to an instance of an object.
{"ClassName":"System.NullReferenceException","Message":"Object reference not set to an instance of an object.","Data":null,"InnerException":null,"HelpURL":null,"StackTraceString":"   at Program.Main() in /home/runner/work/GHBTracker/GHBTracker/Program.cs:line 25","RemoteStackTraceString":null,"RemoteStackIndex":0,"ExceptionMethod":null,"HResult":-2147467261,"Source":"GHBTracker","WatsonBuckets":null}
03/25/2026 13:47:24 Object reference not set to an instance of an object.
{"ClassName":"System.NullReferenceException","Message":"Object reference not set to an instance of an object.","Data":null,"InnerException":null,"HelpURL":null,"StackTraceString":"   at Program.Main() in /home/runner/work/GHBTracker/GHBTracker/Program.cs:line 25","RemoteStackTraceString":null,"RemoteStackIndex":0,"ExceptionMethod":null,"HResult":-2147467261,"Source":"GHBTracker","WatsonBuckets":null}
03/25/2026 14:48:24 Object reference not set to an instance of an object.
{"ClassName":"System.NullReferenceException","Message":"Object reference not set to an instance of an object.","Data":null,"InnerException":null,"HelpURL":null,"StackTraceString":"   at Program.Main() in /home/runner/work/GHBTracker/GHBTracker/Program.cs:line 25","RemoteStackTraceString":null,"RemoteStackIndex":0,"ExceptionMethod":null,"HResult":-2147467261,"Source":"GHBTracker","WatsonBuckets":null}
03/25/2026 15:54:42 Object reference not set to an instance of an object.
{"ClassName":"System.NullReferenceException","Message":"Object reference not set to an instance of an object.","Data":null,"InnerException":null,"HelpURL":null,"StackTraceString":"   at Program.Main() in /home/runner/work/GHBTracker/GHBTracker/Program.cs:line 25","RemoteStackTraceString":null,"RemoteStackIndex":0,"ExceptionMethod":null,"HResult":-2147467261,"Source":"GHBTracker","WatsonBuckets":null}
03/25/2026 17:02:31 Object reference not set to an instance of an object.
{"ClassName":"System.NullReferenceException","Message":"Object reference not set to an instance of an object.","Data":null,"InnerException":null,"HelpURL":null,"StackTraceString":"   at Program.Main() in /home/runner/work/GHBTracker/GHBTracker/Program.cs:line 25","RemoteStackTraceString":null,"RemoteStackIndex":0,"ExceptionMethod":null,"HResult":-2147467261,"Source":"GHBTracker","WatsonBuckets":null}
03/25/2026 18:08:34 Object reference not set to an instance of an object.
{"ClassName":"System.NullReferenceException","Message":"Object reference not set to an instance of an object.","Data":null,"InnerException":null,"HelpURL":null,"StackTraceString":"   at Program.Main() in /home/runner/work/GHBTracker/GHBTracker/Program.cs:line 25","RemoteStackTraceString":null,"RemoteStackIndex":0,"ExceptionMethod":null,"HResult":-2147467261,"Source":"GHBTracker","WatsonBuckets":null}
03/25/2026 19:11:04 Object reference not set to an instance of an object.
{"ClassName":"System.NullReferenceException","Message":"Object reference not set to an instance of an object.","Data":null,"InnerException":null,"HelpURL":null,"StackTraceString":"   at Program.Main() in /home/runner/work/GHBTracker/GHBTracker/Program.cs:line 25","RemoteStackTraceString":null,"RemoteStackIndex":0,"ExceptionMethod":null,"HResult":-2147467261,"Source":"GHBTracker","WatsonBuckets":null}
03/25/2026 19:56:16 Object reference not set to an instance of an object.
{"ClassName":"System.NullReferenceException","Message":"Object reference not set to an instance of an object.","Data":null,"InnerException":null,"HelpURL":null,"StackTraceString":"   at Program.Main() in /home/runner/work/GHBTracker/GHBTracker/Program.cs:line 25","RemoteStackTraceString":null,"RemoteStackIndex":0,"ExceptionMethod":null,"HResult":-2147467261,"Source":"GHBTracker","WatsonBuckets":null}
03/25/2026 20:41:37 Object reference not set to an instance of an object.
{"ClassName":"System.NullReferenceException","Message":"Object reference not set to an instance of an object.","Data":null,"InnerException":null,"HelpURL":null,"StackTraceString":"   at Program.Main() in /home/runner/work/GHBTracker/GHBTracker/Program.cs:line 25","RemoteStackTraceString":null,"RemoteStackIndex":0,"ExceptionMethod":null,"HResult":-2147467261,"Source":"GHBTracker","WatsonBuckets":null}
03/25/2026 21:23:03 Object reference not set to an instance of an object.
{"ClassName":"System.NullReferenceException","Message":"Object reference not set to an instance of an object.","Data":null,"InnerException":null,"HelpURL":null,"StackTraceString":"   at Program.Main() in /home/runner/work/GHBTracker/GHBTracker/Program.cs:line 25","RemoteStackTraceString":null,"RemoteStackIndex":0,"ExceptionMethod":null,"HResult":-2147467261,"Source":"GHBTracker","WatsonBuckets":null}
03/25/2026 22:01:29 Object reference not set to an instance of an object.
{"ClassName":"System.NullReferenceException","Message":"Object reference not set to an instance of an object.","Data":null,"InnerException":null,"HelpURL":null,"StackTraceString":"   at Program.Main() in /home/runner/work/GHBTracker/GHBTracker/Program.cs:line 25","RemoteStackTraceString":null,"RemoteStackIndex":0,"ExceptionMethod":null,"HResult":-2147467261,"Source":"GHBTracker","WatsonBuckets":null}
03/25/2026 22:53:49 Object reference not set to an instance of an object.
{"ClassName":"System.NullReferenceException","Message":"Object reference not set to an instance of an object.","Data":null,"InnerException":null,"HelpURL":null,"StackTraceString":"   at Program.Main() in /home/runner/work/GHBTracker/GHBTracker/Program.cs:line 25","RemoteStackTraceString":null,"RemoteStackIndex":0,"ExceptionMethod":null,"HResult":-2147467261,"Source":"GHBTracker","WatsonBuckets":null}
03/25/2026 23:35:37 Object reference not set to an instance of an object.
{"ClassName":"System.NullReferenceException","Message":"Object reference not set to an instance of an object.","Data":null,"InnerException":null,"HelpURL":null,"StackTraceString":"   at Program.Main() in /home/runner/work/GHBTracker/GHBTracker/Program.cs:line 25","RemoteStackTraceString":null,"RemoteStackIndex":0,"ExceptionMethod":null,"HResult":-2147467261,"Source":"GHBTracker","WatsonBuckets":null}
03/26/2026 00:02:48 Object reference not set to an instance of an object.
{"ClassName":"System.NullReferenceException","Message":"Object reference not set to an instance of an object.","Data":null,"InnerException":null,"HelpURL":null,"StackTraceString":"   at Program.Main() in /home/runner/work/GHBTracker/GHBTracker/Program.cs:line 25","RemoteStackTraceString":null,"RemoteStackIndex":0,"ExceptionMethod":null,"HResult":-2147467261,"Source":"GHBTracker","WatsonBuckets":null}
03/26/2026 03:25:01 Object reference not set to an instance of an object.
{"ClassName":"System.NullReferenceException","Message":"Object reference not set to an instance of an object.","Data":null,"InnerException":null,"HelpURL":null,"StackTraceString":"   at Program.Main() in /home/runner/work/GHBTracker/GHBTracker/Program.cs:line 25","RemoteStackTraceString":null,"RemoteStackIndex":0,"ExceptionMethod":null,"HResult":-2147467261,"Source":"GHBTracker","WatsonBuckets":null}
03/26/2026 05:22:29 The request was canceled due to the configured HttpClient.Timeout of 100 seconds elapsing.
{"ClassName":"System.Threading.Tasks.TaskCanceledException","Message":"The request was canceled due to the configured HttpClient.Timeout of 100 seconds elapsing.","Data":null,"InnerException":{"ClassName":"System.TimeoutException","Message":"A task was canceled.","Data":null,"InnerException":{"ClassName":"System.Threading.Tasks.TaskCanceledException","Message":"A task was canceled.","Data":null,"InnerException":null,"HelpURL":null,"StackTraceString":"   at System.Threading.Tasks.TaskCompletionSourceWithCancellation`1.WaitWithCancellationAsync(CancellationToken cancellationToken)\n   at System.Net.Http.HttpConnectionPool.SendWithVersionDetectionAndRetryAsync(HttpRequestMessage request, Boolean async, Boolean doRequestAuth, CancellationToken cancellationToken)\n   at System.Net.Http.RedirectHandler.SendAsync(HttpRequestMessage request, Boolean async, CancellationToken cancellationToken)\n   at System.Net.Http.HttpClient.<SendAsync>g__Core|83_0(HttpRequestMessage request, HttpCompletionOption completionOption, CancellationTokenSource cts, Boolean disposeCts, CancellationTokenSource pendingRequestsCts, CancellationToken originalCancellationToken)","RemoteStackTraceString":null,"RemoteStackIndex":0,"ExceptionMethod":null,"HResult":-2146233029,"Source":"System.Private.CoreLib","WatsonBuckets":null},"HelpURL":null,"StackTraceString":null,"RemoteStackTraceString":null,"RemoteStackIndex":0,"ExceptionMethod":null,"HResult":-2146233083,"Source":null,"WatsonBuckets":null},"HelpURL":null,"StackTraceString":"   at System.Net.Http.HttpClient.HandleFailure(Exception e, Boolean telemetryStarted, HttpResponseMessage response, CancellationTokenSource cts, CancellationToken cancellationToken, CancellationTokenSource pendingRequestsCts)\n   at System.Net.Http.HttpClient.<SendAsync>g__Core|83_0(HttpRequestMessage request, HttpCompletionOption completionOption, CancellationTokenSource cts, Boolean disposeCts, CancellationTokenSource pendingRequestsCts, CancellationToken originalCancellationToken)\n   at Program.Main() in /home/runner/work/GHBTracker/GHBTracker/Program.cs:line 22","RemoteStackTraceString":null,"RemoteStackIndex":0,"ExceptionMethod":null,"HResult":-2146233029,"Source":"System.Net.Http","WatsonBuckets":null}
03/27/2026 19:24:29 Object reference not set to an instance of an object.
{"ClassName":"System.NullReferenceException","Message":"Object reference not set to an instance of an object.","Data":null,"InnerException":null,"HelpURL":null,"StackTraceString":"   at Program.Main() in /home/runner/work/GHBTracker/GHBTracker/Program.cs:line 25","RemoteStackTraceString":null,"RemoteStackIndex":0,"ExceptionMethod":null,"HResult":-2147467261,"Source":"GHBTracker","WatsonBuckets":null}
04/04/2026 05:05:47 The request was canceled due to the configured HttpClient.Timeout of 100 seconds elapsing.
{"ClassName":"System.Threading.Tasks.TaskCanceledException","Message":"The request was canceled due to the configured HttpClient.Timeout of 100 seconds elapsing.","Data":null,"InnerException":{"ClassName":"System.TimeoutException","Message":"A task was canceled.","Data":null,"InnerException":{"ClassName":"System.Threading.Tasks.TaskCanceledException","Message":"A task was canceled.","Data":null,"InnerException":null,"HelpURL":null,"StackTraceString":"   at System.Threading.Tasks.TaskCompletionSourceWithCancellation`1.WaitWithCancellationAsync(CancellationToken cancellationToken)\n   at System.Net.Http.HttpConnectionPool.SendWithVersionDetectionAndRetryAsync(HttpRequestMessage request, Boolean async, Boolean doRequestAuth, CancellationToken cancellationToken)\n   at System.Net.Http.RedirectHandler.SendAsync(HttpRequestMessage request, Boolean async, CancellationToken cancellationToken)\n   at System.Net.Http.HttpClient.<SendAsync>g__Core|83_0(HttpRequestMessage request, HttpCompletionOption completionOption, CancellationTokenSource cts, Boolean disposeCts, CancellationTokenSource pendingRequestsCts, CancellationToken originalCancellationToken)","RemoteStackTraceString":null,"RemoteStackIndex":0,"ExceptionMethod":null,"HResult":-2146233029,"Source":"System.Private.CoreLib","WatsonBuckets":null},"HelpURL":null,"StackTraceString":null,"RemoteStackTraceString":null,"RemoteStackIndex":0,"ExceptionMethod":null,"HResult":-2146233083,"Source":null,"WatsonBuckets":null},"HelpURL":null,"StackTraceString":"   at System.Net.Http.HttpClient.HandleFailure(Exception e, Boolean telemetryStarted, HttpResponseMessage response, CancellationTokenSource cts, CancellationToken cancellationToken, CancellationTokenSource pendingRequestsCts)\n   at System.Net.Http.HttpClient.<SendAsync>g__Core|83_0(HttpRequestMessage request, HttpCompletionOption completionOption, CancellationTokenSource cts, Boolean disposeCts, CancellationTokenSource pendingRequestsCts, CancellationToken originalCancellationToken)\n   at Program.Main() in /home/runner/work/GHBTracker/GHBTracker/Program.cs:line 22","RemoteStackTraceString":null,"RemoteStackIndex":0,"ExceptionMethod":null,"HResult":-2146233029,"Source":"System.Net.Http","WatsonBuckets":null}
04/04/2026 15:03:17 Error while copying content to a stream.
{"HttpRequestError":0,"StatusCode":null,"Message":"Error while copying content to a stream.","Data":{},"InnerException":{"ClassName":"System.IO.IOException","Message":"Unable to read data from the transport connection: Connection reset by peer.","Data":null,"InnerException":{"ClassName":"System.Net.Sockets.SocketException","Message":"Connection reset by peer","Data":null,"InnerException":null,"HelpURL":null,"StackTraceString":null,"RemoteStackTraceString":"   at System.Net.Sockets.Socket.AwaitableSocketAsyncEventArgs.CreateException(SocketError error, Boolean forAsyncThrow)\n   at System.Net.Sockets.NetworkStream.ReadAsync(Memory`1 buffer, CancellationToken cancellationToken)\n   at System.Net.Security.SslStream.EnsureFullTlsFrameAsync[TIOAdapter](CancellationToken cancellationToken, Int32 estimatedSize)\n   at System.Runtime.CompilerServices.PoolingAsyncValueTaskMethodBuilder`1.StateMachineBox`1.ExecutionContextCallback(Object s)\n   at System.Threading.ExecutionContext.RunInternal(ExecutionContext executionContext, ContextCallback callback, Object state)\n   at System.Runtime.CompilerServices.PoolingAsyncValueTaskMethodBuilder`1.StateMachineBox`1.MoveNext()\n   at System.Net.Sockets.SocketAsyncEventArgs.TransferCompletionCallbackCore(Int32 bytesTransferred, Memory`1 socketAddress, SocketFlags receivedFlags, SocketError socketError)\n   at System.Net.Sockets.SocketAsyncEngine.System.Threading.IThreadPoolWorkItem.Execute()\n   at System.Threading.ThreadPoolWorkQueue.Dispatch()\n   at System.Threading.PortableThreadPool.WorkerThread.WorkerThreadStart()\n--- End of stack trace from previous location ---\n","RemoteStackIndex":0,"ExceptionMethod":null,"HResult":-2147467259,"Source":null,"WatsonBuckets":null,"NativeErrorCode":104},"HelpURL":null,"StackTraceString":"   at System.Net.Security.SslStream.EnsureFullTlsFrameAsync[TIOAdapter](CancellationToken cancellationToken, Int32 estimatedSize)\n   at System.Runtime.CompilerServices.PoolingAsyncValueTaskMethodBuilder`1.StateMachineBox`1.System.Threading.Tasks.Sources.IValueTaskSource<TResult>.GetResult(Int16 token)\n   at System.Net.Security.SslStream.ReadAsyncInternal[TIOAdapter](Memory`1 buffer, CancellationToken cancellationToken)\n   at System.Runtime.CompilerServices.PoolingAsyncValueTaskMethodBuilder`1.StateMachineBox`1.System.Threading.Tasks.Sources.IValueTaskSource<TResult>.GetResult(Int16 token)\n   at System.Net.Http.HttpConnection.FillAsync(Boolean async)\n   at System.Net.Http.HttpConnection.ChunkedEncodingReadStream.CopyToAsyncCore(Stream destination, CancellationToken cancellationToken)\n   at System.Net.Http.HttpConnectionResponseContent.<SerializeToStreamAsync>g__Impl|6_0(Stream stream, CancellationToken cancellationToken)\n   at System.Net.Http.HttpContent.LoadIntoBufferAsyncCore(Task serializeToStreamTask, MemoryStream tempBuffer)","RemoteStackTraceString":null,"RemoteStackIndex":0,"ExceptionMethod":null,"HResult":-2146232800,"Source":"System.Private.CoreLib","WatsonBuckets":null},"HelpLink":null,"Source":"System.Net.Http","HResult":-2146232800,"StackTrace":"   at System.Net.Http.HttpContent.LoadIntoBufferAsyncCore(Task serializeToStreamTask, MemoryStream tempBuffer)\n   at System.Net.Http.HttpClient.<SendAsync>g__Core|83_0(HttpRequestMessage request, HttpCompletionOption completionOption, CancellationTokenSource cts, Boolean disposeCts, CancellationTokenSource pendingRequestsCts, CancellationToken originalCancellationToken)\n   at Program.Main() in /home/runner/work/GHBTracker/GHBTracker/Program.cs:line 22"}
04/07/2026 17:45:30 The request was canceled due to the configured HttpClient.Timeout of 100 seconds elapsing.
{"ClassName":"System.Threading.Tasks.TaskCanceledException","Message":"The request was canceled due to the configured HttpClient.Timeout of 100 seconds elapsing.","Data":null,"InnerException":{"ClassName":"System.TimeoutException","Message":"A task was canceled.","Data":null,"InnerException":{"ClassName":"System.Threading.Tasks.TaskCanceledException","Message":"A task was canceled.","Data":null,"InnerException":null,"HelpURL":null,"StackTraceString":"   at System.Threading.Tasks.TaskCompletionSourceWithCancellation`1.WaitWithCancellationAsync(CancellationToken cancellationToken)\n   at System.Net.Http.HttpConnectionPool.SendWithVersionDetectionAndRetryAsync(HttpRequestMessage request, Boolean async, Boolean doRequestAuth, CancellationToken cancellationToken)\n   at System.Net.Http.RedirectHandler.SendAsync(HttpRequestMessage request, Boolean async, CancellationToken cancellationToken)\n   at System.Net.Http.HttpClient.<SendAsync>g__Core|83_0(HttpRequestMessage request, HttpCompletionOption completionOption, CancellationTokenSource cts, Boolean disposeCts, CancellationTokenSource pendingRequestsCts, CancellationToken originalCancellationToken)","RemoteStackTraceString":null,"RemoteStackIndex":0,"ExceptionMethod":null,"HResult":-2146233029,"Source":"System.Private.CoreLib","WatsonBuckets":null},"HelpURL":null,"StackTraceString":null,"RemoteStackTraceString":null,"RemoteStackIndex":0,"ExceptionMethod":null,"HResult":-2146233083,"Source":null,"WatsonBuckets":null},"HelpURL":null,"StackTraceString":"   at System.Net.Http.HttpClient.HandleFailure(Exception e, Boolean telemetryStarted, HttpResponseMessage response, CancellationTokenSource cts, CancellationToken cancellationToken, CancellationTokenSource pendingRequestsCts)\n   at System.Net.Http.HttpClient.<SendAsync>g__Core|83_0(HttpRequestMessage request, HttpCompletionOption completionOption, CancellationTokenSource cts, Boolean disposeCts, CancellationTokenSource pendingRequestsCts, CancellationToken originalCancellationToken)\n   at Program.Main() in /home/runner/work/GHBTracker/GHBTracker/Program.cs:line 22","RemoteStackTraceString":null,"RemoteStackIndex":0,"ExceptionMethod":null,"HResult":-2146233029,"Source":"System.Net.Http","WatsonBuckets":null}
04/07/2026 22:06:05 The request was canceled due to the configured HttpClient.Timeout of 100 seconds elapsing.
{"ClassName":"System.Threading.Tasks.TaskCanceledException","Message":"The request was canceled due to the configured HttpClient.Timeout of 100 seconds elapsing.","Data":null,"InnerException":{"ClassName":"System.TimeoutException","Message":"A task was canceled.","Data":null,"InnerException":{"ClassName":"System.Threading.Tasks.TaskCanceledException","Message":"A task was canceled.","Data":null,"InnerException":null,"HelpURL":null,"StackTraceString":"   at System.Threading.Tasks.TaskCompletionSourceWithCancellation`1.WaitWithCancellationAsync(CancellationToken cancellationToken)\n   at System.Net.Http.HttpConnectionPool.SendWithVersionDetectionAndRetryAsync(HttpRequestMessage request, Boolean async, Boolean doRequestAuth, CancellationToken cancellationToken)\n   at System.Net.Http.RedirectHandler.SendAsync(HttpRequestMessage request, Boolean async, CancellationToken cancellationToken)\n   at System.Net.Http.HttpClient.<SendAsync>g__Core|83_0(HttpRequestMessage request, HttpCompletionOption completionOption, CancellationTokenSource cts, Boolean disposeCts, CancellationTokenSource pendingRequestsCts, CancellationToken originalCancellationToken)","RemoteStackTraceString":null,"RemoteStackIndex":0,"ExceptionMethod":null,"HResult":-2146233029,"Source":"System.Private.CoreLib","WatsonBuckets":null},"HelpURL":null,"StackTraceString":null,"RemoteStackTraceString":null,"RemoteStackIndex":0,"ExceptionMethod":null,"HResult":-2146233083,"Source":null,"WatsonBuckets":null},"HelpURL":null,"StackTraceString":"   at System.Net.Http.HttpClient.HandleFailure(Exception e, Boolean telemetryStarted, HttpResponseMessage response, CancellationTokenSource cts, CancellationToken cancellationToken, CancellationTokenSource pendingRequestsCts)\n   at System.Net.Http.HttpClient.<SendAsync>g__Core|83_0(HttpRequestMessage request, HttpCompletionOption completionOption, CancellationTokenSource cts, Boolean disposeCts, CancellationTokenSource pendingRequestsCts, CancellationToken originalCancellationToken)\n   at Program.Main() in /home/runner/work/GHBTracker/GHBTracker/Program.cs:line 22","RemoteStackTraceString":null,"RemoteStackIndex":0,"ExceptionMethod":null,"HResult":-2146233029,"Source":"System.Net.Http","WatsonBuckets":null}
04/07/2026 22:58:03 The request was canceled due to the configured HttpClient.Timeout of 100 seconds elapsing.
{"ClassName":"System.Threading.Tasks.TaskCanceledException","Message":"The request was canceled due to the configured HttpClient.Timeout of 100 seconds elapsing.","Data":null,"InnerException":{"ClassName":"System.TimeoutException","Message":"A task was canceled.","Data":null,"InnerException":{"ClassName":"System.Threading.Tasks.TaskCanceledException","Message":"A task was canceled.","Data":null,"InnerException":null,"HelpURL":null,"StackTraceString":"   at System.Threading.Tasks.TaskCompletionSourceWithCancellation`1.WaitWithCancellationAsync(CancellationToken cancellationToken)\n   at System.Net.Http.HttpConnectionPool.SendWithVersionDetectionAndRetryAsync(HttpRequestMessage request, Boolean async, Boolean doRequestAuth, CancellationToken cancellationToken)\n   at System.Net.Http.RedirectHandler.SendAsync(HttpRequestMessage request, Boolean async, CancellationToken cancellationToken)\n   at System.Net.Http.HttpClient.<SendAsync>g__Core|83_0(HttpRequestMessage request, HttpCompletionOption completionOption, CancellationTokenSource cts, Boolean disposeCts, CancellationTokenSource pendingRequestsCts, CancellationToken originalCancellationToken)","RemoteStackTraceString":null,"RemoteStackIndex":0,"ExceptionMethod":null,"HResult":-2146233029,"Source":"System.Private.CoreLib","WatsonBuckets":null},"HelpURL":null,"StackTraceString":null,"RemoteStackTraceString":null,"RemoteStackIndex":0,"ExceptionMethod":null,"HResult":-2146233083,"Source":null,"WatsonBuckets":null},"HelpURL":null,"StackTraceString":"   at System.Net.Http.HttpClient.HandleFailure(Exception e, Boolean telemetryStarted, HttpResponseMessage response, CancellationTokenSource cts, CancellationToken cancellationToken, CancellationTokenSource pendingRequestsCts)\n   at System.Net.Http.HttpClient.<SendAsync>g__Core|83_0(HttpRequestMessage request, HttpCompletionOption completionOption, CancellationTokenSource cts, Boolean disposeCts, CancellationTokenSource pendingRequestsCts, CancellationToken originalCancellationToken)\n   at Program.Main() in /home/runner/work/GHBTracker/GHBTracker/Program.cs:line 22","RemoteStackTraceString":null,"RemoteStackIndex":0,"ExceptionMethod":null,"HResult":-2146233029,"Source":"System.Net.Http","WatsonBuckets":null}
04/09/2026 02:25:09 The request was canceled due to the configured HttpClient.Timeout of 100 seconds elapsing.
{"ClassName":"System.Threading.Tasks.TaskCanceledException","Message":"The request was canceled due to the configured HttpClient.Timeout of 100 seconds elapsing.","Data":null,"InnerException":{"ClassName":"System.TimeoutException","Message":"A task was canceled.","Data":null,"InnerException":{"ClassName":"System.Threading.Tasks.TaskCanceledException","Message":"A task was canceled.","Data":null,"InnerException":null,"HelpURL":null,"StackTraceString":"   at System.Threading.Tasks.TaskCompletionSourceWithCancellation`1.WaitWithCancellationAsync(CancellationToken cancellationToken)\n   at System.Net.Http.HttpConnectionPool.SendWithVersionDetectionAndRetryAsync(HttpRequestMessage request, Boolean async, Boolean doRequestAuth, CancellationToken cancellationToken)\n   at System.Net.Http.RedirectHandler.SendAsync(HttpRequestMessage request, Boolean async, CancellationToken cancellationToken)\n   at System.Net.Http.HttpClient.<SendAsync>g__Core|83_0(HttpRequestMessage request, HttpCompletionOption completionOption, CancellationTokenSource cts, Boolean disposeCts, CancellationTokenSource pendingRequestsCts, CancellationToken originalCancellationToken)","RemoteStackTraceString":null,"RemoteStackIndex":0,"ExceptionMethod":null,"HResult":-2146233029,"Source":"System.Private.CoreLib","WatsonBuckets":null},"HelpURL":null,"StackTraceString":null,"RemoteStackTraceString":null,"RemoteStackIndex":0,"ExceptionMethod":null,"HResult":-2146233083,"Source":null,"WatsonBuckets":null},"HelpURL":null,"StackTraceString":"   at System.Net.Http.HttpClient.HandleFailure(Exception e, Boolean telemetryStarted, HttpResponseMessage response, CancellationTokenSource cts, CancellationToken cancellationToken, CancellationTokenSource pendingRequestsCts)\n   at System.Net.Http.HttpClient.<SendAsync>g__Core|83_0(HttpRequestMessage request, HttpCompletionOption completionOption, CancellationTokenSource cts, Boolean disposeCts, CancellationTokenSource pendingRequestsCts, CancellationToken originalCancellationToken)\n   at Program.Main() in /home/runner/work/GHBTracker/GHBTracker/Program.cs:line 22","RemoteStackTraceString":null,"RemoteStackIndex":0,"ExceptionMethod":null,"HResult":-2146233029,"Source":"System.Net.Http","WatsonBuckets":null}
04/11/2026 16:59:59 The request was canceled due to the configured HttpClient.Timeout of 100 seconds elapsing.
{"ClassName":"System.Threading.Tasks.TaskCanceledException","Message":"The request was canceled due to the configured HttpClient.Timeout of 100 seconds elapsing.","Data":null,"InnerException":{"ClassName":"System.TimeoutException","Message":"A task was canceled.","Data":null,"InnerException":{"ClassName":"System.Threading.Tasks.TaskCanceledException","Message":"A task was canceled.","Data":null,"InnerException":null,"HelpURL":null,"StackTraceString":"   at System.Threading.Tasks.TaskCompletionSourceWithCancellation`1.WaitWithCancellationAsync(CancellationToken cancellationToken)\n   at System.Net.Http.HttpConnectionPool.SendWithVersionDetectionAndRetryAsync(HttpRequestMessage request, Boolean async, Boolean doRequestAuth, CancellationToken cancellationToken)\n   at System.Net.Http.RedirectHandler.SendAsync(HttpRequestMessage request, Boolean async, CancellationToken cancellationToken)\n   at System.Net.Http.HttpClient.<SendAsync>g__Core|83_0(HttpRequestMessage request, HttpCompletionOption completionOption, CancellationTokenSource cts, Boolean disposeCts, CancellationTokenSource pendingRequestsCts, CancellationToken originalCancellationToken)","RemoteStackTraceString":null,"RemoteStackIndex":0,"ExceptionMethod":null,"HResult":-2146233029,"Source":"System.Private.CoreLib","WatsonBuckets":null},"HelpURL":null,"StackTraceString":null,"RemoteStackTraceString":null,"RemoteStackIndex":0,"ExceptionMethod":null,"HResult":-2146233083,"Source":null,"WatsonBuckets":null},"HelpURL":null,"StackTraceString":"   at System.Net.Http.HttpClient.HandleFailure(Exception e, Boolean telemetryStarted, HttpResponseMessage response, CancellationTokenSource cts, CancellationToken cancellationToken, CancellationTokenSource pendingRequestsCts)\n   at System.Net.Http.HttpClient.<SendAsync>g__Core|83_0(HttpRequestMessage request, HttpCompletionOption completionOption, CancellationTokenSource cts, Boolean disposeCts, CancellationTokenSource pendingRequestsCts, CancellationToken originalCancellationToken)\n   at Program.Main() in /home/runner/work/GHBTracker/GHBTracker/Program.cs:line 22","RemoteStackTraceString":null,"RemoteStackIndex":0,"ExceptionMethod":null,"HResult":-2146233029,"Source":"System.Net.Http","WatsonBuckets":null}
04/12/2026 21:06:50 The request was canceled due to the configured HttpClient.Timeout of 100 seconds elapsing.
{"ClassName":"System.Threading.Tasks.TaskCanceledException","Message":"The request was canceled due to the configured HttpClient.Timeout of 100 seconds elapsing.","Data":null,"InnerException":{"ClassName":"System.TimeoutException","Message":"A task was canceled.","Data":null,"InnerException":{"ClassName":"System.Threading.Tasks.TaskCanceledException","Message":"A task was canceled.","Data":null,"InnerException":null,"HelpURL":null,"StackTraceString":"   at System.Threading.Tasks.TaskCompletionSourceWithCancellation`1.WaitWithCancellationAsync(CancellationToken cancellationToken)\n   at System.Net.Http.HttpConnectionPool.SendWithVersionDetectionAndRetryAsync(HttpRequestMessage request, Boolean async, Boolean doRequestAuth, CancellationToken cancellationToken)\n   at System.Net.Http.RedirectHandler.SendAsync(HttpRequestMessage request, Boolean async, CancellationToken cancellationToken)\n   at System.Net.Http.HttpClient.<SendAsync>g__Core|83_0(HttpRequestMessage request, HttpCompletionOption completionOption, CancellationTokenSource cts, Boolean disposeCts, CancellationTokenSource pendingRequestsCts, CancellationToken originalCancellationToken)","RemoteStackTraceString":null,"RemoteStackIndex":0,"ExceptionMethod":null,"HResult":-2146233029,"Source":"System.Private.CoreLib","WatsonBuckets":null},"HelpURL":null,"StackTraceString":null,"RemoteStackTraceString":null,"RemoteStackIndex":0,"ExceptionMethod":null,"HResult":-2146233083,"Source":null,"WatsonBuckets":null},"HelpURL":null,"StackTraceString":"   at System.Net.Http.HttpClient.HandleFailure(Exception e, Boolean telemetryStarted, HttpResponseMessage response, CancellationTokenSource cts, CancellationToken cancellationToken, CancellationTokenSource pendingRequestsCts)\n   at System.Net.Http.HttpClient.<SendAsync>g__Core|83_0(HttpRequestMessage request, HttpCompletionOption completionOption, CancellationTokenSource cts, Boolean disposeCts, CancellationTokenSource pendingRequestsCts, CancellationToken originalCancellationToken)\n   at Program.Main() in /home/runner/work/GHBTracker/GHBTracker/Program.cs:line 22","RemoteStackTraceString":null,"RemoteStackIndex":0,"ExceptionMethod":null,"HResult":-2146233029,"Source":"System.Net.Http","WatsonBuckets":null}
04/13/2026 10:22:01 The request was canceled due to the configured HttpClient.Timeout of 100 seconds elapsing.
{"ClassName":"System.Threading.Tasks.TaskCanceledException","Message":"The request was canceled due to the configured HttpClient.Timeout of 100 seconds elapsing.","Data":null,"InnerException":{"ClassName":"System.TimeoutException","Message":"A task was canceled.","Data":null,"InnerException":{"ClassName":"System.Threading.Tasks.TaskCanceledException","Message":"A task was canceled.","Data":null,"InnerException":null,"HelpURL":null,"StackTraceString":"   at System.Threading.Tasks.TaskCompletionSourceWithCancellation`1.WaitWithCancellationAsync(CancellationToken cancellationToken)\n   at System.Net.Http.HttpConnectionPool.SendWithVersionDetectionAndRetryAsync(HttpRequestMessage request, Boolean async, Boolean doRequestAuth, CancellationToken cancellationToken)\n   at System.Net.Http.RedirectHandler.SendAsync(HttpRequestMessage request, Boolean async, CancellationToken cancellationToken)\n   at System.Net.Http.HttpClient.<SendAsync>g__Core|83_0(HttpRequestMessage request, HttpCompletionOption completionOption, CancellationTokenSource cts, Boolean disposeCts, CancellationTokenSource pendingRequestsCts, CancellationToken originalCancellationToken)","RemoteStackTraceString":null,"RemoteStackIndex":0,"ExceptionMethod":null,"HResult":-2146233029,"Source":"System.Private.CoreLib","WatsonBuckets":null},"HelpURL":null,"StackTraceString":null,"RemoteStackTraceString":null,"RemoteStackIndex":0,"ExceptionMethod":null,"HResult":-2146233083,"Source":null,"WatsonBuckets":null},"HelpURL":null,"StackTraceString":"   at System.Net.Http.HttpClient.HandleFailure(Exception e, Boolean telemetryStarted, HttpResponseMessage response, CancellationTokenSource cts, CancellationToken cancellationToken, CancellationTokenSource pendingRequestsCts)\n   at System.Net.Http.HttpClient.<SendAsync>g__Core|83_0(HttpRequestMessage request, HttpCompletionOption completionOption, CancellationTokenSource cts, Boolean disposeCts, CancellationTokenSource pendingRequestsCts, CancellationToken originalCancellationToken)\n   at Program.Main() in /home/runner/work/GHBTracker/GHBTracker/Program.cs:line 22","RemoteStackTraceString":null,"RemoteStackIndex":0,"ExceptionMethod":null,"HResult":-2146233029,"Source":"System.Net.Http","WatsonBuckets":null}
04/13/2026 15:57:24 The request was canceled due to the configured HttpClient.Timeout of 100 seconds elapsing.
{"ClassName":"System.Threading.Tasks.TaskCanceledException","Message":"The request was canceled due to the configured HttpClient.Timeout of 100 seconds elapsing.","Data":null,"InnerException":{"ClassName":"System.TimeoutException","Message":"A task was canceled.","Data":null,"InnerException":{"ClassName":"System.Threading.Tasks.TaskCanceledException","Message":"A task was canceled.","Data":null,"InnerException":null,"HelpURL":null,"StackTraceString":"   at System.Threading.Tasks.TaskCompletionSourceWithCancellation`1.WaitWithCancellationAsync(CancellationToken cancellationToken)\n   at System.Net.Http.HttpConnectionPool.SendWithVersionDetectionAndRetryAsync(HttpRequestMessage request, Boolean async, Boolean doRequestAuth, CancellationToken cancellationToken)\n   at System.Net.Http.RedirectHandler.SendAsync(HttpRequestMessage request, Boolean async, CancellationToken cancellationToken)\n   at System.Net.Http.HttpClient.<SendAsync>g__Core|83_0(HttpRequestMessage request, HttpCompletionOption completionOption, CancellationTokenSource cts, Boolean disposeCts, CancellationTokenSource pendingRequestsCts, CancellationToken originalCancellationToken)","RemoteStackTraceString":null,"RemoteStackIndex":0,"ExceptionMethod":null,"HResult":-2146233029,"Source":"System.Private.CoreLib","WatsonBuckets":null},"HelpURL":null,"StackTraceString":null,"RemoteStackTraceString":null,"RemoteStackIndex":0,"ExceptionMethod":null,"HResult":-2146233083,"Source":null,"WatsonBuckets":null},"HelpURL":null,"StackTraceString":"   at System.Net.Http.HttpClient.HandleFailure(Exception e, Boolean telemetryStarted, HttpResponseMessage response, CancellationTokenSource cts, CancellationToken cancellationToken, CancellationTokenSource pendingRequestsCts)\n   at System.Net.Http.HttpClient.<SendAsync>g__Core|83_0(HttpRequestMessage request, HttpCompletionOption completionOption, CancellationTokenSource cts, Boolean disposeCts, CancellationTokenSource pendingRequestsCts, CancellationToken originalCancellationToken)\n   at Program.Main() in /home/runner/work/GHBTracker/GHBTracker/Program.cs:line 22","RemoteStackTraceString":null,"RemoteStackIndex":0,"ExceptionMethod":null,"HResult":-2146233029,"Source":"System.Net.Http","WatsonBuckets":null}
04/17/2026 10:23:40 The request was canceled due to the configured HttpClient.Timeout of 100 seconds elapsing.
{"ClassName":"System.Threading.Tasks.TaskCanceledException","Message":"The request was canceled due to the configured HttpClient.Timeout of 100 seconds elapsing.","Data":null,"InnerException":{"ClassName":"System.TimeoutException","Message":"A task was canceled.","Data":null,"InnerException":{"ClassName":"System.Threading.Tasks.TaskCanceledException","Message":"A task was canceled.","Data":null,"InnerException":null,"HelpURL":null,"StackTraceString":"   at System.Threading.Tasks.TaskCompletionSourceWithCancellation`1.WaitWithCancellationAsync(CancellationToken cancellationToken)\n   at System.Net.Http.HttpConnectionPool.SendWithVersionDetectionAndRetryAsync(HttpRequestMessage request, Boolean async, Boolean doRequestAuth, CancellationToken cancellationToken)\n   at System.Net.Http.RedirectHandler.SendAsync(HttpRequestMessage request, Boolean async, CancellationToken cancellationToken)\n   at System.Net.Http.HttpClient.<SendAsync>g__Core|83_0(HttpRequestMessage request, HttpCompletionOption completionOption, CancellationTokenSource cts, Boolean disposeCts, CancellationTokenSource pendingRequestsCts, CancellationToken originalCancellationToken)","RemoteStackTraceString":null,"RemoteStackIndex":0,"ExceptionMethod":null,"HResult":-2146233029,"Source":"System.Private.CoreLib","WatsonBuckets":null},"HelpURL":null,"StackTraceString":null,"RemoteStackTraceString":null,"RemoteStackIndex":0,"ExceptionMethod":null,"HResult":-2146233083,"Source":null,"WatsonBuckets":null},"HelpURL":null,"StackTraceString":"   at System.Net.Http.HttpClient.HandleFailure(Exception e, Boolean telemetryStarted, HttpResponseMessage response, CancellationTokenSource cts, CancellationToken cancellationToken, CancellationTokenSource pendingRequestsCts)\n   at System.Net.Http.HttpClient.<SendAsync>g__Core|83_0(HttpRequestMessage request, HttpCompletionOption completionOption, CancellationTokenSource cts, Boolean disposeCts, CancellationTokenSource pendingRequestsCts, CancellationToken originalCancellationToken)\n   at Program.Main() in /home/runner/work/GHBTracker/GHBTracker/Program.cs:line 22","RemoteStackTraceString":null,"RemoteStackIndex":0,"ExceptionMethod":null,"HResult":-2146233029,"Source":"System.Net.Http","WatsonBuckets":null}
04/18/2026 19:09:08 The request was canceled due to the configured HttpClient.Timeout of 100 seconds elapsing.
{"ClassName":"System.Threading.Tasks.TaskCanceledException","Message":"The request was canceled due to the configured HttpClient.Timeout of 100 seconds elapsing.","Data":null,"InnerException":{"ClassName":"System.TimeoutException","Message":"A task was canceled.","Data":null,"InnerException":{"ClassName":"System.Threading.Tasks.TaskCanceledException","Message":"A task was canceled.","Data":null,"InnerException":null,"HelpURL":null,"StackTraceString":"   at System.Threading.Tasks.TaskCompletionSourceWithCancellation`1.WaitWithCancellationAsync(CancellationToken cancellationToken)\n   at System.Net.Http.HttpConnectionPool.SendWithVersionDetectionAndRetryAsync(HttpRequestMessage request, Boolean async, Boolean doRequestAuth, CancellationToken cancellationToken)\n   at System.Net.Http.RedirectHandler.SendAsync(HttpRequestMessage request, Boolean async, CancellationToken cancellationToken)\n   at System.Net.Http.HttpClient.<SendAsync>g__Core|83_0(HttpRequestMessage request, HttpCompletionOption completionOption, CancellationTokenSource cts, Boolean disposeCts, CancellationTokenSource pendingRequestsCts, CancellationToken originalCancellationToken)","RemoteStackTraceString":null,"RemoteStackIndex":0,"ExceptionMethod":null,"HResult":-2146233029,"Source":"System.Private.CoreLib","WatsonBuckets":null},"HelpURL":null,"StackTraceString":null,"RemoteStackTraceString":null,"RemoteStackIndex":0,"ExceptionMethod":null,"HResult":-2146233083,"Source":null,"WatsonBuckets":null},"HelpURL":null,"StackTraceString":"   at System.Net.Http.HttpClient.HandleFailure(Exception e, Boolean telemetryStarted, HttpResponseMessage response, CancellationTokenSource cts, CancellationToken cancellationToken, CancellationTokenSource pendingRequestsCts)\n   at System.Net.Http.HttpClient.<SendAsync>g__Core|83_0(HttpRequestMessage request, HttpCompletionOption completionOption, CancellationTokenSource cts, Boolean disposeCts, CancellationTokenSource pendingRequestsCts, CancellationToken originalCancellationToken)\n   at Program.Main() in /home/runner/work/GHBTracker/GHBTracker/Program.cs:line 22","RemoteStackTraceString":null,"RemoteStackIndex":0,"ExceptionMethod":null,"HResult":-2146233029,"Source":"System.Net.Http","WatsonBuckets":null}
04/18/2026 21:08:18 The request was canceled due to the configured HttpClient.Timeout of 100 seconds elapsing.
{"ClassName":"System.Threading.Tasks.TaskCanceledException","Message":"The request was canceled due to the configured HttpClient.Timeout of 100 seconds elapsing.","Data":null,"InnerException":{"ClassName":"System.TimeoutException","Message":"A task was canceled.","Data":null,"InnerException":{"ClassName":"System.Threading.Tasks.TaskCanceledException","Message":"A task was canceled.","Data":null,"InnerException":null,"HelpURL":null,"StackTraceString":"   at System.Threading.Tasks.TaskCompletionSourceWithCancellation`1.WaitWithCancellationAsync(CancellationToken cancellationToken)\n   at System.Net.Http.HttpConnectionPool.SendWithVersionDetectionAndRetryAsync(HttpRequestMessage request, Boolean async, Boolean doRequestAuth, CancellationToken cancellationToken)\n   at System.Net.Http.RedirectHandler.SendAsync(HttpRequestMessage request, Boolean async, CancellationToken cancellationToken)\n   at System.Net.Http.HttpClient.<SendAsync>g__Core|83_0(HttpRequestMessage request, HttpCompletionOption completionOption, CancellationTokenSource cts, Boolean disposeCts, CancellationTokenSource pendingRequestsCts, CancellationToken originalCancellationToken)","RemoteStackTraceString":null,"RemoteStackIndex":0,"ExceptionMethod":null,"HResult":-2146233029,"Source":"System.Private.CoreLib","WatsonBuckets":null},"HelpURL":null,"StackTraceString":null,"RemoteStackTraceString":null,"RemoteStackIndex":0,"ExceptionMethod":null,"HResult":-2146233083,"Source":null,"WatsonBuckets":null},"HelpURL":null,"StackTraceString":"   at System.Net.Http.HttpClient.HandleFailure(Exception e, Boolean telemetryStarted, HttpResponseMessage response, CancellationTokenSource cts, CancellationToken cancellationToken, CancellationTokenSource pendingRequestsCts)\n   at System.Net.Http.HttpClient.<SendAsync>g__Core|83_0(HttpRequestMessage request, HttpCompletionOption completionOption, CancellationTokenSource cts, Boolean disposeCts, CancellationTokenSource pendingRequestsCts, CancellationToken originalCancellationToken)\n   at Program.Main() in /home/runner/work/GHBTracker/GHBTracker/Program.cs:line 22","RemoteStackTraceString":null,"RemoteStackIndex":0,"ExceptionMethod":null,"HResult":-2146233029,"Source":"System.Net.Http","WatsonBuckets":null}
04/19/2026 20:39:58 The request was canceled due to the configured HttpClient.Timeout of 100 seconds elapsing.
{"ClassName":"System.Threading.Tasks.TaskCanceledException","Message":"The request was canceled due to the configured HttpClient.Timeout of 100 seconds elapsing.","Data":null,"InnerException":{"ClassName":"System.TimeoutException","Message":"A task was canceled.","Data":null,"InnerException":{"ClassName":"System.Threading.Tasks.TaskCanceledException","Message":"A task was canceled.","Data":null,"InnerException":null,"HelpURL":null,"StackTraceString":"   at System.Threading.Tasks.TaskCompletionSourceWithCancellation`1.WaitWithCancellationAsync(CancellationToken cancellationToken)\n   at System.Net.Http.HttpConnectionPool.SendWithVersionDetectionAndRetryAsync(HttpRequestMessage request, Boolean async, Boolean doRequestAuth, CancellationToken cancellationToken)\n   at System.Net.Http.RedirectHandler.SendAsync(HttpRequestMessage request, Boolean async, CancellationToken cancellationToken)\n   at System.Net.Http.HttpClient.<SendAsync>g__Core|83_0(HttpRequestMessage request, HttpCompletionOption completionOption, CancellationTokenSource cts, Boolean disposeCts, CancellationTokenSource pendingRequestsCts, CancellationToken originalCancellationToken)","RemoteStackTraceString":null,"RemoteStackIndex":0,"ExceptionMethod":null,"HResult":-2146233029,"Source":"System.Private.CoreLib","WatsonBuckets":null},"HelpURL":null,"StackTraceString":null,"RemoteStackTraceString":null,"RemoteStackIndex":0,"ExceptionMethod":null,"HResult":-2146233083,"Source":null,"WatsonBuckets":null},"HelpURL":null,"StackTraceString":"   at System.Net.Http.HttpClient.HandleFailure(Exception e, Boolean telemetryStarted, HttpResponseMessage response, CancellationTokenSource cts, CancellationToken cancellationToken, CancellationTokenSource pendingRequestsCts)\n   at System.Net.Http.HttpClient.<SendAsync>g__Core|83_0(HttpRequestMessage request, HttpCompletionOption completionOption, CancellationTokenSource cts, Boolean disposeCts, CancellationTokenSource pendingRequestsCts, CancellationToken originalCancellationToken)\n   at Program.Main() in /home/runner/work/GHBTracker/GHBTracker/Program.cs:line 22","RemoteStackTraceString":null,"RemoteStackIndex":0,"ExceptionMethod":null,"HResult":-2146233029,"Source":"System.Net.Http","WatsonBuckets":null}
04/19/2026 21:20:15 The request was canceled due to the configured HttpClient.Timeout of 100 seconds elapsing.
{"ClassName":"System.Threading.Tasks.TaskCanceledException","Message":"The request was canceled due to the configured HttpClient.Timeout of 100 seconds elapsing.","Data":null,"InnerException":{"ClassName":"System.TimeoutException","Message":"A task was canceled.","Data":null,"InnerException":{"ClassName":"System.Threading.Tasks.TaskCanceledException","Message":"A task was canceled.","Data":null,"InnerException":null,"HelpURL":null,"StackTraceString":"   at System.Threading.Tasks.TaskCompletionSourceWithCancellation`1.WaitWithCancellationAsync(CancellationToken cancellationToken)\n   at System.Net.Http.HttpConnectionPool.SendWithVersionDetectionAndRetryAsync(HttpRequestMessage request, Boolean async, Boolean doRequestAuth, CancellationToken cancellationToken)\n   at System.Net.Http.RedirectHandler.SendAsync(HttpRequestMessage request, Boolean async, CancellationToken cancellationToken)\n   at System.Net.Http.HttpClient.<SendAsync>g__Core|83_0(HttpRequestMessage request, HttpCompletionOption completionOption, CancellationTokenSource cts, Boolean disposeCts, CancellationTokenSource pendingRequestsCts, CancellationToken originalCancellationToken)","RemoteStackTraceString":null,"RemoteStackIndex":0,"ExceptionMethod":null,"HResult":-2146233029,"Source":"System.Private.CoreLib","WatsonBuckets":null},"HelpURL":null,"StackTraceString":null,"RemoteStackTraceString":null,"RemoteStackIndex":0,"ExceptionMethod":null,"HResult":-2146233083,"Source":null,"WatsonBuckets":null},"HelpURL":null,"StackTraceString":"   at System.Net.Http.HttpClient.HandleFailure(Exception e, Boolean telemetryStarted, HttpResponseMessage response, CancellationTokenSource cts, CancellationToken cancellationToken, CancellationTokenSource pendingRequestsCts)\n   at System.Net.Http.HttpClient.<SendAsync>g__Core|83_0(HttpRequestMessage request, HttpCompletionOption completionOption, CancellationTokenSource cts, Boolean disposeCts, CancellationTokenSource pendingRequestsCts, CancellationToken originalCancellationToken)\n   at Program.Main() in /home/runner/work/GHBTracker/GHBTracker/Program.cs:line 22","RemoteStackTraceString":null,"RemoteStackIndex":0,"ExceptionMethod":null,"HResult":-2146233029,"Source":"System.Net.Http","WatsonBuckets":null}
04/21/2026 21:29:20 The request was canceled due to the configured HttpClient.Timeout of 100 seconds elapsing.
{"ClassName":"System.Threading.Tasks.TaskCanceledException","Message":"The request was canceled due to the configured HttpClient.Timeout of 100 seconds elapsing.","Data":null,"InnerException":{"ClassName":"System.TimeoutException","Message":"A task was canceled.","Data":null,"InnerException":{"ClassName":"System.Threading.Tasks.TaskCanceledException","Message":"A task was canceled.","Data":null,"InnerException":null,"HelpURL":null,"StackTraceString":"   at System.Threading.Tasks.TaskCompletionSourceWithCancellation`1.WaitWithCancellationAsync(CancellationToken cancellationToken)\n   at System.Net.Http.HttpConnectionPool.SendWithVersionDetectionAndRetryAsync(HttpRequestMessage request, Boolean async, Boolean doRequestAuth, CancellationToken cancellationToken)\n   at System.Net.Http.RedirectHandler.SendAsync(HttpRequestMessage request, Boolean async, CancellationToken cancellationToken)\n   at System.Net.Http.HttpClient.<SendAsync>g__Core|83_0(HttpRequestMessage request, HttpCompletionOption completionOption, CancellationTokenSource cts, Boolean disposeCts, CancellationTokenSource pendingRequestsCts, CancellationToken originalCancellationToken)","RemoteStackTraceString":null,"RemoteStackIndex":0,"ExceptionMethod":null,"HResult":-2146233029,"Source":"System.Private.CoreLib","WatsonBuckets":null},"HelpURL":null,"StackTraceString":null,"RemoteStackTraceString":null,"RemoteStackIndex":0,"ExceptionMethod":null,"HResult":-2146233083,"Source":null,"WatsonBuckets":null},"HelpURL":null,"StackTraceString":"   at System.Net.Http.HttpClient.HandleFailure(Exception e, Boolean telemetryStarted, HttpResponseMessage response, CancellationTokenSource cts, CancellationToken cancellationToken, CancellationTokenSource pendingRequestsCts)\n   at System.Net.Http.HttpClient.<SendAsync>g__Core|83_0(HttpRequestMessage request, HttpCompletionOption completionOption, CancellationTokenSource cts, Boolean disposeCts, CancellationTokenSource pendingRequestsCts, CancellationToken originalCancellationToken)\n   at Program.Main() in /home/runner/work/GHBTracker/GHBTracker/Program.cs:line 22","RemoteStackTraceString":null,"RemoteStackIndex":0,"ExceptionMethod":null,"HResult":-2146233029,"Source":"System.Net.Http","WatsonBuckets":null}
04/25/2026 14:11:13 The request was canceled due to the configured HttpClient.Timeout of 100 seconds elapsing.
{"ClassName":"System.Threading.Tasks.TaskCanceledException","Message":"The request was canceled due to the configured HttpClient.Timeout of 100 seconds elapsing.","Data":null,"InnerException":{"ClassName":"System.TimeoutException","Message":"A task was canceled.","Data":null,"InnerException":{"ClassName":"System.Threading.Tasks.TaskCanceledException","Message":"A task was canceled.","Data":null,"InnerException":null,"HelpURL":null,"StackTraceString":"   at System.Threading.Tasks.TaskCompletionSourceWithCancellation`1.WaitWithCancellationAsync(CancellationToken cancellationToken)\n   at System.Net.Http.HttpConnectionPool.SendWithVersionDetectionAndRetryAsync(HttpRequestMessage request, Boolean async, Boolean doRequestAuth, CancellationToken cancellationToken)\n   at System.Net.Http.RedirectHandler.SendAsync(HttpRequestMessage request, Boolean async, CancellationToken cancellationToken)\n   at System.Net.Http.HttpClient.<SendAsync>g__Core|83_0(HttpRequestMessage request, HttpCompletionOption completionOption, CancellationTokenSource cts, Boolean disposeCts, CancellationTokenSource pendingRequestsCts, CancellationToken originalCancellationToken)","RemoteStackTraceString":null,"RemoteStackIndex":0,"ExceptionMethod":null,"HResult":-2146233029,"Source":"System.Private.CoreLib","WatsonBuckets":null},"HelpURL":null,"StackTraceString":null,"RemoteStackTraceString":null,"RemoteStackIndex":0,"ExceptionMethod":null,"HResult":-2146233083,"Source":null,"WatsonBuckets":null},"HelpURL":null,"StackTraceString":"   at System.Net.Http.HttpClient.HandleFailure(Exception e, Boolean telemetryStarted, HttpResponseMessage response, CancellationTokenSource cts, CancellationToken cancellationToken, CancellationTokenSource pendingRequestsCts)\n   at System.Net.Http.HttpClient.<SendAsync>g__Core|83_0(HttpRequestMessage request, HttpCompletionOption completionOption, CancellationTokenSource cts, Boolean disposeCts, CancellationTokenSource pendingRequestsCts, CancellationToken originalCancellationToken)\n   at Program.Main() in /home/runner/work/GHBTracker/GHBTracker/Program.cs:line 22","RemoteStackTraceString":null,"RemoteStackIndex":0,"ExceptionMethod":null,"HResult":-2146233029,"Source":"System.Net.Http","WatsonBuckets":null}
04/26/2026 20:00:13 The request was canceled due to the configured HttpClient.Timeout of 100 seconds elapsing.
{"ClassName":"System.Threading.Tasks.TaskCanceledException","Message":"The request was canceled due to the configured HttpClient.Timeout of 100 seconds elapsing.","Data":null,"InnerException":{"ClassName":"System.TimeoutException","Message":"A task was canceled.","Data":null,"InnerException":{"ClassName":"System.Threading.Tasks.TaskCanceledException","Message":"A task was canceled.","Data":null,"InnerException":null,"HelpURL":null,"StackTraceString":"   at System.Threading.Tasks.TaskCompletionSourceWithCancellation`1.WaitWithCancellationAsync(CancellationToken cancellationToken)\n   at System.Net.Http.HttpConnectionPool.SendWithVersionDetectionAndRetryAsync(HttpRequestMessage request, Boolean async, Boolean doRequestAuth, CancellationToken cancellationToken)\n   at System.Net.Http.RedirectHandler.SendAsync(HttpRequestMessage request, Boolean async, CancellationToken cancellationToken)\n   at System.Net.Http.HttpClient.<SendAsync>g__Core|83_0(HttpRequestMessage request, HttpCompletionOption completionOption, CancellationTokenSource cts, Boolean disposeCts, CancellationTokenSource pendingRequestsCts, CancellationToken originalCancellationToken)","RemoteStackTraceString":null,"RemoteStackIndex":0,"ExceptionMethod":null,"HResult":-2146233029,"Source":"System.Private.CoreLib","WatsonBuckets":null},"HelpURL":null,"StackTraceString":null,"RemoteStackTraceString":null,"RemoteStackIndex":0,"ExceptionMethod":null,"HResult":-2146233083,"Source":null,"WatsonBuckets":null},"HelpURL":null,"StackTraceString":"   at System.Net.Http.HttpClient.HandleFailure(Exception e, Boolean telemetryStarted, HttpResponseMessage response, CancellationTokenSource cts, CancellationToken cancellationToken, CancellationTokenSource pendingRequestsCts)\n   at System.Net.Http.HttpClient.<SendAsync>g__Core|83_0(HttpRequestMessage request, HttpCompletionOption completionOption, CancellationTokenSource cts, Boolean disposeCts, CancellationTokenSource pendingRequestsCts, CancellationToken originalCancellationToken)\n   at Program.Main() in /home/runner/work/GHBTracker/GHBTracker/Program.cs:line 22","RemoteStackTraceString":null,"RemoteStackIndex":0,"ExceptionMethod":null,"HResult":-2146233029,"Source":"System.Net.Http","WatsonBuckets":null}
04/27/2026 23:11:41 The request was canceled due to the configured HttpClient.Timeout of 100 seconds elapsing.
{"ClassName":"System.Threading.Tasks.TaskCanceledException","Message":"The request was canceled due to the configured HttpClient.Timeout of 100 seconds elapsing.","Data":null,"InnerException":{"ClassName":"System.TimeoutException","Message":"A task was canceled.","Data":null,"InnerException":{"ClassName":"System.Threading.Tasks.TaskCanceledException","Message":"A task was canceled.","Data":null,"InnerException":null,"HelpURL":null,"StackTraceString":"   at System.Threading.Tasks.TaskCompletionSourceWithCancellation`1.WaitWithCancellationAsync(CancellationToken cancellationToken)\n   at System.Net.Http.HttpConnectionPool.SendWithVersionDetectionAndRetryAsync(HttpRequestMessage request, Boolean async, Boolean doRequestAuth, CancellationToken cancellationToken)\n   at System.Net.Http.RedirectHandler.SendAsync(HttpRequestMessage request, Boolean async, CancellationToken cancellationToken)\n   at System.Net.Http.HttpClient.<SendAsync>g__Core|83_0(HttpRequestMessage request, HttpCompletionOption completionOption, CancellationTokenSource cts, Boolean disposeCts, CancellationTokenSource pendingRequestsCts, CancellationToken originalCancellationToken)","RemoteStackTraceString":null,"RemoteStackIndex":0,"ExceptionMethod":null,"HResult":-2146233029,"Source":"System.Private.CoreLib","WatsonBuckets":null},"HelpURL":null,"StackTraceString":null,"RemoteStackTraceString":null,"RemoteStackIndex":0,"ExceptionMethod":null,"HResult":-2146233083,"Source":null,"WatsonBuckets":null},"HelpURL":null,"StackTraceString":"   at System.Net.Http.HttpClient.HandleFailure(Exception e, Boolean telemetryStarted, HttpResponseMessage response, CancellationTokenSource cts, CancellationToken cancellationToken, CancellationTokenSource pendingRequestsCts)\n   at System.Net.Http.HttpClient.<SendAsync>g__Core|83_0(HttpRequestMessage request, HttpCompletionOption completionOption, CancellationTokenSource cts, Boolean disposeCts, CancellationTokenSource pendingRequestsCts, CancellationToken originalCancellationToken)\n   at Program.Main() in /home/runner/work/GHBTracker/GHBTracker/Program.cs:line 22","RemoteStackTraceString":null,"RemoteStackIndex":0,"ExceptionMethod":null,"HResult":-2146233029,"Source":"System.Net.Http","WatsonBuckets":null}
04/30/2026 22:15:42 The request was canceled due to the configured HttpClient.Timeout of 100 seconds elapsing.
{"ClassName":"System.Threading.Tasks.TaskCanceledException","Message":"The request was canceled due to the configured HttpClient.Timeout of 100 seconds elapsing.","Data":null,"InnerException":{"ClassName":"System.TimeoutException","Message":"A task was canceled.","Data":null,"InnerException":{"ClassName":"System.Threading.Tasks.TaskCanceledException","Message":"A task was canceled.","Data":null,"InnerException":null,"HelpURL":null,"StackTraceString":"   at System.Threading.Tasks.TaskCompletionSourceWithCancellation`1.WaitWithCancellationAsync(CancellationToken cancellationToken)\n   at System.Net.Http.HttpConnectionPool.SendWithVersionDetectionAndRetryAsync(HttpRequestMessage request, Boolean async, Boolean doRequestAuth, CancellationToken cancellationToken)\n   at System.Net.Http.RedirectHandler.SendAsync(HttpRequestMessage request, Boolean async, CancellationToken cancellationToken)\n   at System.Net.Http.HttpClient.<SendAsync>g__Core|83_0(HttpRequestMessage request, HttpCompletionOption completionOption, CancellationTokenSource cts, Boolean disposeCts, CancellationTokenSource pendingRequestsCts, CancellationToken originalCancellationToken)","RemoteStackTraceString":null,"RemoteStackIndex":0,"ExceptionMethod":null,"HResult":-2146233029,"Source":"System.Private.CoreLib","WatsonBuckets":null},"HelpURL":null,"StackTraceString":null,"RemoteStackTraceString":null,"RemoteStackIndex":0,"ExceptionMethod":null,"HResult":-2146233083,"Source":null,"WatsonBuckets":null},"HelpURL":null,"StackTraceString":"   at System.Net.Http.HttpClient.HandleFailure(Exception e, Boolean telemetryStarted, HttpResponseMessage response, CancellationTokenSource cts, CancellationToken cancellationToken, CancellationTokenSource pendingRequestsCts)\n   at System.Net.Http.HttpClient.<SendAsync>g__Core|83_0(HttpRequestMessage request, HttpCompletionOption completionOption, CancellationTokenSource cts, Boolean disposeCts, CancellationTokenSource pendingRequestsCts, CancellationToken originalCancellationToken)\n   at Program.Main() in /home/runner/work/GHBTracker/GHBTracker/Program.cs:line 22","RemoteStackTraceString":null,"RemoteStackIndex":0,"ExceptionMethod":null,"HResult":-2146233029,"Source":"System.Net.Http","WatsonBuckets":null}
05/01/2026 21:37:15 The request was canceled due to the configured HttpClient.Timeout of 100 seconds elapsing.
{"ClassName":"System.Threading.Tasks.TaskCanceledException","Message":"The request was canceled due to the configured HttpClient.Timeout of 100 seconds elapsing.","Data":null,"InnerException":{"ClassName":"System.TimeoutException","Message":"A task was canceled.","Data":null,"InnerException":{"ClassName":"System.Threading.Tasks.TaskCanceledException","Message":"A task was canceled.","Data":null,"InnerException":null,"HelpURL":null,"StackTraceString":"   at System.Threading.Tasks.TaskCompletionSourceWithCancellation`1.WaitWithCancellationAsync(CancellationToken cancellationToken)\n   at System.Net.Http.HttpConnectionPool.SendWithVersionDetectionAndRetryAsync(HttpRequestMessage request, Boolean async, Boolean doRequestAuth, CancellationToken cancellationToken)\n   at System.Net.Http.RedirectHandler.SendAsync(HttpRequestMessage request, Boolean async, CancellationToken cancellationToken)\n   at System.Net.Http.HttpClient.<SendAsync>g__Core|83_0(HttpRequestMessage request, HttpCompletionOption completionOption, CancellationTokenSource cts, Boolean disposeCts, CancellationTokenSource pendingRequestsCts, CancellationToken originalCancellationToken)","RemoteStackTraceString":null,"RemoteStackIndex":0,"ExceptionMethod":null,"HResult":-2146233029,"Source":"System.Private.CoreLib","WatsonBuckets":null},"HelpURL":null,"StackTraceString":null,"RemoteStackTraceString":null,"RemoteStackIndex":0,"ExceptionMethod":null,"HResult":-2146233083,"Source":null,"WatsonBuckets":null},"HelpURL":null,"StackTraceString":"   at System.Net.Http.HttpClient.HandleFailure(Exception e, Boolean telemetryStarted, HttpResponseMessage response, CancellationTokenSource cts, CancellationToken cancellationToken, CancellationTokenSource pendingRequestsCts)\n   at System.Net.Http.HttpClient.<SendAsync>g__Core|83_0(HttpRequestMessage request, HttpCompletionOption completionOption, CancellationTokenSource cts, Boolean disposeCts, CancellationTokenSource pendingRequestsCts, CancellationToken originalCancellationToken)\n   at Program.Main() in /home/runner/work/GHBTracker/GHBTracker/Program.cs:line 22","RemoteStackTraceString":null,"RemoteStackIndex":0,"ExceptionMethod":null,"HResult":-2146233029,"Source":"System.Net.Http","WatsonBuckets":null}
05/05/2026 10:22:45 The request was canceled due to the configured HttpClient.Timeout of 100 seconds elapsing.
{"ClassName":"System.Threading.Tasks.TaskCanceledException","Message":"The request was canceled due to the configured HttpClient.Timeout of 100 seconds elapsing.","Data":null,"InnerException":{"ClassName":"System.TimeoutException","Message":"A task was canceled.","Data":null,"InnerException":{"ClassName":"System.Threading.Tasks.TaskCanceledException","Message":"A task was canceled.","Data":null,"InnerException":null,"HelpURL":null,"StackTraceString":"   at System.Threading.Tasks.TaskCompletionSourceWithCancellation`1.WaitWithCancellationAsync(CancellationToken cancellationToken)\n   at System.Net.Http.HttpConnectionPool.SendWithVersionDetectionAndRetryAsync(HttpRequestMessage request, Boolean async, Boolean doRequestAuth, CancellationToken cancellationToken)\n   at System.Net.Http.RedirectHandler.SendAsync(HttpRequestMessage request, Boolean async, CancellationToken cancellationToken)\n   at System.Net.Http.HttpClient.<SendAsync>g__Core|83_0(HttpRequestMessage request, HttpCompletionOption completionOption, CancellationTokenSource cts, Boolean disposeCts, CancellationTokenSource pendingRequestsCts, CancellationToken originalCancellationToken)","RemoteStackTraceString":null,"RemoteStackIndex":0,"ExceptionMethod":null,"HResult":-2146233029,"Source":"System.Private.CoreLib","WatsonBuckets":null},"HelpURL":null,"StackTraceString":null,"RemoteStackTraceString":null,"RemoteStackIndex":0,"ExceptionMethod":null,"HResult":-2146233083,"Source":null,"WatsonBuckets":null},"HelpURL":null,"StackTraceString":"   at System.Net.Http.HttpClient.HandleFailure(Exception e, Boolean telemetryStarted, HttpResponseMessage response, CancellationTokenSource cts, CancellationToken cancellationToken, CancellationTokenSource pendingRequestsCts)\n   at System.Net.Http.HttpClient.<SendAsync>g__Core|83_0(HttpRequestMessage request, HttpCompletionOption completionOption, CancellationTokenSource cts, Boolean disposeCts, CancellationTokenSource pendingRequestsCts, CancellationToken originalCancellationToken)\n   at Program.Main() in /home/runner/work/GHBTracker/GHBTracker/Program.cs:line 22","RemoteStackTraceString":null,"RemoteStackIndex":0,"ExceptionMethod":null,"HResult":-2146233029,"Source":"System.Net.Http","WatsonBuckets":null}
05/05/2026 23:15:19 The request was canceled due to the configured HttpClient.Timeout of 100 seconds elapsing.
{"ClassName":"System.Threading.Tasks.TaskCanceledException","Message":"The request was canceled due to the configured HttpClient.Timeout of 100 seconds elapsing.","Data":null,"InnerException":{"ClassName":"System.TimeoutException","Message":"A task was canceled.","Data":null,"InnerException":{"ClassName":"System.Threading.Tasks.TaskCanceledException","Message":"A task was canceled.","Data":null,"InnerException":null,"HelpURL":null,"StackTraceString":"   at System.Threading.Tasks.TaskCompletionSourceWithCancellation`1.WaitWithCancellationAsync(CancellationToken cancellationToken)\n   at System.Net.Http.HttpConnectionPool.SendWithVersionDetectionAndRetryAsync(HttpRequestMessage request, Boolean async, Boolean doRequestAuth, CancellationToken cancellationToken)\n   at System.Net.Http.RedirectHandler.SendAsync(HttpRequestMessage request, Boolean async, CancellationToken cancellationToken)\n   at System.Net.Http.HttpClient.<SendAsync>g__Core|83_0(HttpRequestMessage request, HttpCompletionOption completionOption, CancellationTokenSource cts, Boolean disposeCts, CancellationTokenSource pendingRequestsCts, CancellationToken originalCancellationToken)","RemoteStackTraceString":null,"RemoteStackIndex":0,"ExceptionMethod":null,"HResult":-2146233029,"Source":"System.Private.CoreLib","WatsonBuckets":null},"HelpURL":null,"StackTraceString":null,"RemoteStackTraceString":null,"RemoteStackIndex":0,"ExceptionMethod":null,"HResult":-2146233083,"Source":null,"WatsonBuckets":null},"HelpURL":null,"StackTraceString":"   at System.Net.Http.HttpClient.HandleFailure(Exception e, Boolean telemetryStarted, HttpResponseMessage response, CancellationTokenSource cts, CancellationToken cancellationToken, CancellationTokenSource pendingRequestsCts)\n   at System.Net.Http.HttpClient.<SendAsync>g__Core|83_0(HttpRequestMessage request, HttpCompletionOption completionOption, CancellationTokenSource cts, Boolean disposeCts, CancellationTokenSource pendingRequestsCts, CancellationToken originalCancellationToken)\n   at Program.Main() in /home/runner/work/GHBTracker/GHBTracker/Program.cs:line 22","RemoteStackTraceString":null,"RemoteStackIndex":0,"ExceptionMethod":null,"HResult":-2146233029,"Source":"System.Net.Http","WatsonBuckets":null}
05/06/2026 19:04:27 The request was canceled due to the configured HttpClient.Timeout of 100 seconds elapsing.
{"ClassName":"System.Threading.Tasks.TaskCanceledException","Message":"The request was canceled due to the configured HttpClient.Timeout of 100 seconds elapsing.","Data":null,"InnerException":{"ClassName":"System.TimeoutException","Message":"A task was canceled.","Data":null,"InnerException":{"ClassName":"System.Threading.Tasks.TaskCanceledException","Message":"A task was canceled.","Data":null,"InnerException":null,"HelpURL":null,"StackTraceString":"   at System.Threading.Tasks.TaskCompletionSourceWithCancellation`1.WaitWithCancellationAsync(CancellationToken cancellationToken)\n   at System.Net.Http.HttpConnectionPool.SendWithVersionDetectionAndRetryAsync(HttpRequestMessage request, Boolean async, Boolean doRequestAuth, CancellationToken cancellationToken)\n   at System.Net.Http.RedirectHandler.SendAsync(HttpRequestMessage request, Boolean async, CancellationToken cancellationToken)\n   at System.Net.Http.HttpClient.<SendAsync>g__Core|83_0(HttpRequestMessage request, HttpCompletionOption completionOption, CancellationTokenSource cts, Boolean disposeCts, CancellationTokenSource pendingRequestsCts, CancellationToken originalCancellationToken)","RemoteStackTraceString":null,"RemoteStackIndex":0,"ExceptionMethod":null,"HResult":-2146233029,"Source":"System.Private.CoreLib","WatsonBuckets":null},"HelpURL":null,"StackTraceString":null,"RemoteStackTraceString":null,"RemoteStackIndex":0,"ExceptionMethod":null,"HResult":-2146233083,"Source":null,"WatsonBuckets":null},"HelpURL":null,"StackTraceString":"   at System.Net.Http.HttpClient.HandleFailure(Exception e, Boolean telemetryStarted, HttpResponseMessage response, CancellationTokenSource cts, CancellationToken cancellationToken, CancellationTokenSource pendingRequestsCts)\n   at System.Net.Http.HttpClient.<SendAsync>g__Core|83_0(HttpRequestMessage request, HttpCompletionOption completionOption, CancellationTokenSource cts, Boolean disposeCts, CancellationTokenSource pendingRequestsCts, CancellationToken originalCancellationToken)\n   at Program.Main() in /home/runner/work/GHBTracker/GHBTracker/Program.cs:line 22","RemoteStackTraceString":null,"RemoteStackIndex":0,"ExceptionMethod":null,"HResult":-2146233029,"Source":"System.Net.Http","WatsonBuckets":null}
05/08/2026 18:49:28 The request was canceled due to the configured HttpClient.Timeout of 100 seconds elapsing.
{"ClassName":"System.Threading.Tasks.TaskCanceledException","Message":"The request was canceled due to the configured HttpClient.Timeout of 100 seconds elapsing.","Data":null,"InnerException":{"ClassName":"System.TimeoutException","Message":"A task was canceled.","Data":null,"InnerException":{"ClassName":"System.Threading.Tasks.TaskCanceledException","Message":"A task was canceled.","Data":null,"InnerException":null,"HelpURL":null,"StackTraceString":"   at System.Threading.Tasks.TaskCompletionSourceWithCancellation`1.WaitWithCancellationAsync(CancellationToken cancellationToken)\n   at System.Net.Http.HttpConnectionPool.SendWithVersionDetectionAndRetryAsync(HttpRequestMessage request, Boolean async, Boolean doRequestAuth, CancellationToken cancellationToken)\n   at System.Net.Http.RedirectHandler.SendAsync(HttpRequestMessage request, Boolean async, CancellationToken cancellationToken)\n   at System.Net.Http.HttpClient.<SendAsync>g__Core|83_0(HttpRequestMessage request, HttpCompletionOption completionOption, CancellationTokenSource cts, Boolean disposeCts, CancellationTokenSource pendingRequestsCts, CancellationToken originalCancellationToken)","RemoteStackTraceString":null,"RemoteStackIndex":0,"ExceptionMethod":null,"HResult":-2146233029,"Source":"System.Private.CoreLib","WatsonBuckets":null},"HelpURL":null,"StackTraceString":null,"RemoteStackTraceString":null,"RemoteStackIndex":0,"ExceptionMethod":null,"HResult":-2146233083,"Source":null,"WatsonBuckets":null},"HelpURL":null,"StackTraceString":"   at System.Net.Http.HttpClient.HandleFailure(Exception e, Boolean telemetryStarted, HttpResponseMessage response, CancellationTokenSource cts, CancellationToken cancellationToken, CancellationTokenSource pendingRequestsCts)\n   at System.Net.Http.HttpClient.<SendAsync>g__Core|83_0(HttpRequestMessage request, HttpCompletionOption completionOption, CancellationTokenSource cts, Boolean disposeCts, CancellationTokenSource pendingRequestsCts, CancellationToken originalCancellationToken)\n   at Program.Main() in /home/runner/work/GHBTracker/GHBTracker/Program.cs:line 22","RemoteStackTraceString":null,"RemoteStackIndex":0,"ExceptionMethod":null,"HResult":-2146233029,"Source":"System.Net.Http","WatsonBuckets":null}
05/09/2026 16:09:54 The request was canceled due to the configured HttpClient.Timeout of 100 seconds elapsing.
{"ClassName":"System.Threading.Tasks.TaskCanceledException","Message":"The request was canceled due to the configured HttpClient.Timeout of 100 seconds elapsing.","Data":null,"InnerException":{"ClassName":"System.TimeoutException","Message":"A task was canceled.","Data":null,"InnerException":{"ClassName":"System.Threading.Tasks.TaskCanceledException","Message":"A task was canceled.","Data":null,"InnerException":null,"HelpURL":null,"StackTraceString":"   at System.Threading.Tasks.TaskCompletionSourceWithCancellation`1.WaitWithCancellationAsync(CancellationToken cancellationToken)\n   at System.Net.Http.HttpConnectionPool.SendWithVersionDetectionAndRetryAsync(HttpRequestMessage request, Boolean async, Boolean doRequestAuth, CancellationToken cancellationToken)\n   at System.Net.Http.RedirectHandler.SendAsync(HttpRequestMessage request, Boolean async, CancellationToken cancellationToken)\n   at System.Net.Http.HttpClient.<SendAsync>g__Core|83_0(HttpRequestMessage request, HttpCompletionOption completionOption, CancellationTokenSource cts, Boolean disposeCts, CancellationTokenSource pendingRequestsCts, CancellationToken originalCancellationToken)","RemoteStackTraceString":null,"RemoteStackIndex":0,"ExceptionMethod":null,"HResult":-2146233029,"Source":"System.Private.CoreLib","WatsonBuckets":null},"HelpURL":null,"StackTraceString":null,"RemoteStackTraceString":null,"RemoteStackIndex":0,"ExceptionMethod":null,"HResult":-2146233083,"Source":null,"WatsonBuckets":null},"HelpURL":null,"StackTraceString":"   at System.Net.Http.HttpClient.HandleFailure(Exception e, Boolean telemetryStarted, HttpResponseMessage response, CancellationTokenSource cts, CancellationToken cancellationToken, CancellationTokenSource pendingRequestsCts)\n   at System.Net.Http.HttpClient.<SendAsync>g__Core|83_0(HttpRequestMessage request, HttpCompletionOption completionOption, CancellationTokenSource cts, Boolean disposeCts, CancellationTokenSource pendingRequestsCts, CancellationToken originalCancellationToken)\n   at Program.Main() in /home/runner/work/GHBTracker/GHBTracker/Program.cs:line 22","RemoteStackTraceString":null,"RemoteStackIndex":0,"ExceptionMethod":null,"HResult":-2146233029,"Source":"System.Net.Http","WatsonBuckets":null}
05/11/2026 01:26:40 The request was canceled due to the configured HttpClient.Timeout of 100 seconds elapsing.
{"ClassName":"System.Threading.Tasks.TaskCanceledException","Message":"The request was canceled due to the configured HttpClient.Timeout of 100 seconds elapsing.","Data":null,"InnerException":{"ClassName":"System.TimeoutException","Message":"A task was canceled.","Data":null,"InnerException":{"ClassName":"System.Threading.Tasks.TaskCanceledException","Message":"A task was canceled.","Data":null,"InnerException":null,"HelpURL":null,"StackTraceString":"   at System.Threading.Tasks.TaskCompletionSourceWithCancellation`1.WaitWithCancellationAsync(CancellationToken cancellationToken)\n   at System.Net.Http.HttpConnectionPool.SendWithVersionDetectionAndRetryAsync(HttpRequestMessage request, Boolean async, Boolean doRequestAuth, CancellationToken cancellationToken)\n   at System.Net.Http.RedirectHandler.SendAsync(HttpRequestMessage request, Boolean async, CancellationToken cancellationToken)\n   at System.Net.Http.HttpClient.<SendAsync>g__Core|83_0(HttpRequestMessage request, HttpCompletionOption completionOption, CancellationTokenSource cts, Boolean disposeCts, CancellationTokenSource pendingRequestsCts, CancellationToken originalCancellationToken)","RemoteStackTraceString":null,"RemoteStackIndex":0,"ExceptionMethod":null,"HResult":-2146233029,"Source":"System.Private.CoreLib","WatsonBuckets":null},"HelpURL":null,"StackTraceString":null,"RemoteStackTraceString":null,"RemoteStackIndex":0,"ExceptionMethod":null,"HResult":-2146233083,"Source":null,"WatsonBuckets":null},"HelpURL":null,"StackTraceString":"   at System.Net.Http.HttpClient.HandleFailure(Exception e, Boolean telemetryStarted, HttpResponseMessage response, CancellationTokenSource cts, CancellationToken cancellationToken, CancellationTokenSource pendingRequestsCts)\n   at System.Net.Http.HttpClient.<SendAsync>g__Core|83_0(HttpRequestMessage request, HttpCompletionOption completionOption, CancellationTokenSource cts, Boolean disposeCts, CancellationTokenSource pendingRequestsCts, CancellationToken originalCancellationToken)\n   at Program.Main() in /home/runner/work/GHBTracker/GHBTracker/Program.cs:line 22","RemoteStackTraceString":null,"RemoteStackIndex":0,"ExceptionMethod":null,"HResult":-2146233029,"Source":"System.Net.Http","WatsonBuckets":null}
05/19/2026 11:31:59 The request was canceled due to the configured HttpClient.Timeout of 100 seconds elapsing.
{"ClassName":"System.Threading.Tasks.TaskCanceledException","Message":"The request was canceled due to the configured HttpClient.Timeout of 100 seconds elapsing.","Data":null,"InnerException":{"ClassName":"System.TimeoutException","Message":"A task was canceled.","Data":null,"InnerException":{"ClassName":"System.Threading.Tasks.TaskCanceledException","Message":"A task was canceled.","Data":null,"InnerException":null,"HelpURL":null,"StackTraceString":"   at System.Threading.Tasks.TaskCompletionSourceWithCancellation`1.WaitWithCancellationAsync(CancellationToken cancellationToken)\n   at System.Net.Http.HttpConnectionPool.SendWithVersionDetectionAndRetryAsync(HttpRequestMessage request, Boolean async, Boolean doRequestAuth, CancellationToken cancellationToken)\n   at System.Net.Http.RedirectHandler.SendAsync(HttpRequestMessage request, Boolean async, CancellationToken cancellationToken)\n   at System.Net.Http.HttpClient.<SendAsync>g__Core|83_0(HttpRequestMessage request, HttpCompletionOption completionOption, CancellationTokenSource cts, Boolean disposeCts, CancellationTokenSource pendingRequestsCts, CancellationToken originalCancellationToken)","RemoteStackTraceString":null,"RemoteStackIndex":0,"ExceptionMethod":null,"HResult":-2146233029,"Source":"System.Private.CoreLib","WatsonBuckets":null},"HelpURL":null,"StackTraceString":null,"RemoteStackTraceString":null,"RemoteStackIndex":0,"ExceptionMethod":null,"HResult":-2146233083,"Source":null,"WatsonBuckets":null},"HelpURL":null,"StackTraceString":"   at System.Net.Http.HttpClient.HandleFailure(Exception e, Boolean telemetryStarted, HttpResponseMessage response, CancellationTokenSource cts, CancellationToken cancellationToken, CancellationTokenSource pendingRequestsCts)\n   at System.Net.Http.HttpClient.<SendAsync>g__Core|83_0(HttpRequestMessage request, HttpCompletionOption completionOption, CancellationTokenSource cts, Boolean disposeCts, CancellationTokenSource pendingRequestsCts, CancellationToken originalCancellationToken)\n   at Program.Main() in /home/runner/work/GHBTracker/GHBTracker/Program.cs:line 22","RemoteStackTraceString":null,"RemoteStackIndex":0,"ExceptionMethod":null,"HResult":-2146233029,"Source":"System.Net.Http","WatsonBuckets":null}
05/19/2026 23:42:10 The request was canceled due to the configured HttpClient.Timeout of 100 seconds elapsing.
{"ClassName":"System.Threading.Tasks.TaskCanceledException","Message":"The request was canceled due to the configured HttpClient.Timeout of 100 seconds elapsing.","Data":null,"InnerException":{"ClassName":"System.TimeoutException","Message":"A task was canceled.","Data":null,"InnerException":{"ClassName":"System.Threading.Tasks.TaskCanceledException","Message":"A task was canceled.","Data":null,"InnerException":null,"HelpURL":null,"StackTraceString":"   at System.Threading.Tasks.TaskCompletionSourceWithCancellation`1.WaitWithCancellationAsync(CancellationToken cancellationToken)\n   at System.Net.Http.HttpConnectionPool.SendWithVersionDetectionAndRetryAsync(HttpRequestMessage request, Boolean async, Boolean doRequestAuth, CancellationToken cancellationToken)\n   at System.Net.Http.RedirectHandler.SendAsync(HttpRequestMessage request, Boolean async, CancellationToken cancellationToken)\n   at System.Net.Http.HttpClient.<SendAsync>g__Core|83_0(HttpRequestMessage request, HttpCompletionOption completionOption, CancellationTokenSource cts, Boolean disposeCts, CancellationTokenSource pendingRequestsCts, CancellationToken originalCancellationToken)","RemoteStackTraceString":null,"RemoteStackIndex":0,"ExceptionMethod":null,"HResult":-2146233029,"Source":"System.Private.CoreLib","WatsonBuckets":null},"HelpURL":null,"StackTraceString":null,"RemoteStackTraceString":null,"RemoteStackIndex":0,"ExceptionMethod":null,"HResult":-2146233083,"Source":null,"WatsonBuckets":null},"HelpURL":null,"StackTraceString":"   at System.Net.Http.HttpClient.HandleFailure(Exception e, Boolean telemetryStarted, HttpResponseMessage response, CancellationTokenSource cts, CancellationToken cancellationToken, CancellationTokenSource pendingRequestsCts)\n   at System.Net.Http.HttpClient.<SendAsync>g__Core|83_0(HttpRequestMessage request, HttpCompletionOption completionOption, CancellationTokenSource cts, Boolean disposeCts, CancellationTokenSource pendingRequestsCts, CancellationToken originalCancellationToken)\n   at Program.Main() in /home/runner/work/GHBTracker/GHBTracker/Program.cs:line 22","RemoteStackTraceString":null,"RemoteStackIndex":0,"ExceptionMethod":null,"HResult":-2146233029,"Source":"System.Net.Http","WatsonBuckets":null}
05/23/2026 18:47:02 The request was canceled due to the configured HttpClient.Timeout of 100 seconds elapsing.
{"ClassName":"System.Threading.Tasks.TaskCanceledException","Message":"The request was canceled due to the configured HttpClient.Timeout of 100 seconds elapsing.","Data":null,"InnerException":{"ClassName":"System.TimeoutException","Message":"A task was canceled.","Data":null,"InnerException":{"ClassName":"System.Threading.Tasks.TaskCanceledException","Message":"A task was canceled.","Data":null,"InnerException":null,"HelpURL":null,"StackTraceString":"   at System.Threading.Tasks.TaskCompletionSourceWithCancellation`1.WaitWithCancellationAsync(CancellationToken cancellationToken)\n   at System.Net.Http.HttpConnectionPool.SendWithVersionDetectionAndRetryAsync(HttpRequestMessage request, Boolean async, Boolean doRequestAuth, CancellationToken cancellationToken)\n   at System.Net.Http.RedirectHandler.SendAsync(HttpRequestMessage request, Boolean async, CancellationToken cancellationToken)\n   at System.Net.Http.HttpClient.<SendAsync>g__Core|83_0(HttpRequestMessage request, HttpCompletionOption completionOption, CancellationTokenSource cts, Boolean disposeCts, CancellationTokenSource pendingRequestsCts, CancellationToken originalCancellationToken)","RemoteStackTraceString":null,"RemoteStackIndex":0,"ExceptionMethod":null,"HResult":-2146233029,"Source":"System.Private.CoreLib","WatsonBuckets":null},"HelpURL":null,"StackTraceString":null,"RemoteStackTraceString":null,"RemoteStackIndex":0,"ExceptionMethod":null,"HResult":-2146233083,"Source":null,"WatsonBuckets":null},"HelpURL":null,"StackTraceString":"   at System.Net.Http.HttpClient.HandleFailure(Exception e, Boolean telemetryStarted, HttpResponseMessage response, CancellationTokenSource cts, CancellationToken cancellationToken, CancellationTokenSource pendingRequestsCts)\n   at System.Net.Http.HttpClient.<SendAsync>g__Core|83_0(HttpRequestMessage request, HttpCompletionOption completionOption, CancellationTokenSource cts, Boolean disposeCts, CancellationTokenSource pendingRequestsCts, CancellationToken originalCancellationToken)\n   at Program.Main() in /home/runner/work/GHBTracker/GHBTracker/Program.cs:line 22","RemoteStackTraceString":null,"RemoteStackIndex":0,"ExceptionMethod":null,"HResult":-2146233029,"Source":"System.Net.Http","WatsonBuckets":null}
05/24/2026 12:03:50 The request was canceled due to the configured HttpClient.Timeout of 100 seconds elapsing.
{"ClassName":"System.Threading.Tasks.TaskCanceledException","Message":"The request was canceled due to the configured HttpClient.Timeout of 100 seconds elapsing.","Data":null,"InnerException":{"ClassName":"System.TimeoutException","Message":"A task was canceled.","Data":null,"InnerException":{"ClassName":"System.Threading.Tasks.TaskCanceledException","Message":"A task was canceled.","Data":null,"InnerException":null,"HelpURL":null,"StackTraceString":"   at System.Threading.Tasks.TaskCompletionSourceWithCancellation`1.WaitWithCancellationAsync(CancellationToken cancellationToken)\n   at System.Net.Http.HttpConnectionPool.SendWithVersionDetectionAndRetryAsync(HttpRequestMessage request, Boolean async, Boolean doRequestAuth, CancellationToken cancellationToken)\n   at System.Net.Http.RedirectHandler.SendAsync(HttpRequestMessage request, Boolean async, CancellationToken cancellationToken)\n   at System.Net.Http.HttpClient.<SendAsync>g__Core|83_0(HttpRequestMessage request, HttpCompletionOption completionOption, CancellationTokenSource cts, Boolean disposeCts, CancellationTokenSource pendingRequestsCts, CancellationToken originalCancellationToken)","RemoteStackTraceString":null,"RemoteStackIndex":0,"ExceptionMethod":null,"HResult":-2146233029,"Source":"System.Private.CoreLib","WatsonBuckets":null},"HelpURL":null,"StackTraceString":null,"RemoteStackTraceString":null,"RemoteStackIndex":0,"ExceptionMethod":null,"HResult":-2146233083,"Source":null,"WatsonBuckets":null},"HelpURL":null,"StackTraceString":"   at System.Net.Http.HttpClient.HandleFailure(Exception e, Boolean telemetryStarted, HttpResponseMessage response, CancellationTokenSource cts, CancellationToken cancellationToken, CancellationTokenSource pendingRequestsCts)\n   at System.Net.Http.HttpClient.<SendAsync>g__Core|83_0(HttpRequestMessage request, HttpCompletionOption completionOption, CancellationTokenSource cts, Boolean disposeCts, CancellationTokenSource pendingRequestsCts, CancellationToken originalCancellationToken)\n   at Program.Main() in /home/runner/work/GHBTracker/GHBTracker/Program.cs:line 22","RemoteStackTraceString":null,"RemoteStackIndex":0,"ExceptionMethod":null,"HResult":-2146233029,"Source":"System.Net.Http","WatsonBuckets":null}
05/25/2026 06:29:25 The request was canceled due to the configured HttpClient.Timeout of 100 seconds elapsing.
{"ClassName":"System.Threading.Tasks.TaskCanceledException","Message":"The request was canceled due to the configured HttpClient.Timeout of 100 seconds elapsing.","Data":null,"InnerException":{"ClassName":"System.TimeoutException","Message":"A task was canceled.","Data":null,"InnerException":{"ClassName":"System.Threading.Tasks.TaskCanceledException","Message":"A task was canceled.","Data":null,"InnerException":null,"HelpURL":null,"StackTraceString":"   at System.Threading.Tasks.TaskCompletionSourceWithCancellation`1.WaitWithCancellationAsync(CancellationToken cancellationToken)\n   at System.Net.Http.HttpConnectionPool.SendWithVersionDetectionAndRetryAsync(HttpRequestMessage request, Boolean async, Boolean doRequestAuth, CancellationToken cancellationToken)\n   at System.Net.Http.RedirectHandler.SendAsync(HttpRequestMessage request, Boolean async, CancellationToken cancellationToken)\n   at System.Net.Http.HttpClient.<SendAsync>g__Core|83_0(HttpRequestMessage request, HttpCompletionOption completionOption, CancellationTokenSource cts, Boolean disposeCts, CancellationTokenSource pendingRequestsCts, CancellationToken originalCancellationToken)","RemoteStackTraceString":null,"RemoteStackIndex":0,"ExceptionMethod":null,"HResult":-2146233029,"Source":"System.Private.CoreLib","WatsonBuckets":null},"HelpURL":null,"StackTraceString":null,"RemoteStackTraceString":null,"RemoteStackIndex":0,"ExceptionMethod":null,"HResult":-2146233083,"Source":null,"WatsonBuckets":null},"HelpURL":null,"StackTraceString":"   at System.Net.Http.HttpClient.HandleFailure(Exception e, Boolean telemetryStarted, HttpResponseMessage response, CancellationTokenSource cts, CancellationToken cancellationToken, CancellationTokenSource pendingRequestsCts)\n   at System.Net.Http.HttpClient.<SendAsync>g__Core|83_0(HttpRequestMessage request, HttpCompletionOption completionOption, CancellationTokenSource cts, Boolean disposeCts, CancellationTokenSource pendingRequestsCts, CancellationToken originalCancellationToken)\n   at Program.Main() in /home/runner/work/GHBTracker/GHBTracker/Program.cs:line 22","RemoteStackTraceString":null,"RemoteStackIndex":0,"ExceptionMethod":null,"HResult":-2146233029,"Source":"System.Net.Http","WatsonBuckets":null}
05/25/2026 22:35:30 The request was canceled due to the configured HttpClient.Timeout of 100 seconds elapsing.
{"ClassName":"System.Threading.Tasks.TaskCanceledException","Message":"The request was canceled due to the configured HttpClient.Timeout of 100 seconds elapsing.","Data":null,"InnerException":{"ClassName":"System.TimeoutException","Message":"A task was canceled.","Data":null,"InnerException":{"ClassName":"System.Threading.Tasks.TaskCanceledException","Message":"A task was canceled.","Data":null,"InnerException":null,"HelpURL":null,"StackTraceString":"   at System.Threading.Tasks.TaskCompletionSourceWithCancellation`1.WaitWithCancellationAsync(CancellationToken cancellationToken)\n   at System.Net.Http.HttpConnectionPool.SendWithVersionDetectionAndRetryAsync(HttpRequestMessage request, Boolean async, Boolean doRequestAuth, CancellationToken cancellationToken)\n   at System.Net.Http.RedirectHandler.SendAsync(HttpRequestMessage request, Boolean async, CancellationToken cancellationToken)\n   at System.Net.Http.HttpClient.<SendAsync>g__Core|83_0(HttpRequestMessage request, HttpCompletionOption completionOption, CancellationTokenSource cts, Boolean disposeCts, CancellationTokenSource pendingRequestsCts, CancellationToken originalCancellationToken)","RemoteStackTraceString":null,"RemoteStackIndex":0,"ExceptionMethod":null,"HResult":-2146233029,"Source":"System.Private.CoreLib","WatsonBuckets":null},"HelpURL":null,"StackTraceString":null,"RemoteStackTraceString":null,"RemoteStackIndex":0,"ExceptionMethod":null,"HResult":-2146233083,"Source":null,"WatsonBuckets":null},"HelpURL":null,"StackTraceString":"   at System.Net.Http.HttpClient.HandleFailure(Exception e, Boolean telemetryStarted, HttpResponseMessage response, CancellationTokenSource cts, CancellationToken cancellationToken, CancellationTokenSource pendingRequestsCts)\n   at System.Net.Http.HttpClient.<SendAsync>g__Core|83_0(HttpRequestMessage request, HttpCompletionOption completionOption, CancellationTokenSource cts, Boolean disposeCts, CancellationTokenSource pendingRequestsCts, CancellationToken originalCancellationToken)\n   at Program.Main() in /home/runner/work/GHBTracker/GHBTracker/Program.cs:line 22","RemoteStackTraceString":null,"RemoteStackIndex":0,"ExceptionMethod":null,"HResult":-2146233029,"Source":"System.Net.Http","WatsonBuckets":null}
05/31/2026 15:57:35 The request was canceled due to the configured HttpClient.Timeout of 100 seconds elapsing.
{"ClassName":"System.Threading.Tasks.TaskCanceledException","Message":"The request was canceled due to the configured HttpClient.Timeout of 100 seconds elapsing.","Data":null,"InnerException":{"ClassName":"System.TimeoutException","Message":"A task was canceled.","Data":null,"InnerException":{"ClassName":"System.Threading.Tasks.TaskCanceledException","Message":"A task was canceled.","Data":null,"InnerException":null,"HelpURL":null,"StackTraceString":"   at System.Threading.Tasks.TaskCompletionSourceWithCancellation`1.WaitWithCancellationAsync(CancellationToken cancellationToken)\n   at System.Net.Http.HttpConnectionPool.SendWithVersionDetectionAndRetryAsync(HttpRequestMessage request, Boolean async, Boolean doRequestAuth, CancellationToken cancellationToken)\n   at System.Net.Http.RedirectHandler.SendAsync(HttpRequestMessage request, Boolean async, CancellationToken cancellationToken)\n   at System.Net.Http.HttpClient.<SendAsync>g__Core|83_0(HttpRequestMessage request, HttpCompletionOption completionOption, CancellationTokenSource cts, Boolean disposeCts, CancellationTokenSource pendingRequestsCts, CancellationToken originalCancellationToken)","RemoteStackTraceString":null,"RemoteStackIndex":0,"ExceptionMethod":null,"HResult":-2146233029,"Source":"System.Private.CoreLib","WatsonBuckets":null},"HelpURL":null,"StackTraceString":null,"RemoteStackTraceString":null,"RemoteStackIndex":0,"ExceptionMethod":null,"HResult":-2146233083,"Source":null,"WatsonBuckets":null},"HelpURL":null,"StackTraceString":"   at System.Net.Http.HttpClient.HandleFailure(Exception e, Boolean telemetryStarted, HttpResponseMessage response, CancellationTokenSource cts, CancellationToken cancellationToken, CancellationTokenSource pendingRequestsCts)\n   at System.Net.Http.HttpClient.<SendAsync>g__Core|83_0(HttpRequestMessage request, HttpCompletionOption completionOption, CancellationTokenSource cts, Boolean disposeCts, CancellationTokenSource pendingRequestsCts, CancellationToken originalCancellationToken)\n   at Program.Main() in /home/runner/work/GHBTracker/GHBTracker/Program.cs:line 22","RemoteStackTraceString":null,"RemoteStackIndex":0,"ExceptionMethod":null,"HResult":-2146233029,"Source":"System.Net.Http","WatsonBuckets":null}
05/31/2026 17:09:10 The request was canceled due to the configured HttpClient.Timeout of 100 seconds elapsing.
{"ClassName":"System.Threading.Tasks.TaskCanceledException","Message":"The request was canceled due to the configured HttpClient.Timeout of 100 seconds elapsing.","Data":null,"InnerException":{"ClassName":"System.TimeoutException","Message":"A task was canceled.","Data":null,"InnerException":{"ClassName":"System.Threading.Tasks.TaskCanceledException","Message":"A task was canceled.","Data":null,"InnerException":null,"HelpURL":null,"StackTraceString":"   at System.Threading.Tasks.TaskCompletionSourceWithCancellation`1.WaitWithCancellationAsync(CancellationToken cancellationToken)\n   at System.Net.Http.HttpConnectionPool.SendWithVersionDetectionAndRetryAsync(HttpRequestMessage request, Boolean async, Boolean doRequestAuth, CancellationToken cancellationToken)\n   at System.Net.Http.RedirectHandler.SendAsync(HttpRequestMessage request, Boolean async, CancellationToken cancellationToken)\n   at System.Net.Http.HttpClient.<SendAsync>g__Core|83_0(HttpRequestMessage request, HttpCompletionOption completionOption, CancellationTokenSource cts, Boolean disposeCts, CancellationTokenSource pendingRequestsCts, CancellationToken originalCancellationToken)","RemoteStackTraceString":null,"RemoteStackIndex":0,"ExceptionMethod":null,"HResult":-2146233029,"Source":"System.Private.CoreLib","WatsonBuckets":null},"HelpURL":null,"StackTraceString":null,"RemoteStackTraceString":null,"RemoteStackIndex":0,"ExceptionMethod":null,"HResult":-2146233083,"Source":null,"WatsonBuckets":null},"HelpURL":null,"StackTraceString":"   at System.Net.Http.HttpClient.HandleFailure(Exception e, Boolean telemetryStarted, HttpResponseMessage response, CancellationTokenSource cts, CancellationToken cancellationToken, CancellationTokenSource pendingRequestsCts)\n   at System.Net.Http.HttpClient.<SendAsync>g__Core|83_0(HttpRequestMessage request, HttpCompletionOption completionOption, CancellationTokenSource cts, Boolean disposeCts, CancellationTokenSource pendingRequestsCts, CancellationToken originalCancellationToken)\n   at Program.Main() in /home/runner/work/GHBTracker/GHBTracker/Program.cs:line 22","RemoteStackTraceString":null,"RemoteStackIndex":0,"ExceptionMethod":null,"HResult":-2146233029,"Source":"System.Net.Http","WatsonBuckets":null}
06/02/2026 21:51:52 The request was canceled due to the configured HttpClient.Timeout of 100 seconds elapsing.
{"ClassName":"System.Threading.Tasks.TaskCanceledException","Message":"The request was canceled due to the configured HttpClient.Timeout of 100 seconds elapsing.","Data":null,"InnerException":{"ClassName":"System.TimeoutException","Message":"A task was canceled.","Data":null,"InnerException":{"ClassName":"System.Threading.Tasks.TaskCanceledException","Message":"A task was canceled.","Data":null,"InnerException":null,"HelpURL":null,"StackTraceString":"   at System.Threading.Tasks.TaskCompletionSourceWithCancellation`1.WaitWithCancellationAsync(CancellationToken cancellationToken)\n   at System.Net.Http.HttpConnectionPool.SendWithVersionDetectionAndRetryAsync(HttpRequestMessage request, Boolean async, Boolean doRequestAuth, CancellationToken cancellationToken)\n   at System.Net.Http.RedirectHandler.SendAsync(HttpRequestMessage request, Boolean async, CancellationToken cancellationToken)\n   at System.Net.Http.HttpClient.<SendAsync>g__Core|83_0(HttpRequestMessage request, HttpCompletionOption completionOption, CancellationTokenSource cts, Boolean disposeCts, CancellationTokenSource pendingRequestsCts, CancellationToken originalCancellationToken)","RemoteStackTraceString":null,"RemoteStackIndex":0,"ExceptionMethod":null,"HResult":-2146233029,"Source":"System.Private.CoreLib","WatsonBuckets":null},"HelpURL":null,"StackTraceString":null,"RemoteStackTraceString":null,"RemoteStackIndex":0,"ExceptionMethod":null,"HResult":-2146233083,"Source":null,"WatsonBuckets":null},"HelpURL":null,"StackTraceString":"   at System.Net.Http.HttpClient.HandleFailure(Exception e, Boolean telemetryStarted, HttpResponseMessage response, CancellationTokenSource cts, CancellationToken cancellationToken, CancellationTokenSource pendingRequestsCts)\n   at System.Net.Http.HttpClient.<SendAsync>g__Core|83_0(HttpRequestMessage request, HttpCompletionOption completionOption, CancellationTokenSource cts, Boolean disposeCts, CancellationTokenSource pendingRequestsCts, CancellationToken originalCancellationToken)\n   at Program.Main() in /home/runner/work/GHBTracker/GHBTracker/Program.cs:line 22","RemoteStackTraceString":null,"RemoteStackIndex":0,"ExceptionMethod":null,"HResult":-2146233029,"Source":"System.Net.Http","WatsonBuckets":null}
06/08/2026 04:02:20 The request was canceled due to the configured HttpClient.Timeout of 100 seconds elapsing.
{"ClassName":"System.Threading.Tasks.TaskCanceledException","Message":"The request was canceled due to the configured HttpClient.Timeout of 100 seconds elapsing.","Data":null,"InnerException":{"ClassName":"System.TimeoutException","Message":"A task was canceled.","Data":null,"InnerException":{"ClassName":"System.Threading.Tasks.TaskCanceledException","Message":"A task was canceled.","Data":null,"InnerException":null,"HelpURL":null,"StackTraceString":"   at System.Threading.Tasks.TaskCompletionSourceWithCancellation`1.WaitWithCancellationAsync(CancellationToken cancellationToken)\n   at System.Net.Http.HttpConnectionPool.SendWithVersionDetectionAndRetryAsync(HttpRequestMessage request, Boolean async, Boolean doRequestAuth, CancellationToken cancellationToken)\n   at System.Net.Http.RedirectHandler.SendAsync(HttpRequestMessage request, Boolean async, CancellationToken cancellationToken)\n   at System.Net.Http.HttpClient.<SendAsync>g__Core|83_0(HttpRequestMessage request, HttpCompletionOption completionOption, CancellationTokenSource cts, Boolean disposeCts, CancellationTokenSource pendingRequestsCts, CancellationToken originalCancellationToken)","RemoteStackTraceString":null,"RemoteStackIndex":0,"ExceptionMethod":null,"HResult":-2146233029,"Source":"System.Private.CoreLib","WatsonBuckets":null},"HelpURL":null,"StackTraceString":null,"RemoteStackTraceString":null,"RemoteStackIndex":0,"ExceptionMethod":null,"HResult":-2146233083,"Source":null,"WatsonBuckets":null},"HelpURL":null,"StackTraceString":"   at System.Net.Http.HttpClient.HandleFailure(Exception e, Boolean telemetryStarted, HttpResponseMessage response, CancellationTokenSource cts, CancellationToken cancellationToken, CancellationTokenSource pendingRequestsCts)\n   at System.Net.Http.HttpClient.<SendAsync>g__Core|83_0(HttpRequestMessage request, HttpCompletionOption completionOption, CancellationTokenSource cts, Boolean disposeCts, CancellationTokenSource pendingRequestsCts, CancellationToken originalCancellationToken)\n   at Program.Main() in /home/runner/work/GHBTracker/GHBTracker/Program.cs:line 22","RemoteStackTraceString":null,"RemoteStackIndex":0,"ExceptionMethod":null,"HResult":-2146233029,"Source":"System.Net.Http","WatsonBuckets":null}
06/08/2026 19:21:36 The SSL connection could not be established, see inner exception.
{"HttpRequestError":3,"StatusCode":null,"Message":"The SSL connection could not be established, see inner exception.","Data":{},"InnerException":{"ClassName":"System.IO.IOException","Message":"Received an unexpected EOF or 0 bytes from the transport stream.","Data":null,"InnerException":null,"HelpURL":null,"StackTraceString":"   at System.Net.Security.SslStream.ReceiveHandshakeFrameAsync[TIOAdapter](CancellationToken cancellationToken)\n   at System.Net.Security.SslStream.ForceAuthenticationAsync[TIOAdapter](Boolean receiveFirst, Byte[] reAuthenticationData, CancellationToken cancellationToken)\n   at System.Net.Http.ConnectHelper.EstablishSslConnectionAsync(SslClientAuthenticationOptions sslOptions, HttpRequestMessage request, Boolean async, Stream stream, CancellationToken cancellationToken)","RemoteStackTraceString":null,"RemoteStackIndex":0,"ExceptionMethod":null,"HResult":-2146232800,"Source":"System.Net.Security","WatsonBuckets":null},"HelpLink":null,"Source":"System.Net.Http","HResult":-2146232800,"StackTrace":"   at System.Net.Http.ConnectHelper.EstablishSslConnectionAsync(SslClientAuthenticationOptions sslOptions, HttpRequestMessage request, Boolean async, Stream stream, CancellationToken cancellationToken)\n   at System.Net.Http.HttpConnectionPool.ConnectAsync(HttpRequestMessage request, Boolean async, CancellationToken cancellationToken)\n   at System.Net.Http.HttpConnectionPool.CreateHttp11ConnectionAsync(HttpRequestMessage request, Boolean async, CancellationToken cancellationToken)\n   at System.Net.Http.HttpConnectionPool.AddHttp11ConnectionAsync(QueueItem queueItem)\n   at System.Threading.Tasks.TaskCompletionSourceWithCancellation`1.WaitWithCancellationAsync(CancellationToken cancellationToken)\n   at System.Net.Http.HttpConnectionPool.SendWithVersionDetectionAndRetryAsync(HttpRequestMessage request, Boolean async, Boolean doRequestAuth, CancellationToken cancellationToken)\n   at System.Net.Http.RedirectHandler.SendAsync(HttpRequestMessage request, Boolean async, CancellationToken cancellationToken)\n   at System.Net.Http.HttpClient.<SendAsync>g__Core|83_0(HttpRequestMessage request, HttpCompletionOption completionOption, CancellationTokenSource cts, Boolean disposeCts, CancellationTokenSource pendingRequestsCts, CancellationToken originalCancellationToken)\n   at Program.Main() in /home/runner/work/GHBTracker/GHBTracker/Program.cs:line 22"}
06/13/2026 12:16:40 The request was canceled due to the configured HttpClient.Timeout of 100 seconds elapsing.
{"ClassName":"System.Threading.Tasks.TaskCanceledException","Message":"The request was canceled due to the configured HttpClient.Timeout of 100 seconds elapsing.","Data":null,"InnerException":{"ClassName":"System.TimeoutException","Message":"A task was canceled.","Data":null,"InnerException":{"ClassName":"System.Threading.Tasks.TaskCanceledException","Message":"A task was canceled.","Data":null,"InnerException":null,"HelpURL":null,"StackTraceString":"   at System.Threading.Tasks.TaskCompletionSourceWithCancellation`1.WaitWithCancellationAsync(CancellationToken cancellationToken)\n   at System.Net.Http.HttpConnectionPool.SendWithVersionDetectionAndRetryAsync(HttpRequestMessage request, Boolean async, Boolean doRequestAuth, CancellationToken cancellationToken)\n   at System.Net.Http.RedirectHandler.SendAsync(HttpRequestMessage request, Boolean async, CancellationToken cancellationToken)\n   at System.Net.Http.HttpClient.<SendAsync>g__Core|83_0(HttpRequestMessage request, HttpCompletionOption completionOption, CancellationTokenSource cts, Boolean disposeCts, CancellationTokenSource pendingRequestsCts, CancellationToken originalCancellationToken)","RemoteStackTraceString":null,"RemoteStackIndex":0,"ExceptionMethod":null,"HResult":-2146233029,"Source":"System.Private.CoreLib","WatsonBuckets":null},"HelpURL":null,"StackTraceString":null,"RemoteStackTraceString":null,"RemoteStackIndex":0,"ExceptionMethod":null,"HResult":-2146233083,"Source":null,"WatsonBuckets":null},"HelpURL":null,"StackTraceString":"   at System.Net.Http.HttpClient.HandleFailure(Exception e, Boolean telemetryStarted, HttpResponseMessage response, CancellationTokenSource cts, CancellationToken cancellationToken, CancellationTokenSource pendingRequestsCts)\n   at System.Net.Http.HttpClient.<SendAsync>g__Core|83_0(HttpRequestMessage request, HttpCompletionOption completionOption, CancellationTokenSource cts, Boolean disposeCts, CancellationTokenSource pendingRequestsCts, CancellationToken originalCancellationToken)\n   at Program.Main() in /home/runner/work/GHBTracker/GHBTracker/Program.cs:line 22","RemoteStackTraceString":null,"RemoteStackIndex":0,"ExceptionMethod":null,"HResult":-2146233029,"Source":"System.Net.Http","WatsonBuckets":null}
06/14/2026 11:12:20 The request was canceled due to the configured HttpClient.Timeout of 100 seconds elapsing.
{"ClassName":"System.Threading.Tasks.TaskCanceledException","Message":"The request was canceled due to the configured HttpClient.Timeout of 100 seconds elapsing.","Data":null,"InnerException":{"ClassName":"System.TimeoutException","Message":"A task was canceled.","Data":null,"InnerException":{"ClassName":"System.Threading.Tasks.TaskCanceledException","Message":"A task was canceled.","Data":null,"InnerException":null,"HelpURL":null,"StackTraceString":"   at System.Threading.Tasks.TaskCompletionSourceWithCancellation`1.WaitWithCancellationAsync(CancellationToken cancellationToken)\n   at System.Net.Http.HttpConnectionPool.SendWithVersionDetectionAndRetryAsync(HttpRequestMessage request, Boolean async, Boolean doRequestAuth, CancellationToken cancellationToken)\n   at System.Net.Http.RedirectHandler.SendAsync(HttpRequestMessage request, Boolean async, CancellationToken cancellationToken)\n   at System.Net.Http.HttpClient.<SendAsync>g__Core|83_0(HttpRequestMessage request, HttpCompletionOption completionOption, CancellationTokenSource cts, Boolean disposeCts, CancellationTokenSource pendingRequestsCts, CancellationToken originalCancellationToken)","RemoteStackTraceString":null,"RemoteStackIndex":0,"ExceptionMethod":null,"HResult":-2146233029,"Source":"System.Private.CoreLib","WatsonBuckets":null},"HelpURL":null,"StackTraceString":null,"RemoteStackTraceString":null,"RemoteStackIndex":0,"ExceptionMethod":null,"HResult":-2146233083,"Source":null,"WatsonBuckets":null},"HelpURL":null,"StackTraceString":"   at System.Net.Http.HttpClient.HandleFailure(Exception e, Boolean telemetryStarted, HttpResponseMessage response, CancellationTokenSource cts, CancellationToken cancellationToken, CancellationTokenSource pendingRequestsCts)\n   at System.Net.Http.HttpClient.<SendAsync>g__Core|83_0(HttpRequestMessage request, HttpCompletionOption completionOption, CancellationTokenSource cts, Boolean disposeCts, CancellationTokenSource pendingRequestsCts, CancellationToken originalCancellationToken)\n   at Program.Main() in /home/runner/work/GHBTracker/GHBTracker/Program.cs:line 22","RemoteStackTraceString":null,"RemoteStackIndex":0,"ExceptionMethod":null,"HResult":-2146233029,"Source":"System.Net.Http","WatsonBuckets":null}
06/14/2026 16:50:58 The request was canceled due to the configured HttpClient.Timeout of 100 seconds elapsing.
{"ClassName":"System.Threading.Tasks.TaskCanceledException","Message":"The request was canceled due to the configured HttpClient.Timeout of 100 seconds elapsing.","Data":null,"InnerException":{"ClassName":"System.TimeoutException","Message":"A task was canceled.","Data":null,"InnerException":{"ClassName":"System.Threading.Tasks.TaskCanceledException","Message":"A task was canceled.","Data":null,"InnerException":null,"HelpURL":null,"StackTraceString":"   at System.Threading.Tasks.TaskCompletionSourceWithCancellation`1.WaitWithCancellationAsync(CancellationToken cancellationToken)\n   at System.Net.Http.HttpConnectionPool.SendWithVersionDetectionAndRetryAsync(HttpRequestMessage request, Boolean async, Boolean doRequestAuth, CancellationToken cancellationToken)\n   at System.Net.Http.RedirectHandler.SendAsync(HttpRequestMessage request, Boolean async, CancellationToken cancellationToken)\n   at System.Net.Http.HttpClient.<SendAsync>g__Core|83_0(HttpRequestMessage request, HttpCompletionOption completionOption, CancellationTokenSource cts, Boolean disposeCts, CancellationTokenSource pendingRequestsCts, CancellationToken originalCancellationToken)","RemoteStackTraceString":null,"RemoteStackIndex":0,"ExceptionMethod":null,"HResult":-2146233029,"Source":"System.Private.CoreLib","WatsonBuckets":null},"HelpURL":null,"StackTraceString":null,"RemoteStackTraceString":null,"RemoteStackIndex":0,"ExceptionMethod":null,"HResult":-2146233083,"Source":null,"WatsonBuckets":null},"HelpURL":null,"StackTraceString":"   at System.Net.Http.HttpClient.HandleFailure(Exception e, Boolean telemetryStarted, HttpResponseMessage response, CancellationTokenSource cts, CancellationToken cancellationToken, CancellationTokenSource pendingRequestsCts)\n   at System.Net.Http.HttpClient.<SendAsync>g__Core|83_0(HttpRequestMessage request, HttpCompletionOption completionOption, CancellationTokenSource cts, Boolean disposeCts, CancellationTokenSource pendingRequestsCts, CancellationToken originalCancellationToken)\n   at Program.Main() in /home/runner/work/GHBTracker/GHBTracker/Program.cs:line 22","RemoteStackTraceString":null,"RemoteStackIndex":0,"ExceptionMethod":null,"HResult":-2146233029,"Source":"System.Net.Http","WatsonBuckets":null}
06/14/2026 22:38:01 The request was canceled due to the configured HttpClient.Timeout of 100 seconds elapsing.
{"ClassName":"System.Threading.Tasks.TaskCanceledException","Message":"The request was canceled due to the configured HttpClient.Timeout of 100 seconds elapsing.","Data":null,"InnerException":{"ClassName":"System.TimeoutException","Message":"A task was canceled.","Data":null,"InnerException":{"ClassName":"System.Threading.Tasks.TaskCanceledException","Message":"A task was canceled.","Data":null,"InnerException":null,"HelpURL":null,"StackTraceString":"   at System.Threading.Tasks.TaskCompletionSourceWithCancellation`1.WaitWithCancellationAsync(CancellationToken cancellationToken)\n   at System.Net.Http.HttpConnectionPool.SendWithVersionDetectionAndRetryAsync(HttpRequestMessage request, Boolean async, Boolean doRequestAuth, CancellationToken cancellationToken)\n   at System.Net.Http.RedirectHandler.SendAsync(HttpRequestMessage request, Boolean async, CancellationToken cancellationToken)\n   at System.Net.Http.HttpClient.<SendAsync>g__Core|83_0(HttpRequestMessage request, HttpCompletionOption completionOption, CancellationTokenSource cts, Boolean disposeCts, CancellationTokenSource pendingRequestsCts, CancellationToken originalCancellationToken)","RemoteStackTraceString":null,"RemoteStackIndex":0,"ExceptionMethod":null,"HResult":-2146233029,"Source":"System.Private.CoreLib","WatsonBuckets":null},"HelpURL":null,"StackTraceString":null,"RemoteStackTraceString":null,"RemoteStackIndex":0,"ExceptionMethod":null,"HResult":-2146233083,"Source":null,"WatsonBuckets":null},"HelpURL":null,"StackTraceString":"   at System.Net.Http.HttpClient.HandleFailure(Exception e, Boolean telemetryStarted, HttpResponseMessage response, CancellationTokenSource cts, CancellationToken cancellationToken, CancellationTokenSource pendingRequestsCts)\n   at System.Net.Http.HttpClient.<SendAsync>g__Core|83_0(HttpRequestMessage request, HttpCompletionOption completionOption, CancellationTokenSource cts, Boolean disposeCts, CancellationTokenSource pendingRequestsCts, CancellationToken originalCancellationToken)\n   at Program.Main() in /home/runner/work/GHBTracker/GHBTracker/Program.cs:line 22","RemoteStackTraceString":null,"RemoteStackIndex":0,"ExceptionMethod":null,"HResult":-2146233029,"Source":"System.Net.Http","WatsonBuckets":null}
06/17/2026 23:04:25 The request was canceled due to the configured HttpClient.Timeout of 100 seconds elapsing.
{"ClassName":"System.Threading.Tasks.TaskCanceledException","Message":"The request was canceled due to the configured HttpClient.Timeout of 100 seconds elapsing.","Data":null,"InnerException":{"ClassName":"System.TimeoutException","Message":"A task was canceled.","Data":null,"InnerException":{"ClassName":"System.Threading.Tasks.TaskCanceledException","Message":"A task was canceled.","Data":null,"InnerException":null,"HelpURL":null,"StackTraceString":"   at System.Threading.Tasks.TaskCompletionSourceWithCancellation`1.WaitWithCancellationAsync(CancellationToken cancellationToken)\n   at System.Net.Http.HttpConnectionPool.SendWithVersionDetectionAndRetryAsync(HttpRequestMessage request, Boolean async, Boolean doRequestAuth, CancellationToken cancellationToken)\n   at System.Net.Http.RedirectHandler.SendAsync(HttpRequestMessage request, Boolean async, CancellationToken cancellationToken)\n   at System.Net.Http.HttpClient.<SendAsync>g__Core|83_0(HttpRequestMessage request, HttpCompletionOption completionOption, CancellationTokenSource cts, Boolean disposeCts, CancellationTokenSource pendingRequestsCts, CancellationToken originalCancellationToken)","RemoteStackTraceString":null,"RemoteStackIndex":0,"ExceptionMethod":null,"HResult":-2146233029,"Source":"System.Private.CoreLib","WatsonBuckets":null},"HelpURL":null,"StackTraceString":null,"RemoteStackTraceString":null,"RemoteStackIndex":0,"ExceptionMethod":null,"HResult":-2146233083,"Source":null,"WatsonBuckets":null},"HelpURL":null,"StackTraceString":"   at System.Net.Http.HttpClient.HandleFailure(Exception e, Boolean telemetryStarted, HttpResponseMessage response, CancellationTokenSource cts, CancellationToken cancellationToken, CancellationTokenSource pendingRequestsCts)\n   at System.Net.Http.HttpClient.<SendAsync>g__Core|83_0(HttpRequestMessage request, HttpCompletionOption completionOption, CancellationTokenSource cts, Boolean disposeCts, CancellationTokenSource pendingRequestsCts, CancellationToken originalCancellationToken)\n   at Program.Main() in /home/runner/work/GHBTracker/GHBTracker/Program.cs:line 22","RemoteStackTraceString":null,"RemoteStackIndex":0,"ExceptionMethod":null,"HResult":-2146233029,"Source":"System.Net.Http","WatsonBuckets":null}
06/18/2026 19:41:47 The request was canceled due to the configured HttpClient.Timeout of 100 seconds elapsing.
{"ClassName":"System.Threading.Tasks.TaskCanceledException","Message":"The request was canceled due to the configured HttpClient.Timeout of 100 seconds elapsing.","Data":null,"InnerException":{"ClassName":"System.TimeoutException","Message":"A task was canceled.","Data":null,"InnerException":{"ClassName":"System.Threading.Tasks.TaskCanceledException","Message":"A task was canceled.","Data":null,"InnerException":null,"HelpURL":null,"StackTraceString":"   at System.Threading.Tasks.TaskCompletionSourceWithCancellation`1.WaitWithCancellationAsync(CancellationToken cancellationToken)\n   at System.Net.Http.HttpConnectionPool.SendWithVersionDetectionAndRetryAsync(HttpRequestMessage request, Boolean async, Boolean doRequestAuth, CancellationToken cancellationToken)\n   at System.Net.Http.RedirectHandler.SendAsync(HttpRequestMessage request, Boolean async, CancellationToken cancellationToken)\n   at System.Net.Http.HttpClient.<SendAsync>g__Core|83_0(HttpRequestMessage request, HttpCompletionOption completionOption, CancellationTokenSource cts, Boolean disposeCts, CancellationTokenSource pendingRequestsCts, CancellationToken originalCancellationToken)","RemoteStackTraceString":null,"RemoteStackIndex":0,"ExceptionMethod":null,"HResult":-2146233029,"Source":"System.Private.CoreLib","WatsonBuckets":null},"HelpURL":null,"StackTraceString":null,"RemoteStackTraceString":null,"RemoteStackIndex":0,"ExceptionMethod":null,"HResult":-2146233083,"Source":null,"WatsonBuckets":null},"HelpURL":null,"StackTraceString":"   at System.Net.Http.HttpClient.HandleFailure(Exception e, Boolean telemetryStarted, HttpResponseMessage response, CancellationTokenSource cts, CancellationToken cancellationToken, CancellationTokenSource pendingRequestsCts)\n   at System.Net.Http.HttpClient.<SendAsync>g__Core|83_0(HttpRequestMessage request, HttpCompletionOption completionOption, CancellationTokenSource cts, Boolean disposeCts, CancellationTokenSource pendingRequestsCts, CancellationToken originalCancellationToken)\n   at Program.Main() in /home/runner/work/GHBTracker/GHBTracker/Program.cs:line 22","RemoteStackTraceString":null,"RemoteStackIndex":0,"ExceptionMethod":null,"HResult":-2146233029,"Source":"System.Net.Http","WatsonBuckets":null}
06/19/2026 02:34:49 The request was canceled due to the configured HttpClient.Timeout of 100 seconds elapsing.
{"ClassName":"System.Threading.Tasks.TaskCanceledException","Message":"The request was canceled due to the configured HttpClient.Timeout of 100 seconds elapsing.","Data":null,"InnerException":{"ClassName":"System.TimeoutException","Message":"A task was canceled.","Data":null,"InnerException":{"ClassName":"System.Threading.Tasks.TaskCanceledException","Message":"A task was canceled.","Data":null,"InnerException":null,"HelpURL":null,"StackTraceString":"   at System.Threading.Tasks.TaskCompletionSourceWithCancellation`1.WaitWithCancellationAsync(CancellationToken cancellationToken)\n   at System.Net.Http.HttpConnectionPool.SendWithVersionDetectionAndRetryAsync(HttpRequestMessage request, Boolean async, Boolean doRequestAuth, CancellationToken cancellationToken)\n   at System.Net.Http.RedirectHandler.SendAsync(HttpRequestMessage request, Boolean async, CancellationToken cancellationToken)\n   at System.Net.Http.HttpClient.<SendAsync>g__Core|83_0(HttpRequestMessage request, HttpCompletionOption completionOption, CancellationTokenSource cts, Boolean disposeCts, CancellationTokenSource pendingRequestsCts, CancellationToken originalCancellationToken)","RemoteStackTraceString":null,"RemoteStackIndex":0,"ExceptionMethod":null,"HResult":-2146233029,"Source":"System.Private.CoreLib","WatsonBuckets":null},"HelpURL":null,"StackTraceString":null,"RemoteStackTraceString":null,"RemoteStackIndex":0,"ExceptionMethod":null,"HResult":-2146233083,"Source":null,"WatsonBuckets":null},"HelpURL":null,"StackTraceString":"   at System.Net.Http.HttpClient.HandleFailure(Exception e, Boolean telemetryStarted, HttpResponseMessage response, CancellationTokenSource cts, CancellationToken cancellationToken, CancellationTokenSource pendingRequestsCts)\n   at System.Net.Http.HttpClient.<SendAsync>g__Core|83_0(HttpRequestMessage request, HttpCompletionOption completionOption, CancellationTokenSource cts, Boolean disposeCts, CancellationTokenSource pendingRequestsCts, CancellationToken originalCancellationToken)\n   at Program.Main() in /home/runner/work/GHBTracker/GHBTracker/Program.cs:line 22","RemoteStackTraceString":null,"RemoteStackIndex":0,"ExceptionMethod":null,"HResult":-2146233029,"Source":"System.Net.Http","WatsonBuckets":null}
06/25/2026 00:14:43 The request was canceled due to the configured HttpClient.Timeout of 100 seconds elapsing.
{"ClassName":"System.Threading.Tasks.TaskCanceledException","Message":"The request was canceled due to the configured HttpClient.Timeout of 100 seconds elapsing.","Data":null,"InnerException":{"ClassName":"System.TimeoutException","Message":"A task was canceled.","Data":null,"InnerException":{"ClassName":"System.Threading.Tasks.TaskCanceledException","Message":"A task was canceled.","Data":null,"InnerException":null,"HelpURL":null,"StackTraceString":"   at System.Threading.Tasks.TaskCompletionSourceWithCancellation`1.WaitWithCancellationAsync(CancellationToken cancellationToken)\n   at System.Net.Http.HttpConnectionPool.SendWithVersionDetectionAndRetryAsync(HttpRequestMessage request, Boolean async, Boolean doRequestAuth, CancellationToken cancellationToken)\n   at System.Net.Http.RedirectHandler.SendAsync(HttpRequestMessage request, Boolean async, CancellationToken cancellationToken)\n   at System.Net.Http.HttpClient.<SendAsync>g__Core|83_0(HttpRequestMessage request, HttpCompletionOption completionOption, CancellationTokenSource cts, Boolean disposeCts, CancellationTokenSource pendingRequestsCts, CancellationToken originalCancellationToken)","RemoteStackTraceString":null,"RemoteStackIndex":0,"ExceptionMethod":null,"HResult":-2146233029,"Source":"System.Private.CoreLib","WatsonBuckets":null},"HelpURL":null,"StackTraceString":null,"RemoteStackTraceString":null,"RemoteStackIndex":0,"ExceptionMethod":null,"HResult":-2146233083,"Source":null,"WatsonBuckets":null},"HelpURL":null,"StackTraceString":"   at System.Net.Http.HttpClient.HandleFailure(Exception e, Boolean telemetryStarted, HttpResponseMessage response, CancellationTokenSource cts, CancellationToken cancellationToken, CancellationTokenSource pendingRequestsCts)\n   at System.Net.Http.HttpClient.<SendAsync>g__Core|83_0(HttpRequestMessage request, HttpCompletionOption completionOption, CancellationTokenSource cts, Boolean disposeCts, CancellationTokenSource pendingRequestsCts, CancellationToken originalCancellationToken)\n   at Program.Main() in /home/runner/work/GHBTracker/GHBTracker/Program.cs:line 22","RemoteStackTraceString":null,"RemoteStackIndex":0,"ExceptionMethod":null,"HResult":-2146233029,"Source":"System.Net.Http","WatsonBuckets":null}
06/27/2026 01:34:05 The request was canceled due to the configured HttpClient.Timeout of 100 seconds elapsing.
{"ClassName":"System.Threading.Tasks.TaskCanceledException","Message":"The request was canceled due to the configured HttpClient.Timeout of 100 seconds elapsing.","Data":null,"InnerException":{"ClassName":"System.TimeoutException","Message":"A task was canceled.","Data":null,"InnerException":{"ClassName":"System.Threading.Tasks.TaskCanceledException","Message":"A task was canceled.","Data":null,"InnerException":null,"HelpURL":null,"StackTraceString":"   at System.Threading.Tasks.TaskCompletionSourceWithCancellation`1.WaitWithCancellationAsync(CancellationToken cancellationToken)\n   at System.Net.Http.HttpConnectionPool.SendWithVersionDetectionAndRetryAsync(HttpRequestMessage request, Boolean async, Boolean doRequestAuth, CancellationToken cancellationToken)\n   at System.Net.Http.RedirectHandler.SendAsync(HttpRequestMessage request, Boolean async, CancellationToken cancellationToken)\n   at System.Net.Http.HttpClient.<SendAsync>g__Core|83_0(HttpRequestMessage request, HttpCompletionOption completionOption, CancellationTokenSource cts, Boolean disposeCts, CancellationTokenSource pendingRequestsCts, CancellationToken originalCancellationToken)","RemoteStackTraceString":null,"RemoteStackIndex":0,"ExceptionMethod":null,"HResult":-2146233029,"Source":"System.Private.CoreLib","WatsonBuckets":null},"HelpURL":null,"StackTraceString":null,"RemoteStackTraceString":null,"RemoteStackIndex":0,"ExceptionMethod":null,"HResult":-2146233083,"Source":null,"WatsonBuckets":null},"HelpURL":null,"StackTraceString":"   at System.Net.Http.HttpClient.HandleFailure(Exception e, Boolean telemetryStarted, HttpResponseMessage response, CancellationTokenSource cts, CancellationToken cancellationToken, CancellationTokenSource pendingRequestsCts)\n   at System.Net.Http.HttpClient.<SendAsync>g__Core|83_0(HttpRequestMessage request, HttpCompletionOption completionOption, CancellationTokenSource cts, Boolean disposeCts, CancellationTokenSource pendingRequestsCts, CancellationToken originalCancellationToken)\n   at Program.Main() in /home/runner/work/GHBTracker/GHBTracker/Program.cs:line 22","RemoteStackTraceString":null,"RemoteStackIndex":0,"ExceptionMethod":null,"HResult":-2146233029,"Source":"System.Net.Http","WatsonBuckets":null}
06/27/2026 21:19:13 The request was canceled due to the configured HttpClient.Timeout of 100 seconds elapsing.
{"ClassName":"System.Threading.Tasks.TaskCanceledException","Message":"The request was canceled due to the configured HttpClient.Timeout of 100 seconds elapsing.","Data":null,"InnerException":{"ClassName":"System.TimeoutException","Message":"A task was canceled.","Data":null,"InnerException":{"ClassName":"System.Threading.Tasks.TaskCanceledException","Message":"A task was canceled.","Data":null,"InnerException":null,"HelpURL":null,"StackTraceString":"   at System.Threading.Tasks.TaskCompletionSourceWithCancellation`1.WaitWithCancellationAsync(CancellationToken cancellationToken)\n   at System.Net.Http.HttpConnectionPool.SendWithVersionDetectionAndRetryAsync(HttpRequestMessage request, Boolean async, Boolean doRequestAuth, CancellationToken cancellationToken)\n   at System.Net.Http.RedirectHandler.SendAsync(HttpRequestMessage request, Boolean async, CancellationToken cancellationToken)\n   at System.Net.Http.HttpClient.<SendAsync>g__Core|83_0(HttpRequestMessage request, HttpCompletionOption completionOption, CancellationTokenSource cts, Boolean disposeCts, CancellationTokenSource pendingRequestsCts, CancellationToken originalCancellationToken)","RemoteStackTraceString":null,"RemoteStackIndex":0,"ExceptionMethod":null,"HResult":-2146233029,"Source":"System.Private.CoreLib","WatsonBuckets":null},"HelpURL":null,"StackTraceString":null,"RemoteStackTraceString":null,"RemoteStackIndex":0,"ExceptionMethod":null,"HResult":-2146233083,"Source":null,"WatsonBuckets":null},"HelpURL":null,"StackTraceString":"   at System.Net.Http.HttpClient.HandleFailure(Exception e, Boolean telemetryStarted, HttpResponseMessage response, CancellationTokenSource cts, CancellationToken cancellationToken, CancellationTokenSource pendingRequestsCts)\n   at System.Net.Http.HttpClient.<SendAsync>g__Core|83_0(HttpRequestMessage request, HttpCompletionOption completionOption, CancellationTokenSource cts, Boolean disposeCts, CancellationTokenSource pendingRequestsCts, CancellationToken originalCancellationToken)\n   at Program.Main() in /home/runner/work/GHBTracker/GHBTracker/Program.cs:line 22","RemoteStackTraceString":null,"RemoteStackIndex":0,"ExceptionMethod":null,"HResult":-2146233029,"Source":"System.Net.Http","WatsonBuckets":null}
07/01/2026 10:36:05 The request was canceled due to the configured HttpClient.Timeout of 100 seconds elapsing.
{"ClassName":"System.Threading.Tasks.TaskCanceledException","Message":"The request was canceled due to the configured HttpClient.Timeout of 100 seconds elapsing.","Data":null,"InnerException":{"ClassName":"System.TimeoutException","Message":"A task was canceled.","Data":null,"InnerException":{"ClassName":"System.Threading.Tasks.TaskCanceledException","Message":"A task was canceled.","Data":null,"InnerException":null,"HelpURL":null,"StackTraceString":"   at System.Threading.Tasks.TaskCompletionSourceWithCancellation`1.WaitWithCancellationAsync(CancellationToken cancellationToken)\n   at System.Net.Http.HttpConnectionPool.SendWithVersionDetectionAndRetryAsync(HttpRequestMessage request, Boolean async, Boolean doRequestAuth, CancellationToken cancellationToken)\n   at System.Net.Http.RedirectHandler.SendAsync(HttpRequestMessage request, Boolean async, CancellationToken cancellationToken)\n   at System.Net.Http.HttpClient.<SendAsync>g__Core|83_0(HttpRequestMessage request, HttpCompletionOption completionOption, CancellationTokenSource cts, Boolean disposeCts, CancellationTokenSource pendingRequestsCts, CancellationToken originalCancellationToken)","RemoteStackTraceString":null,"RemoteStackIndex":0,"ExceptionMethod":null,"HResult":-2146233029,"Source":"System.Private.CoreLib","WatsonBuckets":null},"HelpURL":null,"StackTraceString":null,"RemoteStackTraceString":null,"RemoteStackIndex":0,"ExceptionMethod":null,"HResult":-2146233083,"Source":null,"WatsonBuckets":null},"HelpURL":null,"StackTraceString":"   at System.Net.Http.HttpClient.HandleFailure(Exception e, Boolean telemetryStarted, HttpResponseMessage response, CancellationTokenSource cts, CancellationToken cancellationToken, CancellationTokenSource pendingRequestsCts)\n   at System.Net.Http.HttpClient.<SendAsync>g__Core|83_0(HttpRequestMessage request, HttpCompletionOption completionOption, CancellationTokenSource cts, Boolean disposeCts, CancellationTokenSource pendingRequestsCts, CancellationToken originalCancellationToken)\n   at Program.Main() in /home/runner/work/GHBTracker/GHBTracker/Program.cs:line 22","RemoteStackTraceString":null,"RemoteStackIndex":0,"ExceptionMethod":null,"HResult":-2146233029,"Source":"System.Net.Http","WatsonBuckets":null}
07/04/2026 11:27:56 The request was canceled due to the configured HttpClient.Timeout of 100 seconds elapsing.
{"ClassName":"System.Threading.Tasks.TaskCanceledException","Message":"The request was canceled due to the configured HttpClient.Timeout of 100 seconds elapsing.","Data":null,"InnerException":{"ClassName":"System.TimeoutException","Message":"A task was canceled.","Data":null,"InnerException":{"ClassName":"System.Threading.Tasks.TaskCanceledException","Message":"A task was canceled.","Data":null,"InnerException":null,"HelpURL":null,"StackTraceString":"   at System.Threading.Tasks.TaskCompletionSourceWithCancellation`1.WaitWithCancellationAsync(CancellationToken cancellationToken)\n   at System.Net.Http.HttpConnectionPool.SendWithVersionDetectionAndRetryAsync(HttpRequestMessage request, Boolean async, Boolean doRequestAuth, CancellationToken cancellationToken)\n   at System.Net.Http.RedirectHandler.SendAsync(HttpRequestMessage request, Boolean async, CancellationToken cancellationToken)\n   at System.Net.Http.HttpClient.<SendAsync>g__Core|83_0(HttpRequestMessage request, HttpCompletionOption completionOption, CancellationTokenSource cts, Boolean disposeCts, CancellationTokenSource pendingRequestsCts, CancellationToken originalCancellationToken)","RemoteStackTraceString":null,"RemoteStackIndex":0,"ExceptionMethod":null,"HResult":-2146233029,"Source":"System.Private.CoreLib","WatsonBuckets":null},"HelpURL":null,"StackTraceString":null,"RemoteStackTraceString":null,"RemoteStackIndex":0,"ExceptionMethod":null,"HResult":-2146233083,"Source":null,"WatsonBuckets":null},"HelpURL":null,"StackTraceString":"   at System.Net.Http.HttpClient.HandleFailure(Exception e, Boolean telemetryStarted, HttpResponseMessage response, CancellationTokenSource cts, CancellationToken cancellationToken, CancellationTokenSource pendingRequestsCts)\n   at System.Net.Http.HttpClient.<SendAsync>g__Core|83_0(HttpRequestMessage request, HttpCompletionOption completionOption, CancellationTokenSource cts, Boolean disposeCts, CancellationTokenSource pendingRequestsCts, CancellationToken originalCancellationToken)\n   at Program.Main() in /home/runner/work/GHBTracker/GHBTracker/Program.cs:line 22","RemoteStackTraceString":null,"RemoteStackIndex":0,"ExceptionMethod":null,"HResult":-2146233029,"Source":"System.Net.Http","WatsonBuckets":null}
07/05/2026 07:47:49 The request was canceled due to the configured HttpClient.Timeout of 100 seconds elapsing.
{"ClassName":"System.Threading.Tasks.TaskCanceledException","Message":"The request was canceled due to the configured HttpClient.Timeout of 100 seconds elapsing.","Data":null,"InnerException":{"ClassName":"System.TimeoutException","Message":"A task was canceled.","Data":null,"InnerException":{"ClassName":"System.Threading.Tasks.TaskCanceledException","Message":"A task was canceled.","Data":null,"InnerException":null,"HelpURL":null,"StackTraceString":"   at System.Threading.Tasks.TaskCompletionSourceWithCancellation`1.WaitWithCancellationAsync(CancellationToken cancellationToken)\n   at System.Net.Http.HttpConnectionPool.SendWithVersionDetectionAndRetryAsync(HttpRequestMessage request, Boolean async, Boolean doRequestAuth, CancellationToken cancellationToken)\n   at System.Net.Http.RedirectHandler.SendAsync(HttpRequestMessage request, Boolean async, CancellationToken cancellationToken)\n   at System.Net.Http.HttpClient.<SendAsync>g__Core|83_0(HttpRequestMessage request, HttpCompletionOption completionOption, CancellationTokenSource cts, Boolean disposeCts, CancellationTokenSource pendingRequestsCts, CancellationToken originalCancellationToken)","RemoteStackTraceString":null,"RemoteStackIndex":0,"ExceptionMethod":null,"HResult":-2146233029,"Source":"System.Private.CoreLib","WatsonBuckets":null},"HelpURL":null,"StackTraceString":null,"RemoteStackTraceString":null,"RemoteStackIndex":0,"ExceptionMethod":null,"HResult":-2146233083,"Source":null,"WatsonBuckets":null},"HelpURL":null,"StackTraceString":"   at System.Net.Http.HttpClient.HandleFailure(Exception e, Boolean telemetryStarted, HttpResponseMessage response, CancellationTokenSource cts, CancellationToken cancellationToken, CancellationTokenSource pendingRequestsCts)\n   at System.Net.Http.HttpClient.<SendAsync>g__Core|83_0(HttpRequestMessage request, HttpCompletionOption completionOption, CancellationTokenSource cts, Boolean disposeCts, CancellationTokenSource pendingRequestsCts, CancellationToken originalCancellationToken)\n   at Program.Main() in /home/runner/work/GHBTracker/GHBTracker/Program.cs:line 22","RemoteStackTraceString":null,"RemoteStackIndex":0,"ExceptionMethod":null,"HResult":-2146233029,"Source":"System.Net.Http","WatsonBuckets":null}
07/05/2026 14:47:11 The request was canceled due to the configured HttpClient.Timeout of 100 seconds elapsing.
{"ClassName":"System.Threading.Tasks.TaskCanceledException","Message":"The request was canceled due to the configured HttpClient.Timeout of 100 seconds elapsing.","Data":null,"InnerException":{"ClassName":"System.TimeoutException","Message":"A task was canceled.","Data":null,"InnerException":{"ClassName":"System.Threading.Tasks.TaskCanceledException","Message":"A task was canceled.","Data":null,"InnerException":null,"HelpURL":null,"StackTraceString":"   at System.Threading.Tasks.TaskCompletionSourceWithCancellation`1.WaitWithCancellationAsync(CancellationToken cancellationToken)\n   at System.Net.Http.HttpConnectionPool.SendWithVersionDetectionAndRetryAsync(HttpRequestMessage request, Boolean async, Boolean doRequestAuth, CancellationToken cancellationToken)\n   at System.Net.Http.RedirectHandler.SendAsync(HttpRequestMessage request, Boolean async, CancellationToken cancellationToken)\n   at System.Net.Http.HttpClient.<SendAsync>g__Core|83_0(HttpRequestMessage request, HttpCompletionOption completionOption, CancellationTokenSource cts, Boolean disposeCts, CancellationTokenSource pendingRequestsCts, CancellationToken originalCancellationToken)","RemoteStackTraceString":null,"RemoteStackIndex":0,"ExceptionMethod":null,"HResult":-2146233029,"Source":"System.Private.CoreLib","WatsonBuckets":null},"HelpURL":null,"StackTraceString":null,"RemoteStackTraceString":null,"RemoteStackIndex":0,"ExceptionMethod":null,"HResult":-2146233083,"Source":null,"WatsonBuckets":null},"HelpURL":null,"StackTraceString":"   at System.Net.Http.HttpClient.HandleFailure(Exception e, Boolean telemetryStarted, HttpResponseMessage response, CancellationTokenSource cts, CancellationToken cancellationToken, CancellationTokenSource pendingRequestsCts)\n   at System.Net.Http.HttpClient.<SendAsync>g__Core|83_0(HttpRequestMessage request, HttpCompletionOption completionOption, CancellationTokenSource cts, Boolean disposeCts, CancellationTokenSource pendingRequestsCts, CancellationToken originalCancellationToken)\n   at Program.Main() in /home/runner/work/GHBTracker/GHBTracker/Program.cs:line 22","RemoteStackTraceString":null,"RemoteStackIndex":0,"ExceptionMethod":null,"HResult":-2146233029,"Source":"System.Net.Http","WatsonBuckets":null}
07/08/2026 16:57:56 The request was canceled due to the configured HttpClient.Timeout of 100 seconds elapsing.
{"ClassName":"System.Threading.Tasks.TaskCanceledException","Message":"The request was canceled due to the configured HttpClient.Timeout of 100 seconds elapsing.","Data":null,"InnerException":{"ClassName":"System.TimeoutException","Message":"A task was canceled.","Data":null,"InnerException":{"ClassName":"System.Threading.Tasks.TaskCanceledException","Message":"A task was canceled.","Data":null,"InnerException":null,"HelpURL":null,"StackTraceString":"   at System.Threading.Tasks.TaskCompletionSourceWithCancellation`1.WaitWithCancellationAsync(CancellationToken cancellationToken)\n   at System.Net.Http.HttpConnectionPool.SendWithVersionDetectionAndRetryAsync(HttpRequestMessage request, Boolean async, Boolean doRequestAuth, CancellationToken cancellationToken)\n   at System.Net.Http.RedirectHandler.SendAsync(HttpRequestMessage request, Boolean async, CancellationToken cancellationToken)\n   at System.Net.Http.HttpClient.<SendAsync>g__Core|83_0(HttpRequestMessage request, HttpCompletionOption completionOption, CancellationTokenSource cts, Boolean disposeCts, CancellationTokenSource pendingRequestsCts, CancellationToken originalCancellationToken)","RemoteStackTraceString":null,"RemoteStackIndex":0,"ExceptionMethod":null,"HResult":-2146233029,"Source":"System.Private.CoreLib","WatsonBuckets":null},"HelpURL":null,"StackTraceString":null,"RemoteStackTraceString":null,"RemoteStackIndex":0,"ExceptionMethod":null,"HResult":-2146233083,"Source":null,"WatsonBuckets":null},"HelpURL":null,"StackTraceString":"   at System.Net.Http.HttpClient.HandleFailure(Exception e, Boolean telemetryStarted, HttpResponseMessage response, CancellationTokenSource cts, CancellationToken cancellationToken, CancellationTokenSource pendingRequestsCts)\n   at System.Net.Http.HttpClient.<SendAsync>g__Core|83_0(HttpRequestMessage request, HttpCompletionOption completionOption, CancellationTokenSource cts, Boolean disposeCts, CancellationTokenSource pendingRequestsCts, CancellationToken originalCancellationToken)\n   at Program.Main() in /home/runner/work/GHBTracker/GHBTracker/Program.cs:line 22","RemoteStackTraceString":null,"RemoteStackIndex":0,"ExceptionMethod":null,"HResult":-2146233029,"Source":"System.Net.Http","WatsonBuckets":null}
07/09/2026 08:46:19 The request was canceled due to the configured HttpClient.Timeout of 100 seconds elapsing.
{"ClassName":"System.Threading.Tasks.TaskCanceledException","Message":"The request was canceled due to the configured HttpClient.Timeout of 100 seconds elapsing.","Data":null,"InnerException":{"ClassName":"System.TimeoutException","Message":"A task was canceled.","Data":null,"InnerException":{"ClassName":"System.Threading.Tasks.TaskCanceledException","Message":"A task was canceled.","Data":null,"InnerException":null,"HelpURL":null,"StackTraceString":"   at System.Threading.Tasks.TaskCompletionSourceWithCancellation`1.WaitWithCancellationAsync(CancellationToken cancellationToken)\n   at System.Net.Http.HttpConnectionPool.SendWithVersionDetectionAndRetryAsync(HttpRequestMessage request, Boolean async, Boolean doRequestAuth, CancellationToken cancellationToken)\n   at System.Net.Http.RedirectHandler.SendAsync(HttpRequestMessage request, Boolean async, CancellationToken cancellationToken)\n   at System.Net.Http.HttpClient.<SendAsync>g__Core|83_0(HttpRequestMessage request, HttpCompletionOption completionOption, CancellationTokenSource cts, Boolean disposeCts, CancellationTokenSource pendingRequestsCts, CancellationToken originalCancellationToken)","RemoteStackTraceString":null,"RemoteStackIndex":0,"ExceptionMethod":null,"HResult":-2146233029,"Source":"System.Private.CoreLib","WatsonBuckets":null},"HelpURL":null,"StackTraceString":null,"RemoteStackTraceString":null,"RemoteStackIndex":0,"ExceptionMethod":null,"HResult":-2146233083,"Source":null,"WatsonBuckets":null},"HelpURL":null,"StackTraceString":"   at System.Net.Http.HttpClient.HandleFailure(Exception e, Boolean telemetryStarted, HttpResponseMessage response, CancellationTokenSource cts, CancellationToken cancellationToken, CancellationTokenSource pendingRequestsCts)\n   at System.Net.Http.HttpClient.<SendAsync>g__Core|83_0(HttpRequestMessage request, HttpCompletionOption completionOption, CancellationTokenSource cts, Boolean disposeCts, CancellationTokenSource pendingRequestsCts, CancellationToken originalCancellationToken)\n   at Program.Main() in /home/runner/work/GHBTracker/GHBTracker/Program.cs:line 22","RemoteStackTraceString":null,"RemoteStackIndex":0,"ExceptionMethod":null,"HResult":-2146233029,"Source":"System.Net.Http","WatsonBuckets":null}
07/11/2026 12:03:35 The request was canceled due to the configured HttpClient.Timeout of 100 seconds elapsing.
{"ClassName":"System.Threading.Tasks.TaskCanceledException","Message":"The request was canceled due to the configured HttpClient.Timeout of 100 seconds elapsing.","Data":null,"InnerException":{"ClassName":"System.TimeoutException","Message":"A task was canceled.","Data":null,"InnerException":{"ClassName":"System.Threading.Tasks.TaskCanceledException","Message":"A task was canceled.","Data":null,"InnerException":null,"HelpURL":null,"StackTraceString":"   at System.Threading.Tasks.TaskCompletionSourceWithCancellation`1.WaitWithCancellationAsync(CancellationToken cancellationToken)\n   at System.Net.Http.HttpConnectionPool.SendWithVersionDetectionAndRetryAsync(HttpRequestMessage request, Boolean async, Boolean doRequestAuth, CancellationToken cancellationToken)\n   at System.Net.Http.RedirectHandler.SendAsync(HttpRequestMessage request, Boolean async, CancellationToken cancellationToken)\n   at System.Net.Http.HttpClient.<SendAsync>g__Core|83_0(HttpRequestMessage request, HttpCompletionOption completionOption, CancellationTokenSource cts, Boolean disposeCts, CancellationTokenSource pendingRequestsCts, CancellationToken originalCancellationToken)","RemoteStackTraceString":null,"RemoteStackIndex":0,"ExceptionMethod":null,"HResult":-2146233029,"Source":"System.Private.CoreLib","WatsonBuckets":null},"HelpURL":null,"StackTraceString":null,"RemoteStackTraceString":null,"RemoteStackIndex":0,"ExceptionMethod":null,"HResult":-2146233083,"Source":null,"WatsonBuckets":null},"HelpURL":null,"StackTraceString":"   at System.Net.Http.HttpClient.HandleFailure(Exception e, Boolean telemetryStarted, HttpResponseMessage response, CancellationTokenSource cts, CancellationToken cancellationToken, CancellationTokenSource pendingRequestsCts)\n   at System.Net.Http.HttpClient.<SendAsync>g__Core|83_0(HttpRequestMessage request, HttpCompletionOption completionOption, CancellationTokenSource cts, Boolean disposeCts, CancellationTokenSource pendingRequestsCts, CancellationToken originalCancellationToken)\n   at Program.Main() in /home/runner/work/GHBTracker/GHBTracker/Program.cs:line 22","RemoteStackTraceString":null,"RemoteStackIndex":0,"ExceptionMethod":null,"HResult":-2146233029,"Source":"System.Net.Http","WatsonBuckets":null}
07/15/2026 15:14:21 The request was canceled due to the configured HttpClient.Timeout of 100 seconds elapsing.
{"ClassName":"System.Threading.Tasks.TaskCanceledException","Message":"The request was canceled due to the configured HttpClient.Timeout of 100 seconds elapsing.","Data":null,"InnerException":{"ClassName":"System.TimeoutException","Message":"A task was canceled.","Data":null,"InnerException":{"ClassName":"System.Threading.Tasks.TaskCanceledException","Message":"A task was canceled.","Data":null,"InnerException":null,"HelpURL":null,"StackTraceString":"   at System.Threading.Tasks.TaskCompletionSourceWithCancellation`1.WaitWithCancellationAsync(CancellationToken cancellationToken)\n   at System.Net.Http.HttpConnectionPool.SendWithVersionDetectionAndRetryAsync(HttpRequestMessage request, Boolean async, Boolean doRequestAuth, CancellationToken cancellationToken)\n   at System.Net.Http.RedirectHandler.SendAsync(HttpRequestMessage request, Boolean async, CancellationToken cancellationToken)\n   at System.Net.Http.HttpClient.<SendAsync>g__Core|83_0(HttpRequestMessage request, HttpCompletionOption completionOption, CancellationTokenSource cts, Boolean disposeCts, CancellationTokenSource pendingRequestsCts, CancellationToken originalCancellationToken)","RemoteStackTraceString":null,"RemoteStackIndex":0,"ExceptionMethod":null,"HResult":-2146233029,"Source":"System.Private.CoreLib","WatsonBuckets":null},"HelpURL":null,"StackTraceString":null,"RemoteStackTraceString":null,"RemoteStackIndex":0,"ExceptionMethod":null,"HResult":-2146233083,"Source":null,"WatsonBuckets":null},"HelpURL":null,"StackTraceString":"   at System.Net.Http.HttpClient.HandleFailure(Exception e, Boolean telemetryStarted, HttpResponseMessage response, CancellationTokenSource cts, CancellationToken cancellationToken, CancellationTokenSource pendingRequestsCts)\n   at System.Net.Http.HttpClient.<SendAsync>g__Core|83_0(HttpRequestMessage request, HttpCompletionOption completionOption, CancellationTokenSource cts, Boolean disposeCts, CancellationTokenSource pendingRequestsCts, CancellationToken originalCancellationToken)\n   at Program.Main() in /home/runner/work/GHBTracker/GHBTracker/Program.cs:line 22","RemoteStackTraceString":null,"RemoteStackIndex":0,"ExceptionMethod":null,"HResult":-2146233029,"Source":"System.Net.Http","WatsonBuckets":null}
07/16/2026 06:44:18 The request was canceled due to the configured HttpClient.Timeout of 100 seconds elapsing.
{"ClassName":"System.Threading.Tasks.TaskCanceledException","Message":"The request was canceled due to the configured HttpClient.Timeout of 100 seconds elapsing.","Data":null,"InnerException":{"ClassName":"System.TimeoutException","Message":"A task was canceled.","Data":null,"InnerException":{"ClassName":"System.Threading.Tasks.TaskCanceledException","Message":"A task was canceled.","Data":null,"InnerException":null,"HelpURL":null,"StackTraceString":"   at System.Threading.Tasks.TaskCompletionSourceWithCancellation`1.WaitWithCancellationAsync(CancellationToken cancellationToken)\n   at System.Net.Http.HttpConnectionPool.SendWithVersionDetectionAndRetryAsync(HttpRequestMessage request, Boolean async, Boolean doRequestAuth, CancellationToken cancellationToken)\n   at System.Net.Http.RedirectHandler.SendAsync(HttpRequestMessage request, Boolean async, CancellationToken cancellationToken)\n   at System.Net.Http.HttpClient.<SendAsync>g__Core|83_0(HttpRequestMessage request, HttpCompletionOption completionOption, CancellationTokenSource cts, Boolean disposeCts, CancellationTokenSource pendingRequestsCts, CancellationToken originalCancellationToken)","RemoteStackTraceString":null,"RemoteStackIndex":0,"ExceptionMethod":null,"HResult":-2146233029,"Source":"System.Private.CoreLib","WatsonBuckets":null},"HelpURL":null,"StackTraceString":null,"RemoteStackTraceString":null,"RemoteStackIndex":0,"ExceptionMethod":null,"HResult":-2146233083,"Source":null,"WatsonBuckets":null},"HelpURL":null,"StackTraceString":"   at System.Net.Http.HttpClient.HandleFailure(Exception e, Boolean telemetryStarted, HttpResponseMessage response, CancellationTokenSource cts, CancellationToken cancellationToken, CancellationTokenSource pendingRequestsCts)\n   at System.Net.Http.HttpClient.<SendAsync>g__Core|83_0(HttpRequestMessage request, HttpCompletionOption completionOption, CancellationTokenSource cts, Boolean disposeCts, CancellationTokenSource pendingRequestsCts, CancellationToken originalCancellationToken)\n   at Program.Main() in /home/runner/work/GHBTracker/GHBTracker/Program.cs:line 22","RemoteStackTraceString":null,"RemoteStackIndex":0,"ExceptionMethod":null,"HResult":-2146233029,"Source":"System.Net.Http","WatsonBuckets":null}
07/19/2026 12:41:04 The request was canceled due to the configured HttpClient.Timeout of 100 seconds elapsing.
{"ClassName":"System.Threading.Tasks.TaskCanceledException","Message":"The request was canceled due to the configured HttpClient.Timeout of 100 seconds elapsing.","Data":null,"InnerException":{"ClassName":"System.TimeoutException","Message":"A task was canceled.","Data":null,"InnerException":{"ClassName":"System.Threading.Tasks.TaskCanceledException","Message":"A task was canceled.","Data":null,"InnerException":null,"HelpURL":null,"StackTraceString":"   at System.Threading.Tasks.TaskCompletionSourceWithCancellation`1.WaitWithCancellationAsync(CancellationToken cancellationToken)\n   at System.Net.Http.HttpConnectionPool.SendWithVersionDetectionAndRetryAsync(HttpRequestMessage request, Boolean async, Boolean doRequestAuth, CancellationToken cancellationToken)\n   at System.Net.Http.RedirectHandler.SendAsync(HttpRequestMessage request, Boolean async, CancellationToken cancellationToken)\n   at System.Net.Http.HttpClient.<SendAsync>g__Core|83_0(HttpRequestMessage request, HttpCompletionOption completionOption, CancellationTokenSource cts, Boolean disposeCts, CancellationTokenSource pendingRequestsCts, CancellationToken originalCancellationToken)","RemoteStackTraceString":null,"RemoteStackIndex":0,"ExceptionMethod":null,"HResult":-2146233029,"Source":"System.Private.CoreLib","WatsonBuckets":null},"HelpURL":null,"StackTraceString":null,"RemoteStackTraceString":null,"RemoteStackIndex":0,"ExceptionMethod":null,"HResult":-2146233083,"Source":null,"WatsonBuckets":null},"HelpURL":null,"StackTraceString":"   at System.Net.Http.HttpClient.HandleFailure(Exception e, Boolean telemetryStarted, HttpResponseMessage response, CancellationTokenSource cts, CancellationToken cancellationToken, CancellationTokenSource pendingRequestsCts)\n   at System.Net.Http.HttpClient.<SendAsync>g__Core|83_0(HttpRequestMessage request, HttpCompletionOption completionOption, CancellationTokenSource cts, Boolean disposeCts, CancellationTokenSource pendingRequestsCts, CancellationToken originalCancellationToken)\n   at Program.Main() in /home/runner/work/GHBTracker/GHBTracker/Program.cs:line 22","RemoteStackTraceString":null,"RemoteStackIndex":0,"ExceptionMethod":null,"HResult":-2146233029,"Source":"System.Net.Http","WatsonBuckets":null}
07/21/2026 23:10:49 The request was canceled due to the configured HttpClient.Timeout of 100 seconds elapsing.
{"ClassName":"System.Threading.Tasks.TaskCanceledException","Message":"The request was canceled due to the configured HttpClient.Timeout of 100 seconds elapsing.","Data":null,"InnerException":{"ClassName":"System.TimeoutException","Message":"A task was canceled.","Data":null,"InnerException":{"ClassName":"System.Threading.Tasks.TaskCanceledException","Message":"A task was canceled.","Data":null,"InnerException":null,"HelpURL":null,"StackTraceString":"   at System.Threading.Tasks.TaskCompletionSourceWithCancellation`1.WaitWithCancellationAsync(CancellationToken cancellationToken)\n   at System.Net.Http.HttpConnectionPool.SendWithVersionDetectionAndRetryAsync(HttpRequestMessage request, Boolean async, Boolean doRequestAuth, CancellationToken cancellationToken)\n   at System.Net.Http.RedirectHandler.SendAsync(HttpRequestMessage request, Boolean async, CancellationToken cancellationToken)\n   at System.Net.Http.HttpClient.<SendAsync>g__Core|83_0(HttpRequestMessage request, HttpCompletionOption completionOption, CancellationTokenSource cts, Boolean disposeCts, CancellationTokenSource pendingRequestsCts, CancellationToken originalCancellationToken)","RemoteStackTraceString":null,"RemoteStackIndex":0,"ExceptionMethod":null,"HResult":-2146233029,"Source":"System.Private.CoreLib","WatsonBuckets":null},"HelpURL":null,"StackTraceString":null,"RemoteStackTraceString":null,"RemoteStackIndex":0,"ExceptionMethod":null,"HResult":-2146233083,"Source":null,"WatsonBuckets":null},"HelpURL":null,"StackTraceString":"   at System.Net.Http.HttpClient.HandleFailure(Exception e, Boolean telemetryStarted, HttpResponseMessage response, CancellationTokenSource cts, CancellationToken cancellationToken, CancellationTokenSource pendingRequestsCts)\n   at System.Net.Http.HttpClient.<SendAsync>g__Core|83_0(HttpRequestMessage request, HttpCompletionOption completionOption, CancellationTokenSource cts, Boolean disposeCts, CancellationTokenSource pendingRequestsCts, CancellationToken originalCancellationToken)\n   at Program.Main() in /home/runner/work/GHBTracker/GHBTracker/Program.cs:line 22","RemoteStackTraceString":null,"RemoteStackIndex":0,"ExceptionMethod":null,"HResult":-2146233029,"Source":"System.Net.Http","WatsonBuckets":null}
07/23/2026 07:16:03 The request was canceled due to the configured HttpClient.Timeout of 100 seconds elapsing.
{"ClassName":"System.Threading.Tasks.TaskCanceledException","Message":"The request was canceled due to the configured HttpClient.Timeout of 100 seconds elapsing.","Data":null,"InnerException":{"ClassName":"System.TimeoutException","Message":"A task was canceled.","Data":null,"InnerException":{"ClassName":"System.Threading.Tasks.TaskCanceledException","Message":"A task was canceled.","Data":null,"InnerException":null,"HelpURL":null,"StackTraceString":"   at System.Threading.Tasks.TaskCompletionSourceWithCancellation`1.WaitWithCancellationAsync(CancellationToken cancellationToken)\n   at System.Net.Http.HttpConnectionPool.SendWithVersionDetectionAndRetryAsync(HttpRequestMessage request, Boolean async, Boolean doRequestAuth, CancellationToken cancellationToken)\n   at System.Net.Http.RedirectHandler.SendAsync(HttpRequestMessage request, Boolean async, CancellationToken cancellationToken)\n   at System.Net.Http.HttpClient.<SendAsync>g__Core|83_0(HttpRequestMessage request, HttpCompletionOption completionOption, CancellationTokenSource cts, Boolean disposeCts, CancellationTokenSource pendingRequestsCts, CancellationToken originalCancellationToken)","RemoteStackTraceString":null,"RemoteStackIndex":0,"ExceptionMethod":null,"HResult":-2146233029,"Source":"System.Private.CoreLib","WatsonBuckets":null},"HelpURL":null,"StackTraceString":null,"RemoteStackTraceString":null,"RemoteStackIndex":0,"ExceptionMethod":null,"HResult":-2146233083,"Source":null,"WatsonBuckets":null},"HelpURL":null,"StackTraceString":"   at System.Net.Http.HttpClient.HandleFailure(Exception e, Boolean telemetryStarted, HttpResponseMessage response, CancellationTokenSource cts, CancellationToken cancellationToken, CancellationTokenSource pendingRequestsCts)\n   at System.Net.Http.HttpClient.<SendAsync>g__Core|83_0(HttpRequestMessage request, HttpCompletionOption completionOption, CancellationTokenSource cts, Boolean disposeCts, CancellationTokenSource pendingRequestsCts, CancellationToken originalCancellationToken)\n   at Program.Main() in /home/runner/work/GHBTracker/GHBTracker/Program.cs:line 22","RemoteStackTraceString":null,"RemoteStackIndex":0,"ExceptionMethod":null,"HResult":-2146233029,"Source":"System.Net.Http","WatsonBuckets":null}
07/26/2026 16:34:38 The request was canceled due to the configured HttpClient.Timeout of 100 seconds elapsing.
{"ClassName":"System.Threading.Tasks.TaskCanceledException","Message":"The request was canceled due to the configured HttpClient.Timeout of 100 seconds elapsing.","Data":null,"InnerException":{"ClassName":"System.TimeoutException","Message":"A task was canceled.","Data":null,"InnerException":{"ClassName":"System.Threading.Tasks.TaskCanceledException","Message":"A task was canceled.","Data":null,"InnerException":null,"HelpURL":null,"StackTraceString":"   at System.Threading.Tasks.TaskCompletionSourceWithCancellation`1.WaitWithCancellationAsync(CancellationToken cancellationToken)\n   at System.Net.Http.HttpConnectionPool.SendWithVersionDetectionAndRetryAsync(HttpRequestMessage request, Boolean async, Boolean doRequestAuth, CancellationToken cancellationToken)\n   at System.Net.Http.RedirectHandler.SendAsync(HttpRequestMessage request, Boolean async, CancellationToken cancellationToken)\n   at System.Net.Http.HttpClient.<SendAsync>g__Core|83_0(HttpRequestMessage request, HttpCompletionOption completionOption, CancellationTokenSource cts, Boolean disposeCts, CancellationTokenSource pendingRequestsCts, CancellationToken originalCancellationToken)","RemoteStackTraceString":null,"RemoteStackIndex":0,"ExceptionMethod":null,"HResult":-2146233029,"Source":"System.Private.CoreLib","WatsonBuckets":null},"HelpURL":null,"StackTraceString":null,"RemoteStackTraceString":null,"RemoteStackIndex":0,"ExceptionMethod":null,"HResult":-2146233083,"Source":null,"WatsonBuckets":null},"HelpURL":null,"StackTraceString":"   at System.Net.Http.HttpClient.HandleFailure(Exception e, Boolean telemetryStarted, HttpResponseMessage response, CancellationTokenSource cts, CancellationToken cancellationToken, CancellationTokenSource pendingRequestsCts)\n   at System.Net.Http.HttpClient.<SendAsync>g__Core|83_0(HttpRequestMessage request, HttpCompletionOption completionOption, CancellationTokenSource cts, Boolean disposeCts, CancellationTokenSource pendingRequestsCts, CancellationToken originalCancellationToken)\n   at Program.Main() in /home/runner/work/GHBTracker/GHBTracker/Program.cs:line 22","RemoteStackTraceString":null,"RemoteStackIndex":0,"ExceptionMethod":null,"HResult":-2146233029,"Source":"System.Net.Http","WatsonBuckets":null}
07/30/2026 06:12:28 The request was canceled due to the configured HttpClient.Timeout of 100 seconds elapsing.
{"ClassName":"System.Threading.Tasks.TaskCanceledException","Message":"The request was canceled due to the configured HttpClient.Timeout of 100 seconds elapsing.","Data":null,"InnerException":{"ClassName":"System.TimeoutException","Message":"A task was canceled.","Data":null,"InnerException":{"ClassName":"System.Threading.Tasks.TaskCanceledException","Message":"A task was canceled.","Data":null,"InnerException":null,"HelpURL":null,"StackTraceString":"   at System.Threading.Tasks.TaskCompletionSourceWithCancellation`1.WaitWithCancellationAsync(CancellationToken cancellationToken)\n   at System.Net.Http.HttpConnectionPool.SendWithVersionDetectionAndRetryAsync(HttpRequestMessage request, Boolean async, Boolean doRequestAuth, CancellationToken cancellationToken)\n   at System.Net.Http.RedirectHandler.SendAsync(HttpRequestMessage request, Boolean async, CancellationToken cancellationToken)\n   at System.Net.Http.HttpClient.<SendAsync>g__Core|83_0(HttpRequestMessage request, HttpCompletionOption completionOption, CancellationTokenSource cts, Boolean disposeCts, CancellationTokenSource pendingRequestsCts, CancellationToken originalCancellationToken)","RemoteStackTraceString":null,"RemoteStackIndex":0,"ExceptionMethod":null,"HResult":-2146233029,"Source":"System.Private.CoreLib","WatsonBuckets":null},"HelpURL":null,"StackTraceString":null,"RemoteStackTraceString":null,"RemoteStackIndex":0,"ExceptionMethod":null,"HResult":-2146233083,"Source":null,"WatsonBuckets":null},"HelpURL":null,"StackTraceString":"   at System.Net.Http.HttpClient.HandleFailure(Exception e, Boolean telemetryStarted, HttpResponseMessage response, CancellationTokenSource cts, CancellationToken cancellationToken, CancellationTokenSource pendingRequestsCts)\n   at System.Net.Http.HttpClient.<SendAsync>g__Core|83_0(HttpRequestMessage request, HttpCompletionOption completionOption, CancellationTokenSource cts, Boolean disposeCts, CancellationTokenSource pendingRequestsCts, CancellationToken originalCancellationToken)\n   at Program.Main() in /home/runner/work/GHBTracker/GHBTracker/Program.cs:line 22","RemoteStackTraceString":null,"RemoteStackIndex":0,"ExceptionMethod":null,"HResult":-2146233029,"Source":"System.Net.Http","WatsonBuckets":null}
08/01/2026 18:40:41 The request was canceled due to the configured HttpClient.Timeout of 100 seconds elapsing.
{"ClassName":"System.Threading.Tasks.TaskCanceledException","Message":"The request was canceled due to the configured HttpClient.Timeout of 100 seconds elapsing.","Data":null,"InnerException":{"ClassName":"System.TimeoutException","Message":"A task was canceled.","Data":null,"InnerException":{"ClassName":"System.Threading.Tasks.TaskCanceledException","Message":"A task was canceled.","Data":null,"InnerException":null,"HelpURL":null,"StackTraceString":"   at System.Threading.Tasks.TaskCompletionSourceWithCancellation`1.WaitWithCancellationAsync(CancellationToken cancellationToken)\n   at System.Net.Http.HttpConnectionPool.SendWithVersionDetectionAndRetryAsync(HttpRequestMessage request, Boolean async, Boolean doRequestAuth, CancellationToken cancellationToken)\n   at System.Net.Http.RedirectHandler.SendAsync(HttpRequestMessage request, Boolean async, CancellationToken cancellationToken)\n   at System.Net.Http.HttpClient.<SendAsync>g__Core|83_0(HttpRequestMessage request, HttpCompletionOption completionOption, CancellationTokenSource cts, Boolean disposeCts, CancellationTokenSource pendingRequestsCts, CancellationToken originalCancellationToken)","RemoteStackTraceString":null,"RemoteStackIndex":0,"ExceptionMethod":null,"HResult":-2146233029,"Source":"System.Private.CoreLib","WatsonBuckets":null},"HelpURL":null,"StackTraceString":null,"RemoteStackTraceString":null,"RemoteStackIndex":0,"ExceptionMethod":null,"HResult":-2146233083,"Source":null,"WatsonBuckets":null},"HelpURL":null,"StackTraceString":"   at System.Net.Http.HttpClient.HandleFailure(Exception e, Boolean telemetryStarted, HttpResponseMessage response, CancellationTokenSource cts, CancellationToken cancellationToken, CancellationTokenSource pendingRequestsCts)\n   at System.Net.Http.HttpClient.<SendAsync>g__Core|83_0(HttpRequestMessage request, HttpCompletionOption completionOption, CancellationTokenSource cts, Boolean disposeCts, CancellationTokenSource pendingRequestsCts, CancellationToken originalCancellationToken)\n   at Program.Main() in /home/runner/work/GHBTracker/GHBTracker/Program.cs:line 22","RemoteStackTraceString":null,"RemoteStackIndex":0,"ExceptionMethod":null,"HResult":-2146233029,"Source":"System.Net.Http","WatsonBuckets":null}
08/07/2026 00:35:03 The request was canceled due to the configured HttpClient.Timeout of 100 seconds elapsing.
{"ClassName":"System.Threading.Tasks.TaskCanceledException","Message":"The request was canceled due to the configured HttpClient.Timeout of 100 seconds elapsing.","Data":null,"InnerException":{"ClassName":"System.TimeoutException","Message":"A task was canceled.","Data":null,"InnerException":{"ClassName":"System.Threading.Tasks.TaskCanceledException","Message":"A task was canceled.","Data":null,"InnerException":null,"HelpURL":null,"StackTraceString":"   at System.Threading.Tasks.TaskCompletionSourceWithCancellation`1.WaitWithCancellationAsync(CancellationToken cancellationToken)\n   at System.Net.Http.HttpConnectionPool.SendWithVersionDetectionAndRetryAsync(HttpRequestMessage request, Boolean async, Boolean doRequestAuth, CancellationToken cancellationToken)\n   at System.Net.Http.RedirectHandler.SendAsync(HttpRequestMessage request, Boolean async, CancellationToken cancellationToken)\n   at System.Net.Http.HttpClient.<SendAsync>g__Core|83_0(HttpRequestMessage request, HttpCompletionOption completionOption, CancellationTokenSource cts, Boolean disposeCts, CancellationTokenSource pendingRequestsCts, CancellationToken originalCancellationToken)","RemoteStackTraceString":null,"RemoteStackIndex":0,"ExceptionMethod":null,"HResult":-2146233029,"Source":"System.Private.CoreLib","WatsonBuckets":null},"HelpURL":null,"StackTraceString":null,"RemoteStackTraceString":null,"RemoteStackIndex":0,"ExceptionMethod":null,"HResult":-2146233083,"Source":null,"WatsonBuckets":null},"HelpURL":null,"StackTraceString":"   at System.Net.Http.HttpClient.HandleFailure(Exception e, Boolean telemetryStarted, HttpResponseMessage response, CancellationTokenSource cts, CancellationToken cancellationToken, CancellationTokenSource pendingRequestsCts)\n   at System.Net.Http.HttpClient.<SendAsync>g__Core|83_0(HttpRequestMessage request, HttpCompletionOption completionOption, CancellationTokenSource cts, Boolean disposeCts, CancellationTokenSource pendingRequestsCts, CancellationToken originalCancellationToken)\n   at Program.Main() in /home/runner/work/GHBTracker/GHBTracker/Program.cs:line 22","RemoteStackTraceString":null,"RemoteStackIndex":0,"ExceptionMethod":null,"HResult":-2146233029,"Source":"System.Net.Http","WatsonBuckets":null}
08/07/2026 13:03:02 The request was canceled due to the configured HttpClient.Timeout of 100 seconds elapsing.
{"ClassName":"System.Threading.Tasks.TaskCanceledException","Message":"The request was canceled due to the configured HttpClient.Timeout of 100 seconds elapsing.","Data":null,"InnerException":{"ClassName":"System.TimeoutException","Message":"A task was canceled.","Data":null,"InnerException":{"ClassName":"System.Threading.Tasks.TaskCanceledException","Message":"A task was canceled.","Data":null,"InnerException":null,"HelpURL":null,"StackTraceString":"   at System.Threading.Tasks.TaskCompletionSourceWithCancellation`1.WaitWithCancellationAsync(CancellationToken cancellationToken)\n   at System.Net.Http.HttpConnectionPool.SendWithVersionDetectionAndRetryAsync(HttpRequestMessage request, Boolean async, Boolean doRequestAuth, CancellationToken cancellationToken)\n   at System.Net.Http.RedirectHandler.SendAsync(HttpRequestMessage request, Boolean async, CancellationToken cancellationToken)\n   at System.Net.Http.HttpClient.<SendAsync>g__Core|83_0(HttpRequestMessage request, HttpCompletionOption completionOption, CancellationTokenSource cts, Boolean disposeCts, CancellationTokenSource pendingRequestsCts, CancellationToken originalCancellationToken)","RemoteStackTraceString":null,"RemoteStackIndex":0,"ExceptionMethod":null,"HResult":-2146233029,"Source":"System.Private.CoreLib","WatsonBuckets":null},"HelpURL":null,"StackTraceString":null,"RemoteStackTraceString":null,"RemoteStackIndex":0,"ExceptionMethod":null,"HResult":-2146233083,"Source":null,"WatsonBuckets":null},"HelpURL":null,"StackTraceString":"   at System.Net.Http.HttpClient.HandleFailure(Exception e, Boolean telemetryStarted, HttpResponseMessage response, CancellationTokenSource cts, CancellationToken cancellationToken, CancellationTokenSource pendingRequestsCts)\n   at System.Net.Http.HttpClient.<SendAsync>g__Core|83_0(HttpRequestMessage request, HttpCompletionOption completionOption, CancellationTokenSource cts, Boolean disposeCts, CancellationTokenSource pendingRequestsCts, CancellationToken originalCancellationToken)\n   at Program.Main() in /home/runner/work/GHBTracker/GHBTracker/Program.cs:line 22","RemoteStackTraceString":null,"RemoteStackIndex":0,"ExceptionMethod":null,"HResult":-2146233029,"Source":"System.Net.Http","WatsonBuckets":null}
08/08/2026 10:55:33 The request was canceled due to the configured HttpClient.Timeout of 100 seconds elapsing.
{"ClassName":"System.Threading.Tasks.TaskCanceledException","Message":"The request was canceled due to the configured HttpClient.Timeout of 100 seconds elapsing.","Data":null,"InnerException":{"ClassName":"System.TimeoutException","Message":"A task was canceled.","Data":null,"InnerException":{"ClassName":"System.Threading.Tasks.TaskCanceledException","Message":"A task was canceled.","Data":null,"InnerException":null,"HelpURL":null,"StackTraceString":"   at System.Threading.Tasks.TaskCompletionSourceWithCancellation`1.WaitWithCancellationAsync(CancellationToken cancellationToken)\n   at System.Net.Http.HttpConnectionPool.SendWithVersionDetectionAndRetryAsync(HttpRequestMessage request, Boolean async, Boolean doRequestAuth, CancellationToken cancellationToken)\n   at System.Net.Http.RedirectHandler.SendAsync(HttpRequestMessage request, Boolean async, CancellationToken cancellationToken)\n   at System.Net.Http.HttpClient.<SendAsync>g__Core|83_0(HttpRequestMessage request, HttpCompletionOption completionOption, CancellationTokenSource cts, Boolean disposeCts, CancellationTokenSource pendingRequestsCts, CancellationToken originalCancellationToken)","RemoteStackTraceString":null,"RemoteStackIndex":0,"ExceptionMethod":null,"HResult":-2146233029,"Source":"System.Private.CoreLib","WatsonBuckets":null},"HelpURL":null,"StackTraceString":null,"RemoteStackTraceString":null,"RemoteStackIndex":0,"ExceptionMethod":null,"HResult":-2146233083,"Source":null,"WatsonBuckets":null},"HelpURL":null,"StackTraceString":"   at System.Net.Http.HttpClient.HandleFailure(Exception e, Boolean telemetryStarted, HttpResponseMessage response, CancellationTokenSource cts, CancellationToken cancellationToken, CancellationTokenSource pendingRequestsCts)\n   at System.Net.Http.HttpClient.<SendAsync>g__Core|83_0(HttpRequestMessage request, HttpCompletionOption completionOption, CancellationTokenSource cts, Boolean disposeCts, CancellationTokenSource pendingRequestsCts, CancellationToken originalCancellationToken)\n   at Program.Main() in /home/runner/work/GHBTracker/GHBTracker/Program.cs:line 22","RemoteStackTraceString":null,"RemoteStackIndex":0,"ExceptionMethod":null,"HResult":-2146233029,"Source":"System.Net.Http","WatsonBuckets":null}
08/09/2026 10:58:14 The request was canceled due to the configured HttpClient.Timeout of 100 seconds elapsing.
{"ClassName":"System.Threading.Tasks.TaskCanceledException","Message":"The request was canceled due to the configured HttpClient.Timeout of 100 seconds elapsing.","Data":null,"InnerException":{"ClassName":"System.TimeoutException","Message":"A task was canceled.","Data":null,"InnerException":{"ClassName":"System.Threading.Tasks.TaskCanceledException","Message":"A task was canceled.","Data":null,"InnerException":null,"HelpURL":null,"StackTraceString":"   at System.Threading.Tasks.TaskCompletionSourceWithCancellation`1.WaitWithCancellationAsync(CancellationToken cancellationToken)\n   at System.Net.Http.HttpConnectionPool.SendWithVersionDetectionAndRetryAsync(HttpRequestMessage request, Boolean async, Boolean doRequestAuth, CancellationToken cancellationToken)\n   at System.Net.Http.RedirectHandler.SendAsync(HttpRequestMessage request, Boolean async, CancellationToken cancellationToken)\n   at System.Net.Http.HttpClient.<SendAsync>g__Core|83_0(HttpRequestMessage request, HttpCompletionOption completionOption, CancellationTokenSource cts, Boolean disposeCts, CancellationTokenSource pendingRequestsCts, CancellationToken originalCancellationToken)","RemoteStackTraceString":null,"RemoteStackIndex":0,"ExceptionMethod":null,"HResult":-2146233029,"Source":"System.Private.CoreLib","WatsonBuckets":null},"HelpURL":null,"StackTraceString":null,"RemoteStackTraceString":null,"RemoteStackIndex":0,"ExceptionMethod":null,"HResult":-2146233083,"Source":null,"WatsonBuckets":null},"HelpURL":null,"StackTraceString":"   at System.Net.Http.HttpClient.HandleFailure(Exception e, Boolean telemetryStarted, HttpResponseMessage response, CancellationTokenSource cts, CancellationToken cancellationToken, CancellationTokenSource pendingRequestsCts)\n   at System.Net.Http.HttpClient.<SendAsync>g__Core|83_0(HttpRequestMessage request, HttpCompletionOption completionOption, CancellationTokenSource cts, Boolean disposeCts, CancellationTokenSource pendingRequestsCts, CancellationToken originalCancellationToken)\n   at Program.Main() in /home/runner/work/GHBTracker/GHBTracker/Program.cs:line 22","RemoteStackTraceString":null,"RemoteStackIndex":0,"ExceptionMethod":null,"HResult":-2146233029,"Source":"System.Net.Http","WatsonBuckets":null}
08/09/2026 15:06:15 The request was canceled due to the configured HttpClient.Timeout of 100 seconds elapsing.
{"ClassName":"System.Threading.Tasks.TaskCanceledException","Message":"The request was canceled due to the configured HttpClient.Timeout of 100 seconds elapsing.","Data":null,"InnerException":{"ClassName":"System.TimeoutException","Message":"A task was canceled.","Data":null,"InnerException":{"ClassName":"System.Threading.Tasks.TaskCanceledException","Message":"A task was canceled.","Data":null,"InnerException":null,"HelpURL":null,"StackTraceString":"   at System.Threading.Tasks.TaskCompletionSourceWithCancellation`1.WaitWithCancellationAsync(CancellationToken cancellationToken)\n   at System.Net.Http.HttpConnectionPool.SendWithVersionDetectionAndRetryAsync(HttpRequestMessage request, Boolean async, Boolean doRequestAuth, CancellationToken cancellationToken)\n   at System.Net.Http.RedirectHandler.SendAsync(HttpRequestMessage request, Boolean async, CancellationToken cancellationToken)\n   at System.Net.Http.HttpClient.<SendAsync>g__Core|83_0(HttpRequestMessage request, HttpCompletionOption completionOption, CancellationTokenSource cts, Boolean disposeCts, CancellationTokenSource pendingRequestsCts, CancellationToken originalCancellationToken)","RemoteStackTraceString":null,"RemoteStackIndex":0,"ExceptionMethod":null,"HResult":-2146233029,"Source":"System.Private.CoreLib","WatsonBuckets":null},"HelpURL":null,"StackTraceString":null,"RemoteStackTraceString":null,"RemoteStackIndex":0,"ExceptionMethod":null,"HResult":-2146233083,"Source":null,"WatsonBuckets":null},"HelpURL":null,"StackTraceString":"   at System.Net.Http.HttpClient.HandleFailure(Exception e, Boolean telemetryStarted, HttpResponseMessage response, CancellationTokenSource cts, CancellationToken cancellationToken, CancellationTokenSource pendingRequestsCts)\n   at System.Net.Http.HttpClient.<SendAsync>g__Core|83_0(HttpRequestMessage request, HttpCompletionOption completionOption, CancellationTokenSource cts, Boolean disposeCts, CancellationTokenSource pendingRequestsCts, CancellationToken originalCancellationToken)\n   at Program.Main() in /home/runner/work/GHBTracker/GHBTracker/Program.cs:line 22","RemoteStackTraceString":null,"RemoteStackIndex":0,"ExceptionMethod":null,"HResult":-2146233029,"Source":"System.Net.Http","WatsonBuckets":null}
08/11/2026 00:39:32 The request was canceled due to the configured HttpClient.Timeout of 100 seconds elapsing.
{"ClassName":"System.Threading.Tasks.TaskCanceledException","Message":"The request was canceled due to the configured HttpClient.Timeout of 100 seconds elapsing.","Data":null,"InnerException":{"ClassName":"System.TimeoutException","Message":"A task was canceled.","Data":null,"InnerException":{"ClassName":"System.Threading.Tasks.TaskCanceledException","Message":"A task was canceled.","Data":null,"InnerException":null,"HelpURL":null,"StackTraceString":"   at System.Threading.Tasks.TaskCompletionSourceWithCancellation`1.WaitWithCancellationAsync(CancellationToken cancellationToken)\n   at System.Net.Http.HttpConnectionPool.SendWithVersionDetectionAndRetryAsync(HttpRequestMessage request, Boolean async, Boolean doRequestAuth, CancellationToken cancellationToken)\n   at System.Net.Http.RedirectHandler.SendAsync(HttpRequestMessage request, Boolean async, CancellationToken cancellationToken)\n   at System.Net.Http.HttpClient.<SendAsync>g__Core|83_0(HttpRequestMessage request, HttpCompletionOption completionOption, CancellationTokenSource cts, Boolean disposeCts, CancellationTokenSource pendingRequestsCts, CancellationToken originalCancellationToken)","RemoteStackTraceString":null,"RemoteStackIndex":0,"ExceptionMethod":null,"HResult":-2146233029,"Source":"System.Private.CoreLib","WatsonBuckets":null},"HelpURL":null,"StackTraceString":null,"RemoteStackTraceString":null,"RemoteStackIndex":0,"ExceptionMethod":null,"HResult":-2146233083,"Source":null,"WatsonBuckets":null},"HelpURL":null,"StackTraceString":"   at System.Net.Http.HttpClient.HandleFailure(Exception e, Boolean telemetryStarted, HttpResponseMessage response, CancellationTokenSource cts, CancellationToken cancellationToken, CancellationTokenSource pendingRequestsCts)\n   at System.Net.Http.HttpClient.<SendAsync>g__Core|83_0(HttpRequestMessage request, HttpCompletionOption completionOption, CancellationTokenSource cts, Boolean disposeCts, CancellationTokenSource pendingRequestsCts, CancellationToken originalCancellationToken)\n   at Program.Main() in /home/runner/work/GHBTracker/GHBTracker/Program.cs:line 22","RemoteStackTraceString":null,"RemoteStackIndex":0,"ExceptionMethod":null,"HResult":-2146233029,"Source":"System.Net.Http","WatsonBuckets":null}
08/11/2026 09:43:34 The request was canceled due to the configured HttpClient.Timeout of 100 seconds elapsing.
{"ClassName":"System.Threading.Tasks.TaskCanceledException","Message":"The request was canceled due to the configured HttpClient.Timeout of 100 seconds elapsing.","Data":null,"InnerException":{"ClassName":"System.TimeoutException","Message":"A task was canceled.","Data":null,"InnerException":{"ClassName":"System.Threading.Tasks.TaskCanceledException","Message":"A task was canceled.","Data":null,"InnerException":null,"HelpURL":null,"StackTraceString":"   at System.Threading.Tasks.TaskCompletionSourceWithCancellation`1.WaitWithCancellationAsync(CancellationToken cancellationToken)\n   at System.Net.Http.HttpConnectionPool.SendWithVersionDetectionAndRetryAsync(HttpRequestMessage request, Boolean async, Boolean doRequestAuth, CancellationToken cancellationToken)\n   at System.Net.Http.RedirectHandler.SendAsync(HttpRequestMessage request, Boolean async, CancellationToken cancellationToken)\n   at System.Net.Http.HttpClient.<SendAsync>g__Core|83_0(HttpRequestMessage request, HttpCompletionOption completionOption, CancellationTokenSource cts, Boolean disposeCts, CancellationTokenSource pendingRequestsCts, CancellationToken originalCancellationToken)","RemoteStackTraceString":null,"RemoteStackIndex":0,"ExceptionMethod":null,"HResult":-2146233029,"Source":"System.Private.CoreLib","WatsonBuckets":null},"HelpURL":null,"StackTraceString":null,"RemoteStackTraceString":null,"RemoteStackIndex":0,"ExceptionMethod":null,"HResult":-2146233083,"Source":null,"WatsonBuckets":null},"HelpURL":null,"StackTraceString":"   at System.Net.Http.HttpClient.HandleFailure(Exception e, Boolean telemetryStarted, HttpResponseMessage response, CancellationTokenSource cts, CancellationToken cancellationToken, CancellationTokenSource pendingRequestsCts)\n   at System.Net.Http.HttpClient.<SendAsync>g__Core|83_0(HttpRequestMessage request, HttpCompletionOption completionOption, CancellationTokenSource cts, Boolean disposeCts, CancellationTokenSource pendingRequestsCts, CancellationToken originalCancellationToken)\n   at Program.Main() in /home/runner/work/GHBTracker/GHBTracker/Program.cs:line 22","RemoteStackTraceString":null,"RemoteStackIndex":0,"ExceptionMethod":null,"HResult":-2146233029,"Source":"System.Net.Http","WatsonBuckets":null}
08/11/2026 14:47:31 The request was canceled due to the configured HttpClient.Timeout of 100 seconds elapsing.
{"ClassName":"System.Threading.Tasks.TaskCanceledException","Message":"The request was canceled due to the configured HttpClient.Timeout of 100 seconds elapsing.","Data":null,"InnerException":{"ClassName":"System.TimeoutException","Message":"A task was canceled.","Data":null,"InnerException":{"ClassName":"System.Threading.Tasks.TaskCanceledException","Message":"A task was canceled.","Data":null,"InnerException":null,"HelpURL":null,"StackTraceString":"   at System.Threading.Tasks.TaskCompletionSourceWithCancellation`1.WaitWithCancellationAsync(CancellationToken cancellationToken)\n   at System.Net.Http.HttpConnectionPool.SendWithVersionDetectionAndRetryAsync(HttpRequestMessage request, Boolean async, Boolean doRequestAuth, CancellationToken cancellationToken)\n   at System.Net.Http.RedirectHandler.SendAsync(HttpRequestMessage request, Boolean async, CancellationToken cancellationToken)\n   at System.Net.Http.HttpClient.<SendAsync>g__Core|83_0(HttpRequestMessage request, HttpCompletionOption completionOption, CancellationTokenSource cts, Boolean disposeCts, CancellationTokenSource pendingRequestsCts, CancellationToken originalCancellationToken)","RemoteStackTraceString":null,"RemoteStackIndex":0,"ExceptionMethod":null,"HResult":-2146233029,"Source":"System.Private.CoreLib","WatsonBuckets":null},"HelpURL":null,"StackTraceString":null,"RemoteStackTraceString":null,"RemoteStackIndex":0,"ExceptionMethod":null,"HResult":-2146233083,"Source":null,"WatsonBuckets":null},"HelpURL":null,"StackTraceString":"   at System.Net.Http.HttpClient.HandleFailure(Exception e, Boolean telemetryStarted, HttpResponseMessage response, CancellationTokenSource cts, CancellationToken cancellationToken, CancellationTokenSource pendingRequestsCts)\n   at System.Net.Http.HttpClient.<SendAsync>g__Core|83_0(HttpRequestMessage request, HttpCompletionOption completionOption, CancellationTokenSource cts, Boolean disposeCts, CancellationTokenSource pendingRequestsCts, CancellationToken originalCancellationToken)\n   at Program.Main() in /home/runner/work/GHBTracker/GHBTracker/Program.cs:line 22","RemoteStackTraceString":null,"RemoteStackIndex":0,"ExceptionMethod":null,"HResult":-2146233029,"Source":"System.Net.Http","WatsonBuckets":null}
08/11/2026 21:24:19 The request was canceled due to the configured HttpClient.Timeout of 100 seconds elapsing.
{"ClassName":"System.Threading.Tasks.TaskCanceledException","Message":"The request was canceled due to the configured HttpClient.Timeout of 100 seconds elapsing.","Data":null,"InnerException":{"ClassName":"System.TimeoutException","Message":"A task was canceled.","Data":null,"InnerException":{"ClassName":"System.Threading.Tasks.TaskCanceledException","Message":"A task was canceled.","Data":null,"InnerException":null,"HelpURL":null,"StackTraceString":"   at System.Threading.Tasks.TaskCompletionSourceWithCancellation`1.WaitWithCancellationAsync(CancellationToken cancellationToken)\n   at System.Net.Http.HttpConnectionPool.SendWithVersionDetectionAndRetryAsync(HttpRequestMessage request, Boolean async, Boolean doRequestAuth, CancellationToken cancellationToken)\n   at System.Net.Http.RedirectHandler.SendAsync(HttpRequestMessage request, Boolean async, CancellationToken cancellationToken)\n   at System.Net.Http.HttpClient.<SendAsync>g__Core|83_0(HttpRequestMessage request, HttpCompletionOption completionOption, CancellationTokenSource cts, Boolean disposeCts, CancellationTokenSource pendingRequestsCts, CancellationToken originalCancellationToken)","RemoteStackTraceString":null,"RemoteStackIndex":0,"ExceptionMethod":null,"HResult":-2146233029,"Source":"System.Private.CoreLib","WatsonBuckets":null},"HelpURL":null,"StackTraceString":null,"RemoteStackTraceString":null,"RemoteStackIndex":0,"ExceptionMethod":null,"HResult":-2146233083,"Source":null,"WatsonBuckets":null},"HelpURL":null,"StackTraceString":"   at System.Net.Http.HttpClient.HandleFailure(Exception e, Boolean telemetryStarted, HttpResponseMessage response, CancellationTokenSource cts, CancellationToken cancellationToken, CancellationTokenSource pendingRequestsCts)\n   at System.Net.Http.HttpClient.<SendAsync>g__Core|83_0(HttpRequestMessage request, HttpCompletionOption completionOption, CancellationTokenSource cts, Boolean disposeCts, CancellationTokenSource pendingRequestsCts, CancellationToken originalCancellationToken)\n   at Program.Main() in /home/runner/work/GHBTracker/GHBTracker/Program.cs:line 22","RemoteStackTraceString":null,"RemoteStackIndex":0,"ExceptionMethod":null,"HResult":-2146233029,"Source":"System.Net.Http","WatsonBuckets":null}
08/12/2026 19:18:04 The request was canceled due to the configured HttpClient.Timeout of 100 seconds elapsing.
{"ClassName":"System.Threading.Tasks.TaskCanceledException","Message":"The request was canceled due to the configured HttpClient.Timeout of 100 seconds elapsing.","Data":null,"InnerException":{"ClassName":"System.TimeoutException","Message":"A task was canceled.","Data":null,"InnerException":{"ClassName":"System.Threading.Tasks.TaskCanceledException","Message":"A task was canceled.","Data":null,"InnerException":null,"HelpURL":null,"StackTraceString":"   at System.Threading.Tasks.TaskCompletionSourceWithCancellation`1.WaitWithCancellationAsync(CancellationToken cancellationToken)\n   at System.Net.Http.HttpConnectionPool.SendWithVersionDetectionAndRetryAsync(HttpRequestMessage request, Boolean async, Boolean doRequestAuth, CancellationToken cancellationToken)\n   at System.Net.Http.RedirectHandler.SendAsync(HttpRequestMessage request, Boolean async, CancellationToken cancellationToken)\n   at System.Net.Http.HttpClient.<SendAsync>g__Core|83_0(HttpRequestMessage request, HttpCompletionOption completionOption, CancellationTokenSource cts, Boolean disposeCts, CancellationTokenSource pendingRequestsCts, CancellationToken originalCancellationToken)","RemoteStackTraceString":null,"RemoteStackIndex":0,"ExceptionMethod":null,"HResult":-2146233029,"Source":"System.Private.CoreLib","WatsonBuckets":null},"HelpURL":null,"StackTraceString":null,"RemoteStackTraceString":null,"RemoteStackIndex":0,"ExceptionMethod":null,"HResult":-2146233083,"Source":null,"WatsonBuckets":null},"HelpURL":null,"StackTraceString":"   at System.Net.Http.HttpClient.HandleFailure(Exception e, Boolean telemetryStarted, HttpResponseMessage response, CancellationTokenSource cts, CancellationToken cancellationToken, CancellationTokenSource pendingRequestsCts)\n   at System.Net.Http.HttpClient.<SendAsync>g__Core|83_0(HttpRequestMessage request, HttpCompletionOption completionOption, CancellationTokenSource cts, Boolean disposeCts, CancellationTokenSource pendingRequestsCts, CancellationToken originalCancellationToken)\n   at Program.Main() in /home/runner/work/GHBTracker/GHBTracker/Program.cs:line 22","RemoteStackTraceString":null,"RemoteStackIndex":0,"ExceptionMethod":null,"HResult":-2146233029,"Source":"System.Net.Http","WatsonBuckets":null}
08/13/2026 04:33:56 The request was canceled due to the configured HttpClient.Timeout of 100 seconds elapsing.
{"ClassName":"System.Threading.Tasks.TaskCanceledException","Message":"The request was canceled due to the configured HttpClient.Timeout of 100 seconds elapsing.","Data":null,"InnerException":{"ClassName":"System.TimeoutException","Message":"A task was canceled.","Data":null,"InnerException":{"ClassName":"System.Threading.Tasks.TaskCanceledException","Message":"A task was canceled.","Data":null,"InnerException":null,"HelpURL":null,"StackTraceString":"   at System.Threading.Tasks.TaskCompletionSourceWithCancellation`1.WaitWithCancellationAsync(CancellationToken cancellationToken)\n   at System.Net.Http.HttpConnectionPool.SendWithVersionDetectionAndRetryAsync(HttpRequestMessage request, Boolean async, Boolean doRequestAuth, CancellationToken cancellationToken)\n   at System.Net.Http.RedirectHandler.SendAsync(HttpRequestMessage request, Boolean async, CancellationToken cancellationToken)\n   at System.Net.Http.HttpClient.<SendAsync>g__Core|83_0(HttpRequestMessage request, HttpCompletionOption completionOption, CancellationTokenSource cts, Boolean disposeCts, CancellationTokenSource pendingRequestsCts, CancellationToken originalCancellationToken)","RemoteStackTraceString":null,"RemoteStackIndex":0,"ExceptionMethod":null,"HResult":-2146233029,"Source":"System.Private.CoreLib","WatsonBuckets":null},"HelpURL":null,"StackTraceString":null,"RemoteStackTraceString":null,"RemoteStackIndex":0,"ExceptionMethod":null,"HResult":-2146233083,"Source":null,"WatsonBuckets":null},"HelpURL":null,"StackTraceString":"   at System.Net.Http.HttpClient.HandleFailure(Exception e, Boolean telemetryStarted, HttpResponseMessage response, CancellationTokenSource cts, CancellationToken cancellationToken, CancellationTokenSource pendingRequestsCts)\n   at System.Net.Http.HttpClient.<SendAsync>g__Core|83_0(HttpRequestMessage request, HttpCompletionOption completionOption, CancellationTokenSource cts, Boolean disposeCts, CancellationTokenSource pendingRequestsCts, CancellationToken originalCancellationToken)\n   at Program.Main() in /home/runner/work/GHBTracker/GHBTracker/Program.cs:line 22","RemoteStackTraceString":null,"RemoteStackIndex":0,"ExceptionMethod":null,"HResult":-2146233029,"Source":"System.Net.Http","WatsonBuckets":null}
08/13/2026 06:05:46 The request was canceled due to the configured HttpClient.Timeout of 100 seconds elapsing.
{"ClassName":"System.Threading.Tasks.TaskCanceledException","Message":"The request was canceled due to the configured HttpClient.Timeout of 100 seconds elapsing.","Data":null,"InnerException":{"ClassName":"System.TimeoutException","Message":"A task was canceled.","Data":null,"InnerException":{"ClassName":"System.Threading.Tasks.TaskCanceledException","Message":"A task was canceled.","Data":null,"InnerException":null,"HelpURL":null,"StackTraceString":"   at System.Threading.Tasks.TaskCompletionSourceWithCancellation`1.WaitWithCancellationAsync(CancellationToken cancellationToken)\n   at System.Net.Http.HttpConnectionPool.SendWithVersionDetectionAndRetryAsync(HttpRequestMessage request, Boolean async, Boolean doRequestAuth, CancellationToken cancellationToken)\n   at System.Net.Http.RedirectHandler.SendAsync(HttpRequestMessage request, Boolean async, CancellationToken cancellationToken)\n   at System.Net.Http.HttpClient.<SendAsync>g__Core|83_0(HttpRequestMessage request, HttpCompletionOption completionOption, CancellationTokenSource cts, Boolean disposeCts, CancellationTokenSource pendingRequestsCts, CancellationToken originalCancellationToken)","RemoteStackTraceString":null,"RemoteStackIndex":0,"ExceptionMethod":null,"HResult":-2146233029,"Source":"System.Private.CoreLib","WatsonBuckets":null},"HelpURL":null,"StackTraceString":null,"RemoteStackTraceString":null,"RemoteStackIndex":0,"ExceptionMethod":null,"HResult":-2146233083,"Source":null,"WatsonBuckets":null},"HelpURL":null,"StackTraceString":"   at System.Net.Http.HttpClient.HandleFailure(Exception e, Boolean telemetryStarted, HttpResponseMessage response, CancellationTokenSource cts, CancellationToken cancellationToken, CancellationTokenSource pendingRequestsCts)\n   at System.Net.Http.HttpClient.<SendAsync>g__Core|83_0(HttpRequestMessage request, HttpCompletionOption completionOption, CancellationTokenSource cts, Boolean disposeCts, CancellationTokenSource pendingRequestsCts, CancellationToken originalCancellationToken)\n   at Program.Main() in /home/runner/work/GHBTracker/GHBTracker/Program.cs:line 22","RemoteStackTraceString":null,"RemoteStackIndex":0,"ExceptionMethod":null,"HResult":-2146233029,"Source":"System.Net.Http","WatsonBuckets":null}
08/13/2026 10:14:20 The request was canceled due to the configured HttpClient.Timeout of 100 seconds elapsing.
{"ClassName":"System.Threading.Tasks.TaskCanceledException","Message":"The request was canceled due to the configured HttpClient.Timeout of 100 seconds elapsing.","Data":null,"InnerException":{"ClassName":"System.TimeoutException","Message":"A task was canceled.","Data":null,"InnerException":{"ClassName":"System.Threading.Tasks.TaskCanceledException","Message":"A task was canceled.","Data":null,"InnerException":null,"HelpURL":null,"StackTraceString":"   at System.Threading.Tasks.TaskCompletionSourceWithCancellation`1.WaitWithCancellationAsync(CancellationToken cancellationToken)\n   at System.Net.Http.HttpConnectionPool.SendWithVersionDetectionAndRetryAsync(HttpRequestMessage request, Boolean async, Boolean doRequestAuth, CancellationToken cancellationToken)\n   at System.Net.Http.RedirectHandler.SendAsync(HttpRequestMessage request, Boolean async, CancellationToken cancellationToken)\n   at System.Net.Http.HttpClient.<SendAsync>g__Core|83_0(HttpRequestMessage request, HttpCompletionOption completionOption, CancellationTokenSource cts, Boolean disposeCts, CancellationTokenSource pendingRequestsCts, CancellationToken originalCancellationToken)","RemoteStackTraceString":null,"RemoteStackIndex":0,"ExceptionMethod":null,"HResult":-2146233029,"Source":"System.Private.CoreLib","WatsonBuckets":null},"HelpURL":null,"StackTraceString":null,"RemoteStackTraceString":null,"RemoteStackIndex":0,"ExceptionMethod":null,"HResult":-2146233083,"Source":null,"WatsonBuckets":null},"HelpURL":null,"StackTraceString":"   at System.Net.Http.HttpClient.HandleFailure(Exception e, Boolean telemetryStarted, HttpResponseMessage response, CancellationTokenSource cts, CancellationToken cancellationToken, CancellationTokenSource pendingRequestsCts)\n   at System.Net.Http.HttpClient.<SendAsync>g__Core|83_0(HttpRequestMessage request, HttpCompletionOption completionOption, CancellationTokenSource cts, Boolean disposeCts, CancellationTokenSource pendingRequestsCts, CancellationToken originalCancellationToken)\n   at Program.Main() in /home/runner/work/GHBTracker/GHBTracker/Program.cs:line 22","RemoteStackTraceString":null,"RemoteStackIndex":0,"ExceptionMethod":null,"HResult":-2146233029,"Source":"System.Net.Http","WatsonBuckets":null}
08/15/2026 03:39:23 The request was canceled due to the configured HttpClient.Timeout of 100 seconds elapsing.
{"ClassName":"System.Threading.Tasks.TaskCanceledException","Message":"The request was canceled due to the configured HttpClient.Timeout of 100 seconds elapsing.","Data":null,"InnerException":{"ClassName":"System.TimeoutException","Message":"A task was canceled.","Data":null,"InnerException":{"ClassName":"System.Threading.Tasks.TaskCanceledException","Message":"A task was canceled.","Data":null,"InnerException":null,"HelpURL":null,"StackTraceString":"   at System.Threading.Tasks.TaskCompletionSourceWithCancellation`1.WaitWithCancellationAsync(CancellationToken cancellationToken)\n   at System.Net.Http.HttpConnectionPool.SendWithVersionDetectionAndRetryAsync(HttpRequestMessage request, Boolean async, Boolean doRequestAuth, CancellationToken cancellationToken)\n   at System.Net.Http.RedirectHandler.SendAsync(HttpRequestMessage request, Boolean async, CancellationToken cancellationToken)\n   at System.Net.Http.HttpClient.<SendAsync>g__Core|83_0(HttpRequestMessage request, HttpCompletionOption completionOption, CancellationTokenSource cts, Boolean disposeCts, CancellationTokenSource pendingRequestsCts, CancellationToken originalCancellationToken)","RemoteStackTraceString":null,"RemoteStackIndex":0,"ExceptionMethod":null,"HResult":-2146233029,"Source":"System.Private.CoreLib","WatsonBuckets":null},"HelpURL":null,"StackTraceString":null,"RemoteStackTraceString":null,"RemoteStackIndex":0,"ExceptionMethod":null,"HResult":-2146233083,"Source":null,"WatsonBuckets":null},"HelpURL":null,"StackTraceString":"   at System.Net.Http.HttpClient.HandleFailure(Exception e, Boolean telemetryStarted, HttpResponseMessage response, CancellationTokenSource cts, CancellationToken cancellationToken, CancellationTokenSource pendingRequestsCts)\n   at System.Net.Http.HttpClient.<SendAsync>g__Core|83_0(HttpRequestMessage request, HttpCompletionOption completionOption, CancellationTokenSource cts, Boolean disposeCts, CancellationTokenSource pendingRequestsCts, CancellationToken originalCancellationToken)\n   at Program.Main() in /home/runner/work/GHBTracker/GHBTracker/Program.cs:line 22","RemoteStackTraceString":null,"RemoteStackIndex":0,"ExceptionMethod":null,"HResult":-2146233029,"Source":"System.Net.Http","WatsonBuckets":null}
08/16/2026 05:55:54 The request was canceled due to the configured HttpClient.Timeout of 100 seconds elapsing.
{"ClassName":"System.Threading.Tasks.TaskCanceledException","Message":"The request was canceled due to the configured HttpClient.Timeout of 100 seconds elapsing.","Data":null,"InnerException":{"ClassName":"System.TimeoutException","Message":"A task was canceled.","Data":null,"InnerException":{"ClassName":"System.Threading.Tasks.TaskCanceledException","Message":"A task was canceled.","Data":null,"InnerException":null,"HelpURL":null,"StackTraceString":"   at System.Threading.Tasks.TaskCompletionSourceWithCancellation`1.WaitWithCancellationAsync(CancellationToken cancellationToken)\n   at System.Net.Http.HttpConnectionPool.SendWithVersionDetectionAndRetryAsync(HttpRequestMessage request, Boolean async, Boolean doRequestAuth, CancellationToken cancellationToken)\n   at System.Net.Http.RedirectHandler.SendAsync(HttpRequestMessage request, Boolean async, CancellationToken cancellationToken)\n   at System.Net.Http.HttpClient.<SendAsync>g__Core|83_0(HttpRequestMessage request, HttpCompletionOption completionOption, CancellationTokenSource cts, Boolean disposeCts, CancellationTokenSource pendingRequestsCts, CancellationToken originalCancellationToken)","RemoteStackTraceString":null,"RemoteStackIndex":0,"ExceptionMethod":null,"HResult":-2146233029,"Source":"System.Private.CoreLib","WatsonBuckets":null},"HelpURL":null,"StackTraceString":null,"RemoteStackTraceString":null,"RemoteStackIndex":0,"ExceptionMethod":null,"HResult":-2146233083,"Source":null,"WatsonBuckets":null},"HelpURL":null,"StackTraceString":"   at System.Net.Http.HttpClient.HandleFailure(Exception e, Boolean telemetryStarted, HttpResponseMessage response, CancellationTokenSource cts, CancellationToken cancellationToken, CancellationTokenSource pendingRequestsCts)\n   at System.Net.Http.HttpClient.<SendAsync>g__Core|83_0(HttpRequestMessage request, HttpCompletionOption completionOption, CancellationTokenSource cts, Boolean disposeCts, CancellationTokenSource pendingRequestsCts, CancellationToken originalCancellationToken)\n   at Program.Main() in /home/runner/work/GHBTracker/GHBTracker/Program.cs:line 22","RemoteStackTraceString":null,"RemoteStackIndex":0,"ExceptionMethod":null,"HResult":-2146233029,"Source":"System.Net.Http","WatsonBuckets":null}
08/16/2026 15:26:40 The request was canceled due to the configured HttpClient.Timeout of 100 seconds elapsing.
{"ClassName":"System.Threading.Tasks.TaskCanceledException","Message":"The request was canceled due to the configured HttpClient.Timeout of 100 seconds elapsing.","Data":null,"InnerException":{"ClassName":"System.TimeoutException","Message":"A task was canceled.","Data":null,"InnerException":{"ClassName":"System.Threading.Tasks.TaskCanceledException","Message":"A task was canceled.","Data":null,"InnerException":null,"HelpURL":null,"StackTraceString":"   at System.Threading.Tasks.TaskCompletionSourceWithCancellation`1.WaitWithCancellationAsync(CancellationToken cancellationToken)\n   at System.Net.Http.HttpConnectionPool.SendWithVersionDetectionAndRetryAsync(HttpRequestMessage request, Boolean async, Boolean doRequestAuth, CancellationToken cancellationToken)\n   at System.Net.Http.RedirectHandler.SendAsync(HttpRequestMessage request, Boolean async, CancellationToken cancellationToken)\n   at System.Net.Http.HttpClient.<SendAsync>g__Core|83_0(HttpRequestMessage request, HttpCompletionOption completionOption, CancellationTokenSource cts, Boolean disposeCts, CancellationTokenSource pendingRequestsCts, CancellationToken originalCancellationToken)","RemoteStackTraceString":null,"RemoteStackIndex":0,"ExceptionMethod":null,"HResult":-2146233029,"Source":"System.Private.CoreLib","WatsonBuckets":null},"HelpURL":null,"StackTraceString":null,"RemoteStackTraceString":null,"RemoteStackIndex":0,"ExceptionMethod":null,"HResult":-2146233083,"Source":null,"WatsonBuckets":null},"HelpURL":null,"StackTraceString":"   at System.Net.Http.HttpClient.HandleFailure(Exception e, Boolean telemetryStarted, HttpResponseMessage response, CancellationTokenSource cts, CancellationToken cancellationToken, CancellationTokenSource pendingRequestsCts)\n   at System.Net.Http.HttpClient.<SendAsync>g__Core|83_0(HttpRequestMessage request, HttpCompletionOption completionOption, CancellationTokenSource cts, Boolean disposeCts, CancellationTokenSource pendingRequestsCts, CancellationToken originalCancellationToken)\n   at Program.Main() in /home/runner/work/GHBTracker/GHBTracker/Program.cs:line 22","RemoteStackTraceString":null,"RemoteStackIndex":0,"ExceptionMethod":null,"HResult":-2146233029,"Source":"System.Net.Http","WatsonBuckets":null}
08/16/2026 19:31:43 The request was canceled due to the configured HttpClient.Timeout of 100 seconds elapsing.
{"ClassName":"System.Threading.Tasks.TaskCanceledException","Message":"The request was canceled due to the configured HttpClient.Timeout of 100 seconds elapsing.","Data":null,"InnerException":{"ClassName":"System.TimeoutException","Message":"A task was canceled.","Data":null,"InnerException":{"ClassName":"System.Threading.Tasks.TaskCanceledException","Message":"A task was canceled.","Data":null,"InnerException":null,"HelpURL":null,"StackTraceString":"   at System.Threading.Tasks.TaskCompletionSourceWithCancellation`1.WaitWithCancellationAsync(CancellationToken cancellationToken)\n   at System.Net.Http.HttpConnectionPool.SendWithVersionDetectionAndRetryAsync(HttpRequestMessage request, Boolean async, Boolean doRequestAuth, CancellationToken cancellationToken)\n   at System.Net.Http.RedirectHandler.SendAsync(HttpRequestMessage request, Boolean async, CancellationToken cancellationToken)\n   at System.Net.Http.HttpClient.<SendAsync>g__Core|83_0(HttpRequestMessage request, HttpCompletionOption completionOption, CancellationTokenSource cts, Boolean disposeCts, CancellationTokenSource pendingRequestsCts, CancellationToken originalCancellationToken)","RemoteStackTraceString":null,"RemoteStackIndex":0,"ExceptionMethod":null,"HResult":-2146233029,"Source":"System.Private.CoreLib","WatsonBuckets":null},"HelpURL":null,"StackTraceString":null,"RemoteStackTraceString":null,"RemoteStackIndex":0,"ExceptionMethod":null,"HResult":-2146233083,"Source":null,"WatsonBuckets":null},"HelpURL":null,"StackTraceString":"   at System.Net.Http.HttpClient.HandleFailure(Exception e, Boolean telemetryStarted, HttpResponseMessage response, CancellationTokenSource cts, CancellationToken cancellationToken, CancellationTokenSource pendingRequestsCts)\n   at System.Net.Http.HttpClient.<SendAsync>g__Core|83_0(HttpRequestMessage request, HttpCompletionOption completionOption, CancellationTokenSource cts, Boolean disposeCts, CancellationTokenSource pendingRequestsCts, CancellationToken originalCancellationToken)\n   at Program.Main() in /home/runner/work/GHBTracker/GHBTracker/Program.cs:line 22","RemoteStackTraceString":null,"RemoteStackIndex":0,"ExceptionMethod":null,"HResult":-2146233029,"Source":"System.Net.Http","WatsonBuckets":null}
08/18/2026 16:13:59 The request was canceled due to the configured HttpClient.Timeout of 100 seconds elapsing.
{"ClassName":"System.Threading.Tasks.TaskCanceledException","Message":"The request was canceled due to the configured HttpClient.Timeout of 100 seconds elapsing.","Data":null,"InnerException":{"ClassName":"System.TimeoutException","Message":"A task was canceled.","Data":null,"InnerException":{"ClassName":"System.Threading.Tasks.TaskCanceledException","Message":"A task was canceled.","Data":null,"InnerException":null,"HelpURL":null,"StackTraceString":"   at System.Threading.Tasks.TaskCompletionSourceWithCancellation`1.WaitWithCancellationAsync(CancellationToken cancellationToken)\n   at System.Net.Http.HttpConnectionPool.SendWithVersionDetectionAndRetryAsync(HttpRequestMessage request, Boolean async, Boolean doRequestAuth, CancellationToken cancellationToken)\n   at System.Net.Http.RedirectHandler.SendAsync(HttpRequestMessage request, Boolean async, CancellationToken cancellationToken)\n   at System.Net.Http.HttpClient.<SendAsync>g__Core|83_0(HttpRequestMessage request, HttpCompletionOption completionOption, CancellationTokenSource cts, Boolean disposeCts, CancellationTokenSource pendingRequestsCts, CancellationToken originalCancellationToken)","RemoteStackTraceString":null,"RemoteStackIndex":0,"ExceptionMethod":null,"HResult":-2146233029,"Source":"System.Private.CoreLib","WatsonBuckets":null},"HelpURL":null,"StackTraceString":null,"RemoteStackTraceString":null,"RemoteStackIndex":0,"ExceptionMethod":null,"HResult":-2146233083,"Source":null,"WatsonBuckets":null},"HelpURL":null,"StackTraceString":"   at System.Net.Http.HttpClient.HandleFailure(Exception e, Boolean telemetryStarted, HttpResponseMessage response, CancellationTokenSource cts, CancellationToken cancellationToken, CancellationTokenSource pendingRequestsCts)\n   at System.Net.Http.HttpClient.<SendAsync>g__Core|83_0(HttpRequestMessage request, HttpCompletionOption completionOption, CancellationTokenSource cts, Boolean disposeCts, CancellationTokenSource pendingRequestsCts, CancellationToken originalCancellationToken)\n   at Program.Main() in /home/runner/work/GHBTracker/GHBTracker/Program.cs:line 22","RemoteStackTraceString":null,"RemoteStackIndex":0,"ExceptionMethod":null,"HResult":-2146233029,"Source":"System.Net.Http","WatsonBuckets":null}
08/21/2026 19:33:23 The request was canceled due to the configured HttpClient.Timeout of 100 seconds elapsing.
{"ClassName":"System.Threading.Tasks.TaskCanceledException","Message":"The request was canceled due to the configured HttpClient.Timeout of 100 seconds elapsing.","Data":null,"InnerException":{"ClassName":"System.TimeoutException","Message":"A task was canceled.","Data":null,"InnerException":{"ClassName":"System.Threading.Tasks.TaskCanceledException","Message":"A task was canceled.","Data":null,"InnerException":null,"HelpURL":null,"StackTraceString":"   at System.Threading.Tasks.TaskCompletionSourceWithCancellation`1.WaitWithCancellationAsync(CancellationToken cancellationToken)\n   at System.Net.Http.HttpConnectionPool.SendWithVersionDetectionAndRetryAsync(HttpRequestMessage request, Boolean async, Boolean doRequestAuth, CancellationToken cancellationToken)\n   at System.Net.Http.RedirectHandler.SendAsync(HttpRequestMessage request, Boolean async, CancellationToken cancellationToken)\n   at System.Net.Http.HttpClient.<SendAsync>g__Core|83_0(HttpRequestMessage request, HttpCompletionOption completionOption, CancellationTokenSource cts, Boolean disposeCts, CancellationTokenSource pendingRequestsCts, CancellationToken originalCancellationToken)","RemoteStackTraceString":null,"RemoteStackIndex":0,"ExceptionMethod":null,"HResult":-2146233029,"Source":"System.Private.CoreLib","WatsonBuckets":null},"HelpURL":null,"StackTraceString":null,"RemoteStackTraceString":null,"RemoteStackIndex":0,"ExceptionMethod":null,"HResult":-2146233083,"Source":null,"WatsonBuckets":null},"HelpURL":null,"StackTraceString":"   at System.Net.Http.HttpClient.HandleFailure(Exception e, Boolean telemetryStarted, HttpResponseMessage response, CancellationTokenSource cts, CancellationToken cancellationToken, CancellationTokenSource pendingRequestsCts)\n   at System.Net.Http.HttpClient.<SendAsync>g__Core|83_0(HttpRequestMessage request, HttpCompletionOption completionOption, CancellationTokenSource cts, Boolean disposeCts, CancellationTokenSource pendingRequestsCts, CancellationToken originalCancellationToken)\n   at Program.Main() in /home/runner/work/GHBTracker/GHBTracker/Program.cs:line 22","RemoteStackTraceString":null,"RemoteStackIndex":0,"ExceptionMethod":null,"HResult":-2146233029,"Source":"System.Net.Http","WatsonBuckets":null}
08/22/2026 05:13:52 The request was canceled due to the configured HttpClient.Timeout of 100 seconds elapsing.
{"ClassName":"System.Threading.Tasks.TaskCanceledException","Message":"The request was canceled due to the configured HttpClient.Timeout of 100 seconds elapsing.","Data":null,"InnerException":{"ClassName":"System.TimeoutException","Message":"A task was canceled.","Data":null,"InnerException":{"ClassName":"System.Threading.Tasks.TaskCanceledException","Message":"A task was canceled.","Data":null,"InnerException":null,"HelpURL":null,"StackTraceString":"   at System.Threading.Tasks.TaskCompletionSourceWithCancellation`1.WaitWithCancellationAsync(CancellationToken cancellationToken)\n   at System.Net.Http.HttpConnectionPool.SendWithVersionDetectionAndRetryAsync(HttpRequestMessage request, Boolean async, Boolean doRequestAuth, CancellationToken cancellationToken)\n   at System.Net.Http.RedirectHandler.SendAsync(HttpRequestMessage request, Boolean async, CancellationToken cancellationToken)\n   at System.Net.Http.HttpClient.<SendAsync>g__Core|83_0(HttpRequestMessage request, HttpCompletionOption completionOption, CancellationTokenSource cts, Boolean disposeCts, CancellationTokenSource pendingRequestsCts, CancellationToken originalCancellationToken)","RemoteStackTraceString":null,"RemoteStackIndex":0,"ExceptionMethod":null,"HResult":-2146233029,"Source":"System.Private.CoreLib","WatsonBuckets":null},"HelpURL":null,"StackTraceString":null,"RemoteStackTraceString":null,"RemoteStackIndex":0,"ExceptionMethod":null,"HResult":-2146233083,"Source":null,"WatsonBuckets":null},"HelpURL":null,"StackTraceString":"   at System.Net.Http.HttpClient.HandleFailure(Exception e, Boolean telemetryStarted, HttpResponseMessage response, CancellationTokenSource cts, CancellationToken cancellationToken, CancellationTokenSource pendingRequestsCts)\n   at System.Net.Http.HttpClient.<SendAsync>g__Core|83_0(HttpRequestMessage request, HttpCompletionOption completionOption, CancellationTokenSource cts, Boolean disposeCts, CancellationTokenSource pendingRequestsCts, CancellationToken originalCancellationToken)\n   at Program.Main() in /home/runner/work/GHBTracker/GHBTracker/Program.cs:line 22","RemoteStackTraceString":null,"RemoteStackIndex":0,"ExceptionMethod":null,"HResult":-2146233029,"Source":"System.Net.Http","WatsonBuckets":null}
08/22/2026 07:04:47 The request was canceled due to the configured HttpClient.Timeout of 100 seconds elapsing.
{"ClassName":"System.Threading.Tasks.TaskCanceledException","Message":"The request was canceled due to the configured HttpClient.Timeout of 100 seconds elapsing.","Data":null,"InnerException":{"ClassName":"System.TimeoutException","Message":"A task was canceled.","Data":null,"InnerException":{"ClassName":"System.Threading.Tasks.TaskCanceledException","Message":"A task was canceled.","Data":null,"InnerException":null,"HelpURL":null,"StackTraceString":"   at System.Threading.Tasks.TaskCompletionSourceWithCancellation`1.WaitWithCancellationAsync(CancellationToken cancellationToken)\n   at System.Net.Http.HttpConnectionPool.SendWithVersionDetectionAndRetryAsync(HttpRequestMessage request, Boolean async, Boolean doRequestAuth, CancellationToken cancellationToken)\n   at System.Net.Http.RedirectHandler.SendAsync(HttpRequestMessage request, Boolean async, CancellationToken cancellationToken)\n   at System.Net.Http.HttpClient.<SendAsync>g__Core|83_0(HttpRequestMessage request, HttpCompletionOption completionOption, CancellationTokenSource cts, Boolean disposeCts, CancellationTokenSource pendingRequestsCts, CancellationToken originalCancellationToken)","RemoteStackTraceString":null,"RemoteStackIndex":0,"ExceptionMethod":null,"HResult":-2146233029,"Source":"System.Private.CoreLib","WatsonBuckets":null},"HelpURL":null,"StackTraceString":null,"RemoteStackTraceString":null,"RemoteStackIndex":0,"ExceptionMethod":null,"HResult":-2146233083,"Source":null,"WatsonBuckets":null},"HelpURL":null,"StackTraceString":"   at System.Net.Http.HttpClient.HandleFailure(Exception e, Boolean telemetryStarted, HttpResponseMessage response, CancellationTokenSource cts, CancellationToken cancellationToken, CancellationTokenSource pendingRequestsCts)\n   at System.Net.Http.HttpClient.<SendAsync>g__Core|83_0(HttpRequestMessage request, HttpCompletionOption completionOption, CancellationTokenSource cts, Boolean disposeCts, CancellationTokenSource pendingRequestsCts, CancellationToken originalCancellationToken)\n   at Program.Main() in /home/runner/work/GHBTracker/GHBTracker/Program.cs:line 22","RemoteStackTraceString":null,"RemoteStackIndex":0,"ExceptionMethod":null,"HResult":-2146233029,"Source":"System.Net.Http","WatsonBuckets":null}
08/24/2026 23:09:03 The request was canceled due to the configured HttpClient.Timeout of 100 seconds elapsing.
{"ClassName":"System.Threading.Tasks.TaskCanceledException","Message":"The request was canceled due to the configured HttpClient.Timeout of 100 seconds elapsing.","Data":null,"InnerException":{"ClassName":"System.TimeoutException","Message":"A task was canceled.","Data":null,"InnerException":{"ClassName":"System.Threading.Tasks.TaskCanceledException","Message":"A task was canceled.","Data":null,"InnerException":null,"HelpURL":null,"StackTraceString":"   at System.Threading.Tasks.TaskCompletionSourceWithCancellation`1.WaitWithCancellationAsync(CancellationToken cancellationToken)\n   at System.Net.Http.HttpConnectionPool.SendWithVersionDetectionAndRetryAsync(HttpRequestMessage request, Boolean async, Boolean doRequestAuth, CancellationToken cancellationToken)\n   at System.Net.Http.RedirectHandler.SendAsync(HttpRequestMessage request, Boolean async, CancellationToken cancellationToken)\n   at System.Net.Http.HttpClient.<SendAsync>g__Core|83_0(HttpRequestMessage request, HttpCompletionOption completionOption, CancellationTokenSource cts, Boolean disposeCts, CancellationTokenSource pendingRequestsCts, CancellationToken originalCancellationToken)","RemoteStackTraceString":null,"RemoteStackIndex":0,"ExceptionMethod":null,"HResult":-2146233029,"Source":"System.Private.CoreLib","WatsonBuckets":null},"HelpURL":null,"StackTraceString":null,"RemoteStackTraceString":null,"RemoteStackIndex":0,"ExceptionMethod":null,"HResult":-2146233083,"Source":null,"WatsonBuckets":null},"HelpURL":null,"StackTraceString":"   at System.Net.Http.HttpClient.HandleFailure(Exception e, Boolean telemetryStarted, HttpResponseMessage response, CancellationTokenSource cts, CancellationToken cancellationToken, CancellationTokenSource pendingRequestsCts)\n   at System.Net.Http.HttpClient.<SendAsync>g__Core|83_0(HttpRequestMessage request, HttpCompletionOption completionOption, CancellationTokenSource cts, Boolean disposeCts, CancellationTokenSource pendingRequestsCts, CancellationToken originalCancellationToken)\n   at Program.Main() in /home/runner/work/GHBTracker/GHBTracker/Program.cs:line 22","RemoteStackTraceString":null,"RemoteStackIndex":0,"ExceptionMethod":null,"HResult":-2146233029,"Source":"System.Net.Http","WatsonBuckets":null}
08/25/2026 11:49:12 The request was canceled due to the configured HttpClient.Timeout of 100 seconds elapsing.
{"ClassName":"System.Threading.Tasks.TaskCanceledException","Message":"The request was canceled due to the configured HttpClient.Timeout of 100 seconds elapsing.","Data":null,"InnerException":{"ClassName":"System.TimeoutException","Message":"A task was canceled.","Data":null,"InnerException":{"ClassName":"System.Threading.Tasks.TaskCanceledException","Message":"A task was canceled.","Data":null,"InnerException":null,"HelpURL":null,"StackTraceString":"   at System.Threading.Tasks.TaskCompletionSourceWithCancellation`1.WaitWithCancellationAsync(CancellationToken cancellationToken)\n   at System.Net.Http.HttpConnectionPool.SendWithVersionDetectionAndRetryAsync(HttpRequestMessage request, Boolean async, Boolean doRequestAuth, CancellationToken cancellationToken)\n   at System.Net.Http.RedirectHandler.SendAsync(HttpRequestMessage request, Boolean async, CancellationToken cancellationToken)\n   at System.Net.Http.HttpClient.<SendAsync>g__Core|83_0(HttpRequestMessage request, HttpCompletionOption completionOption, CancellationTokenSource cts, Boolean disposeCts, CancellationTokenSource pendingRequestsCts, CancellationToken originalCancellationToken)","RemoteStackTraceString":null,"RemoteStackIndex":0,"ExceptionMethod":null,"HResult":-2146233029,"Source":"System.Private.CoreLib","WatsonBuckets":null},"HelpURL":null,"StackTraceString":null,"RemoteStackTraceString":null,"RemoteStackIndex":0,"ExceptionMethod":null,"HResult":-2146233083,"Source":null,"WatsonBuckets":null},"HelpURL":null,"StackTraceString":"   at System.Net.Http.HttpClient.HandleFailure(Exception e, Boolean telemetryStarted, HttpResponseMessage response, CancellationTokenSource cts, CancellationToken cancellationToken, CancellationTokenSource pendingRequestsCts)\n   at System.Net.Http.HttpClient.<SendAsync>g__Core|83_0(HttpRequestMessage request, HttpCompletionOption completionOption, CancellationTokenSource cts, Boolean disposeCts, CancellationTokenSource pendingRequestsCts, CancellationToken originalCancellationToken)\n   at Program.Main() in /home/runner/work/GHBTracker/GHBTracker/Program.cs:line 22","RemoteStackTraceString":null,"RemoteStackIndex":0,"ExceptionMethod":null,"HResult":-2146233029,"Source":"System.Net.Http","WatsonBuckets":null}
08/25/2026 23:43:48 The request was canceled due to the configured HttpClient.Timeout of 100 seconds elapsing.
{"ClassName":"System.Threading.Tasks.TaskCanceledException","Message":"The request was canceled due to the configured HttpClient.Timeout of 100 seconds elapsing.","Data":null,"InnerException":{"ClassName":"System.TimeoutException","Message":"A task was canceled.","Data":null,"InnerException":{"ClassName":"System.Threading.Tasks.TaskCanceledException","Message":"A task was canceled.","Data":null,"InnerException":null,"HelpURL":null,"StackTraceString":"   at System.Threading.Tasks.TaskCompletionSourceWithCancellation`1.WaitWithCancellationAsync(CancellationToken cancellationToken)\n   at System.Net.Http.HttpConnectionPool.SendWithVersionDetectionAndRetryAsync(HttpRequestMessage request, Boolean async, Boolean doRequestAuth, CancellationToken cancellationToken)\n   at System.Net.Http.RedirectHandler.SendAsync(HttpRequestMessage request, Boolean async, CancellationToken cancellationToken)\n   at System.Net.Http.HttpClient.<SendAsync>g__Core|83_0(HttpRequestMessage request, HttpCompletionOption completionOption, CancellationTokenSource cts, Boolean disposeCts, CancellationTokenSource pendingRequestsCts, CancellationToken originalCancellationToken)","RemoteStackTraceString":null,"RemoteStackIndex":0,"ExceptionMethod":null,"HResult":-2146233029,"Source":"System.Private.CoreLib","WatsonBuckets":null},"HelpURL":null,"StackTraceString":null,"RemoteStackTraceString":null,"RemoteStackIndex":0,"ExceptionMethod":null,"HResult":-2146233083,"Source":null,"WatsonBuckets":null},"HelpURL":null,"StackTraceString":"   at System.Net.Http.HttpClient.HandleFailure(Exception e, Boolean telemetryStarted, HttpResponseMessage response, CancellationTokenSource cts, CancellationToken cancellationToken, CancellationTokenSource pendingRequestsCts)\n   at System.Net.Http.HttpClient.<SendAsync>g__Core|83_0(HttpRequestMessage request, HttpCompletionOption completionOption, CancellationTokenSource cts, Boolean disposeCts, CancellationTokenSource pendingRequestsCts, CancellationToken originalCancellationToken)\n   at Program.Main() in /home/runner/work/GHBTracker/GHBTracker/Program.cs:line 22","RemoteStackTraceString":null,"RemoteStackIndex":0,"ExceptionMethod":null,"HResult":-2146233029,"Source":"System.Net.Http","WatsonBuckets":null}
08/26/2026 13:30:41 The request was canceled due to the configured HttpClient.Timeout of 100 seconds elapsing.
{"ClassName":"System.Threading.Tasks.TaskCanceledException","Message":"The request was canceled due to the configured HttpClient.Timeout of 100 seconds elapsing.","Data":null,"InnerException":{"ClassName":"System.TimeoutException","Message":"A task was canceled.","Data":null,"InnerException":{"ClassName":"System.Threading.Tasks.TaskCanceledException","Message":"A task was canceled.","Data":null,"InnerException":null,"HelpURL":null,"StackTraceString":"   at System.Threading.Tasks.TaskCompletionSourceWithCancellation`1.WaitWithCancellationAsync(CancellationToken cancellationToken)\n   at System.Net.Http.HttpConnectionPool.SendWithVersionDetectionAndRetryAsync(HttpRequestMessage request, Boolean async, Boolean doRequestAuth, CancellationToken cancellationToken)\n   at System.Net.Http.RedirectHandler.SendAsync(HttpRequestMessage request, Boolean async, CancellationToken cancellationToken)\n   at System.Net.Http.HttpClient.<SendAsync>g__Core|83_0(HttpRequestMessage request, HttpCompletionOption completionOption, CancellationTokenSource cts, Boolean disposeCts, CancellationTokenSource pendingRequestsCts, CancellationToken originalCancellationToken)","RemoteStackTraceString":null,"RemoteStackIndex":0,"ExceptionMethod":null,"HResult":-2146233029,"Source":"System.Private.CoreLib","WatsonBuckets":null},"HelpURL":null,"StackTraceString":null,"RemoteStackTraceString":null,"RemoteStackIndex":0,"ExceptionMethod":null,"HResult":-2146233083,"Source":null,"WatsonBuckets":null},"HelpURL":null,"StackTraceString":"   at System.Net.Http.HttpClient.HandleFailure(Exception e, Boolean telemetryStarted, HttpResponseMessage response, CancellationTokenSource cts, CancellationToken cancellationToken, CancellationTokenSource pendingRequestsCts)\n   at System.Net.Http.HttpClient.<SendAsync>g__Core|83_0(HttpRequestMessage request, HttpCompletionOption completionOption, CancellationTokenSource cts, Boolean disposeCts, CancellationTokenSource pendingRequestsCts, CancellationToken originalCancellationToken)\n   at Program.Main() in /home/runner/work/GHBTracker/GHBTracker/Program.cs:line 22","RemoteStackTraceString":null,"RemoteStackIndex":0,"ExceptionMethod":null,"HResult":-2146233029,"Source":"System.Net.Http","WatsonBuckets":null}
08/26/2026 16:49:46 The request was canceled due to the configured HttpClient.Timeout of 100 seconds elapsing.
{"ClassName":"System.Threading.Tasks.TaskCanceledException","Message":"The request was canceled due to the configured HttpClient.Timeout of 100 seconds elapsing.","Data":null,"InnerException":{"ClassName":"System.TimeoutException","Message":"A task was canceled.","Data":null,"InnerException":{"ClassName":"System.Threading.Tasks.TaskCanceledException","Message":"A task was canceled.","Data":null,"InnerException":null,"HelpURL":null,"StackTraceString":"   at System.Threading.Tasks.TaskCompletionSourceWithCancellation`1.WaitWithCancellationAsync(CancellationToken cancellationToken)\n   at System.Net.Http.HttpConnectionPool.SendWithVersionDetectionAndRetryAsync(HttpRequestMessage request, Boolean async, Boolean doRequestAuth, CancellationToken cancellationToken)\n   at System.Net.Http.RedirectHandler.SendAsync(HttpRequestMessage request, Boolean async, CancellationToken cancellationToken)\n   at System.Net.Http.HttpClient.<SendAsync>g__Core|83_0(HttpRequestMessage request, HttpCompletionOption completionOption, CancellationTokenSource cts, Boolean disposeCts, CancellationTokenSource pendingRequestsCts, CancellationToken originalCancellationToken)","RemoteStackTraceString":null,"RemoteStackIndex":0,"ExceptionMethod":null,"HResult":-2146233029,"Source":"System.Private.CoreLib","WatsonBuckets":null},"HelpURL":null,"StackTraceString":null,"RemoteStackTraceString":null,"RemoteStackIndex":0,"ExceptionMethod":null,"HResult":-2146233083,"Source":null,"WatsonBuckets":null},"HelpURL":null,"StackTraceString":"   at System.Net.Http.HttpClient.HandleFailure(Exception e, Boolean telemetryStarted, HttpResponseMessage response, CancellationTokenSource cts, CancellationToken cancellationToken, CancellationTokenSource pendingRequestsCts)\n   at System.Net.Http.HttpClient.<SendAsync>g__Core|83_0(HttpRequestMessage request, HttpCompletionOption completionOption, CancellationTokenSource cts, Boolean disposeCts, CancellationTokenSource pendingRequestsCts, CancellationToken originalCancellationToken)\n   at Program.Main() in /home/runner/work/GHBTracker/GHBTracker/Program.cs:line 22","RemoteStackTraceString":null,"RemoteStackIndex":0,"ExceptionMethod":null,"HResult":-2146233029,"Source":"System.Net.Http","WatsonBuckets":null}
08/29/2026 19:50:11 The request was canceled due to the configured HttpClient.Timeout of 100 seconds elapsing.
{"ClassName":"System.Threading.Tasks.TaskCanceledException","Message":"The request was canceled due to the configured HttpClient.Timeout of 100 seconds elapsing.","Data":null,"InnerException":{"ClassName":"System.TimeoutException","Message":"A task was canceled.","Data":null,"InnerException":{"ClassName":"System.Threading.Tasks.TaskCanceledException","Message":"A task was canceled.","Data":null,"InnerException":null,"HelpURL":null,"StackTraceString":"   at System.Threading.Tasks.TaskCompletionSourceWithCancellation`1.WaitWithCancellationAsync(CancellationToken cancellationToken)\n   at System.Net.Http.HttpConnectionPool.SendWithVersionDetectionAndRetryAsync(HttpRequestMessage request, Boolean async, Boolean doRequestAuth, CancellationToken cancellationToken)\n   at System.Net.Http.RedirectHandler.SendAsync(HttpRequestMessage request, Boolean async, CancellationToken cancellationToken)\n   at System.Net.Http.HttpClient.<SendAsync>g__Core|83_0(HttpRequestMessage request, HttpCompletionOption completionOption, CancellationTokenSource cts, Boolean disposeCts, CancellationTokenSource pendingRequestsCts, CancellationToken originalCancellationToken)","RemoteStackTraceString":null,"RemoteStackIndex":0,"ExceptionMethod":null,"HResult":-2146233029,"Source":"System.Private.CoreLib","WatsonBuckets":null},"HelpURL":null,"StackTraceString":null,"RemoteStackTraceString":null,"RemoteStackIndex":0,"ExceptionMethod":null,"HResult":-2146233083,"Source":null,"WatsonBuckets":null},"HelpURL":null,"StackTraceString":"   at System.Net.Http.HttpClient.HandleFailure(Exception e, Boolean telemetryStarted, HttpResponseMessage response, CancellationTokenSource cts, CancellationToken cancellationToken, CancellationTokenSource pendingRequestsCts)\n   at System.Net.Http.HttpClient.<SendAsync>g__Core|83_0(HttpRequestMessage request, HttpCompletionOption completionOption, CancellationTokenSource cts, Boolean disposeCts, CancellationTokenSource pendingRequestsCts, CancellationToken originalCancellationToken)\n   at Program.Main() in /home/runner/work/GHBTracker/GHBTracker/Program.cs:line 22","RemoteStackTraceString":null,"RemoteStackIndex":0,"ExceptionMethod":null,"HResult":-2146233029,"Source":"System.Net.Http","WatsonBuckets":null}
09/02/2026 21:02:14 The request was canceled due to the configured HttpClient.Timeout of 100 seconds elapsing.
{"ClassName":"System.Threading.Tasks.TaskCanceledException","Message":"The request was canceled due to the configured HttpClient.Timeout of 100 seconds elapsing.","Data":null,"InnerException":{"ClassName":"System.TimeoutException","Message":"A task was canceled.","Data":null,"InnerException":{"ClassName":"System.Threading.Tasks.TaskCanceledException","Message":"A task was canceled.","Data":null,"InnerException":null,"HelpURL":null,"StackTraceString":"   at System.Threading.Tasks.TaskCompletionSourceWithCancellation`1.WaitWithCancellationAsync(CancellationToken cancellationToken)\n   at System.Net.Http.HttpConnectionPool.SendWithVersionDetectionAndRetryAsync(HttpRequestMessage request, Boolean async, Boolean doRequestAuth, CancellationToken cancellationToken)\n   at System.Net.Http.RedirectHandler.SendAsync(HttpRequestMessage request, Boolean async, CancellationToken cancellationToken)\n   at System.Net.Http.HttpClient.<SendAsync>g__Core|83_0(HttpRequestMessage request, HttpCompletionOption completionOption, CancellationTokenSource cts, Boolean disposeCts, CancellationTokenSource pendingRequestsCts, CancellationToken originalCancellationToken)","RemoteStackTraceString":null,"RemoteStackIndex":0,"ExceptionMethod":null,"HResult":-2146233029,"Source":"System.Private.CoreLib","WatsonBuckets":null},"HelpURL":null,"StackTraceString":null,"RemoteStackTraceString":null,"RemoteStackIndex":0,"ExceptionMethod":null,"HResult":-2146233083,"Source":null,"WatsonBuckets":null},"HelpURL":null,"StackTraceString":"   at System.Net.Http.HttpClient.HandleFailure(Exception e, Boolean telemetryStarted, HttpResponseMessage response, CancellationTokenSource cts, CancellationToken cancellationToken, CancellationTokenSource pendingRequestsCts)\n   at System.Net.Http.HttpClient.<SendAsync>g__Core|83_0(HttpRequestMessage request, HttpCompletionOption completionOption, CancellationTokenSource cts, Boolean disposeCts, CancellationTokenSource pendingRequestsCts, CancellationToken originalCancellationToken)\n   at Program.Main() in /home/runner/work/GHBTracker/GHBTracker/Program.cs:line 22","RemoteStackTraceString":null,"RemoteStackIndex":0,"ExceptionMethod":null,"HResult":-2146233029,"Source":"System.Net.Http","WatsonBuckets":null}
09/07/2026 09:39:57 The request was canceled due to the configured HttpClient.Timeout of 100 seconds elapsing.
{"ClassName":"System.Threading.Tasks.TaskCanceledException","Message":"The request was canceled due to the configured HttpClient.Timeout of 100 seconds elapsing.","Data":null,"InnerException":{"ClassName":"System.TimeoutException","Message":"A task was canceled.","Data":null,"InnerException":{"ClassName":"System.Threading.Tasks.TaskCanceledException","Message":"A task was canceled.","Data":null,"InnerException":null,"HelpURL":null,"StackTraceString":"   at System.Threading.Tasks.TaskCompletionSourceWithCancellation`1.WaitWithCancellationAsync(CancellationToken cancellationToken)\n   at System.Net.Http.HttpConnectionPool.SendWithVersionDetectionAndRetryAsync(HttpRequestMessage request, Boolean async, Boolean doRequestAuth, CancellationToken cancellationToken)\n   at System.Net.Http.RedirectHandler.SendAsync(HttpRequestMessage request, Boolean async, CancellationToken cancellationToken)\n   at System.Net.Http.HttpClient.<SendAsync>g__Core|83_0(HttpRequestMessage request, HttpCompletionOption completionOption, CancellationTokenSource cts, Boolean disposeCts, CancellationTokenSource pendingRequestsCts, CancellationToken originalCancellationToken)","RemoteStackTraceString":null,"RemoteStackIndex":0,"ExceptionMethod":null,"HResult":-2146233029,"Source":"System.Private.CoreLib","WatsonBuckets":null},"HelpURL":null,"StackTraceString":null,"RemoteStackTraceString":null,"RemoteStackIndex":0,"ExceptionMethod":null,"HResult":-2146233083,"Source":null,"WatsonBuckets":null},"HelpURL":null,"StackTraceString":"   at System.Net.Http.HttpClient.HandleFailure(Exception e, Boolean telemetryStarted, HttpResponseMessage response, CancellationTokenSource cts, CancellationToken cancellationToken, CancellationTokenSource pendingRequestsCts)\n   at System.Net.Http.HttpClient.<SendAsync>g__Core|83_0(HttpRequestMessage request, HttpCompletionOption completionOption, CancellationTokenSource cts, Boolean disposeCts, CancellationTokenSource pendingRequestsCts, CancellationToken originalCancellationToken)\n   at Program.Main() in /home/runner/work/GHBTracker/GHBTracker/Program.cs:line 22","RemoteStackTraceString":null,"RemoteStackIndex":0,"ExceptionMethod":null,"HResult":-2146233029,"Source":"System.Net.Http","WatsonBuckets":null}
